Archive member included because of file (symbol)

/OPT/altera/12.1/nios2eds/bin/gnu/H-i686-pc-linux-gnu/bin/../lib/gcc/nios2-elf/4.1.2/libgcc.a(lib2-divmod.o)
                              obj/default/srec_flash.o (__divsi3)
/OPT/altera/12.1/nios2eds/bin/gnu/H-i686-pc-linux-gnu/bin/../lib/gcc/nios2-elf/4.1.2/../../../../nios2-elf/lib/libc.a(lib_a-atoi.o)
                              obj/default/http.o (atoi)
/OPT/altera/12.1/nios2eds/bin/gnu/H-i686-pc-linux-gnu/bin/../lib/gcc/nios2-elf/4.1.2/../../../../nios2-elf/lib/libc.a(lib_a-ctype_.o)
                              obj/default/http.o (__ctype_ptr)
/OPT/altera/12.1/nios2eds/bin/gnu/H-i686-pc-linux-gnu/bin/../lib/gcc/nios2-elf/4.1.2/../../../../nios2-elf/lib/libc.a(lib_a-exit.o)
                              obj/default/http.o (exit)
/OPT/altera/12.1/nios2eds/bin/gnu/H-i686-pc-linux-gnu/bin/../lib/gcc/nios2-elf/4.1.2/../../../../nios2-elf/lib/libc.a(lib_a-fclose.o)
                              obj/default/http.o (fclose)
/OPT/altera/12.1/nios2eds/bin/gnu/H-i686-pc-linux-gnu/bin/../lib/gcc/nios2-elf/4.1.2/../../../../nios2-elf/lib/libc.a(lib_a-fflush.o)
                              /OPT/altera/12.1/nios2eds/bin/gnu/H-i686-pc-linux-gnu/bin/../lib/gcc/nios2-elf/4.1.2/../../../../nios2-elf/lib/libc.a(lib_a-fclose.o) (_fflush_r)
/OPT/altera/12.1/nios2eds/bin/gnu/H-i686-pc-linux-gnu/bin/../lib/gcc/nios2-elf/4.1.2/../../../../nios2-elf/lib/libc.a(lib_a-fgetpos.o)
                              obj/default/http.o (fgetpos)
/OPT/altera/12.1/nios2eds/bin/gnu/H-i686-pc-linux-gnu/bin/../lib/gcc/nios2-elf/4.1.2/../../../../nios2-elf/lib/libc.a(lib_a-findfp.o)
                              /OPT/altera/12.1/nios2eds/bin/gnu/H-i686-pc-linux-gnu/bin/../lib/gcc/nios2-elf/4.1.2/../../../../nios2-elf/lib/libc.a(lib_a-fclose.o) (__sfp_lock_acquire)
/OPT/altera/12.1/nios2eds/bin/gnu/H-i686-pc-linux-gnu/bin/../lib/gcc/nios2-elf/4.1.2/../../../../nios2-elf/lib/libc.a(lib_a-fopen.o)
                              obj/default/http.o (fopen)
/OPT/altera/12.1/nios2eds/bin/gnu/H-i686-pc-linux-gnu/bin/../lib/gcc/nios2-elf/4.1.2/../../../../nios2-elf/lib/libc.a(lib_a-fprintf.o)
                              obj/default/alt_error_handler.o (fprintf)
/OPT/altera/12.1/nios2eds/bin/gnu/H-i686-pc-linux-gnu/bin/../lib/gcc/nios2-elf/4.1.2/../../../../nios2-elf/lib/libc.a(lib_a-fread.o)
                              obj/default/http.o (fread)
/OPT/altera/12.1/nios2eds/bin/gnu/H-i686-pc-linux-gnu/bin/../lib/gcc/nios2-elf/4.1.2/../../../../nios2-elf/lib/libc.a(lib_a-freer.o)
                              /OPT/altera/12.1/nios2eds/bin/gnu/H-i686-pc-linux-gnu/bin/../lib/gcc/nios2-elf/4.1.2/../../../../nios2-elf/lib/libc.a(lib_a-fclose.o) (_free_r)
/OPT/altera/12.1/nios2eds/bin/gnu/H-i686-pc-linux-gnu/bin/../lib/gcc/nios2-elf/4.1.2/../../../../nios2-elf/lib/libc.a(lib_a-fseek.o)
                              /OPT/altera/12.1/nios2eds/bin/gnu/H-i686-pc-linux-gnu/bin/../lib/gcc/nios2-elf/4.1.2/../../../../nios2-elf/lib/libc.a(lib_a-fopen.o) (_fseek_r)
/OPT/altera/12.1/nios2eds/bin/gnu/H-i686-pc-linux-gnu/bin/../lib/gcc/nios2-elf/4.1.2/../../../../nios2-elf/lib/libc.a(lib_a-fstatr.o)
                              /OPT/altera/12.1/nios2eds/bin/gnu/H-i686-pc-linux-gnu/bin/../lib/gcc/nios2-elf/4.1.2/../../../../nios2-elf/lib/libc.a(lib_a-fseek.o) (_fstat_r)
/OPT/altera/12.1/nios2eds/bin/gnu/H-i686-pc-linux-gnu/bin/../lib/gcc/nios2-elf/4.1.2/../../../../nios2-elf/lib/libc.a(lib_a-ftell.o)
                              /OPT/altera/12.1/nios2eds/bin/gnu/H-i686-pc-linux-gnu/bin/../lib/gcc/nios2-elf/4.1.2/../../../../nios2-elf/lib/libc.a(lib_a-fgetpos.o) (_ftell_r)
/OPT/altera/12.1/nios2eds/bin/gnu/H-i686-pc-linux-gnu/bin/../lib/gcc/nios2-elf/4.1.2/../../../../nios2-elf/lib/libc.a(lib_a-fwalk.o)
                              /OPT/altera/12.1/nios2eds/bin/gnu/H-i686-pc-linux-gnu/bin/../lib/gcc/nios2-elf/4.1.2/../../../../nios2-elf/lib/libc.a(lib_a-fflush.o) (_fwalk_reent)
/OPT/altera/12.1/nios2eds/bin/gnu/H-i686-pc-linux-gnu/bin/../lib/gcc/nios2-elf/4.1.2/../../../../nios2-elf/lib/libc.a(lib_a-fwrite.o)
                              obj/default/alt_error_handler.o (fwrite)
/OPT/altera/12.1/nios2eds/bin/gnu/H-i686-pc-linux-gnu/bin/../lib/gcc/nios2-elf/4.1.2/../../../../nios2-elf/lib/libc.a(lib_a-getc.o)
                              obj/default/network_utilities.o (getc)
/OPT/altera/12.1/nios2eds/bin/gnu/H-i686-pc-linux-gnu/bin/../lib/gcc/nios2-elf/4.1.2/../../../../nios2-elf/lib/libc.a(lib_a-impure.o)
                              obj/default/alt_error_handler.o (_impure_ptr)
/OPT/altera/12.1/nios2eds/bin/gnu/H-i686-pc-linux-gnu/bin/../lib/gcc/nios2-elf/4.1.2/../../../../nios2-elf/lib/libc.a(lib_a-int_errno.o)
                              /OPT/altera/12.1/nios2eds/bin/gnu/H-i686-pc-linux-gnu/bin/../lib/gcc/nios2-elf/4.1.2/../../../../nios2-elf/lib/libc.a(lib_a-fstatr.o) (errno)
[...]
Memory Configuration

Name             Origin             Length             Attributes
sdram            0x00800000         0x00800000
tristate_controller 0x01400000         0x00400000
sram             0x01880000         0x00080000
reset            0x01904000         0x00000020
onchip_memory2   0x01904020         0x00003fe0
*default*        0x00000000         0xffffffff

Linker script and memory map

LOAD ../Capstone-FIT_bsp//obj/HAL/src/crt0.o
LOAD obj/default/alt_error_handler.o
LOAD obj/default/dm9000a.o
LOAD obj/default/http.o
LOAD obj/default/network_utilities.o
LOAD obj/default/srec_flash.o
LOAD obj/default/web_server.o
LOAD /OPT/altera/12.1/nios2eds/bin/gnu/H-i686-pc-linux-gnu/bin/../lib/gcc/nios2-elf/4.1.2/../../../../nios2-elf/lib/libstdc++.a
LOAD /OPT/altera/12.1/nios2eds/bin/gnu/H-i686-pc-linux-gnu/bin/../lib/gcc/nios2-elf/4.1.2/../../../../nios2-elf/lib/libm.a
LOAD /OPT/altera/12.1/nios2eds/bin/gnu/H-i686-pc-linux-gnu/bin/../lib/gcc/nios2-elf/4.1.2/libgcc.a
START GROUP
LOAD /OPT/altera/12.1/nios2eds/bin/gnu/H-i686-pc-linux-gnu/bin/../lib/gcc/nios2-elf/4.1.2/../../../../nios2-elf/lib/libc.a
LOAD /OPT/altera/12.1/nios2eds/bin/gnu/H-i686-pc-linux-gnu/bin/../lib/gcc/nios2-elf/4.1.2/libgcc.a
LOAD ../Capstone-FIT_bsp//libucosii_bsp.a
END GROUP
LOAD /OPT/altera/12.1/nios2eds/bin/gnu/H-i686-pc-linux-gnu/bin/../lib/gcc/nios2-elf/4.1.2/libgcc.a
                0x00800000                __alt_mem_sdram = 0x800000
                0x01400000                __alt_mem_tristate_controller = 0x1400000
                0x01880000                __alt_mem_sram = 0x1880000
                0x01904000                __alt_mem_onchip_memory2 = 0x1904000

.entry          0x01904000       0x20
 *(.entry)
 .entry         0x01904000       0x20 ../Capstone-FIT_bsp//obj/HAL/src/crt0.o
                0x01904000                __reset

.exceptions     0x01904020      0x1a0 load address 0x00800000
                0x01904020                PROVIDE (__ram_exceptions_start, ABSOLUTE (.))
                0x01904020                . = ALIGN (0x20)
 *(.irq)
 *(.exceptions.entry.label)
 .exceptions.entry.label
                0x01904020        0x0 ../Capstone-FIT_bsp//libucosii_bsp.a(alt_irq_entry.o)
                0x01904020                alt_irq_entry
 .exceptions.entry.label
                0x01904020        0x0 ../Capstone-FIT_bsp//libucosii_bsp.a(alt_exception_entry.o)
                0x01904020                alt_exception
 *(.exceptions.entry.user)
 *(.exceptions.entry)
 .exceptions.entry
                0x01904020       0x54 ../Capstone-FIT_bsp//libucosii_bsp.a(alt_exception_entry.o)
 *(.exceptions.irqtest.user)
 *(.exceptions.irqtest)
 .exceptions.irqtest
                0x01904074       0x10 ../Capstone-FIT_bsp//libucosii_bsp.a(alt_irq_entry.o)
 *(.exceptions.irqhandler.user)
 *(.exceptions.irqhandler)
 .exceptions.irqhandler
                0x01904084        0x4 ../Capstone-FIT_bsp//libucosii_bsp.a(alt_irq_entry.o)
 *(.exceptions.irqreturn.user)
 *(.exceptions.irqreturn)
 .exceptions.irqreturn
                0x01904088        0x4 ../Capstone-FIT_bsp//libucosii_bsp.a(alt_irq_entry.o)
 *(.exceptions.notirq.label)
 .exceptions.notirq.label
                0x0190408c        0x0 ../Capstone-FIT_bsp//libucosii_bsp.a(alt_irq_entry.o)
 *(.exceptions.notirq.user)
 *(.exceptions.notirq)
 .exceptions.notirq
                0x0190408c        0x8 ../Capstone-FIT_bsp//libucosii_bsp.a(alt_exception_entry.o)
 *(.exceptions.soft.user)
 *(.exceptions.soft)
 *(.exceptions.unknown.user)
 *(.exceptions.unknown)
 .exceptions.unknown
                0x01904094        0x4 ../Capstone-FIT_bsp//libucosii_bsp.a(alt_exception_entry.o)
 *(.exceptions.exit.label)
 .exceptions.exit.label
                0x01904098        0x0 ../Capstone-FIT_bsp//libucosii_bsp.a(alt_irq_entry.o)
 .exceptions.exit.label
                0x01904098        0x0 ../Capstone-FIT_bsp//libucosii_bsp.a(alt_exception_entry.o)
 *(.exceptions.exit.user)
 *(.exceptions.exit)
 .exceptions.exit
                0x01904098       0x54 ../Capstone-FIT_bsp//libucosii_bsp.a(alt_exception_entry.o)
 *(.exceptions)
 .exceptions    0x019040ec       0xd4 ../Capstone-FIT_bsp//libucosii_bsp.a(alt_irq_handler.o)
                0x019040ec                alt_irq_handler
                0x019041c0                PROVIDE (__ram_exceptions_end, ABSOLUTE (.))
                0x00800000                PROVIDE (__flash_exceptions_start, LOADADDR (.exceptions))

.text           0x008001a0    0x4aaf8
                0x008001a0                PROVIDE (stext, ABSOLUTE (.))
 *(.interp)
 *(.hash)
 *(.dynsym)
 *(.dynstr)
 *(.gnu.version)
 *(.gnu.version_d)
 *(.gnu.version_r)
 *(.rel.init)
 *(.rela.init)
 *(.rel.text .rel.text.* .rel.gnu.linkonce.t.*)
 *(.rela.text .rela.text.* .rela.gnu.linkonce.t.*)
 *(.rel.fini)
 *(.rela.fini)
 *(.rel.rodata .rel.rodata.* .rel.gnu.linkonce.r.*)
 *(.rela.rodata .rela.rodata.* .rela.gnu.linkonce.r.*)
 *(.rel.data .rel.data.* .rel.gnu.linkonce.d.*)
 *(.rela.data .rela.data.* .rela.gnu.linkonce.d.*)
 *(.rel.tdata .rel.tdata.* .rel.gnu.linkonce.td.*)
 *(.rela.tdata .rela.tdata.* .rela.gnu.linkonce.td.*)
 *(.rel.tbss .rel.tbss.* .rel.gnu.linkonce.tb.*)
 *(.rela.tbss .rela.tbss.* .rela.gnu.linkonce.tb.*)
 *(.rel.ctors)
 *(.rela.ctors)
 *(.rel.dtors)
 *(.rela.dtors)
 *(.rel.got)
 *(.rela.got)
 *(.rel.sdata .rel.sdata.* .rel.gnu.linkonce.s.*)
 *(.rela.sdata .rela.sdata.* .rela.gnu.linkonce.s.*)
 *(.rel.sbss .rel.sbss.* .rel.gnu.linkonce.sb.*)
 *(.rela.sbss .rela.sbss.* .rela.gnu.linkonce.sb.*)
 *(.rel.sdata2 .rel.sdata2.* .rel.gnu.linkonce.s2.*)
 *(.rela.sdata2 .rela.sdata2.* .rela.gnu.linkonce.s2.*)
 *(.rel.sbss2 .rel.sbss2.* .rel.gnu.linkonce.sb2.*)
 *(.rela.sbss2 .rela.sbss2.* .rela.gnu.linkonce.sb2.*)
 *(.rel.bss .rel.bss.* .rel.gnu.linkonce.b.*)
 *(.rela.bss .rela.bss.* .rela.gnu.linkonce.b.*)
 *(.rel.plt)
 *(.rela.plt)
 *(.rel.dyn)
 *(.init)
 *(.plt)
 *(.text .stub .text.* .gnu.linkonce.t.*)
 .text          0x008001a0       0x4c ../Capstone-FIT_bsp//obj/HAL/src/crt0.o
                0x008001a0                _start
 .text          0x008001ec      0x624 obj/default/alt_error_handler.o
                0x008001ec                alt_uCOSIIErrorHandler
 .text          0x00800810      0xdf4 obj/default/dm9000a.o
                0x00800810                dm9000a_iow
                0x00800864                dm9000a_ior
                0x008008b0                phy_write
                0x0080094c                dm9000a_reset
                0x00800b10                TransmitPacket
                0x00800c2c                prep_dm9000a
                0x00800df0                dm9000a_init
                0x00801240                dm9Ka_isr_wrap
                0x00801280                dm9ka_init
                0x0080137c                dm9ka_close
                0x0080148c                dm9ka_stats
                0x008014e8                dm9ka_pkt_send
 .text          0x00801604     0x25f4 obj/default/http.o
                0x00801604                print
                0x00801634                sweep
                0x0080171c                http_cleanup_lcd_text
                0x008017a0                lcd_output
                0x00801868                http_parse_multipart_header
                0x00801ab8                file_upload
                0x00801d1c                ProgFlashStub
                0x00801d6c                http_reset_connection
                0x00801e5c                http_manage_connection
                0x00802008                http_handle_accept
                0x00802130                http_read_line
                0x008021e0                http_parse_type_boundary
                0x008022cc                http_process_headers
                0x00802500                http_process_request
                0x008027f4                http_send_file_chunk
                0x008029a0                http_send_file_header
                0x008030e0                http_find_file
                0x0080335c                http_send_redirect
                0x00803390                http_handle_post
                0x00803688                http_prepare_response
                0x008036fc                http_handle_receive
                0x00803ab8                http_handle_transmit
                0x00803b18                WSTask
 .text          0x00803bf8      0x8b0 obj/default/network_utilities.o
                0x00803bf8                die_with_error
                0x00803c28                get_serial_number
                0x00803e04                generate_and_store_mac_addr
                0x00803fcc                generate_mac_addr
                0x0080410c                get_board_mac_addr
                0x008042a0                get_mac_addr
                0x008042f8                get_ip_addr
                0x00804364                FindLastFlashSectorOffset
 .text          0x008044a8      0x820 obj/default/srec_flash.o
                0x008044a8                ProgFlash
                0x0080474c                ParseAndProgramLine
                0x00804a08                ParseSRECBuf
 .text          0x00804cc8      0x5e4 obj/default/web_server.o
                0x00804cc8                lcd_ip_addr
                0x00804e84                WSInitialTask
                0x00804f00                main
                0x00805100                lcd_output_text
                0x0080517c                board_control_task
                0x00805220                LED_task
 .text          0x008052ac      0x14c /OPT/altera/12.1/nios2eds/bin/gnu/H-i686-pc-linux-gnu/bin/../lib/gcc/nios2-elf/4.1.2/libgcc.a(lib2-divmod.o)
                0x00805328                __divsi3
                0x00805388                __modsi3
                0x008053e8                __udivsi3
                0x008053f0                __umodsi3
 .text          0x008053f8       0x18 /OPT/altera/12.1/nios2eds/bin/gnu/H-i686-pc-linux-gnu/bin/../lib/gcc/nios2-elf/4.1.2/../../../../nios2-elf/lib/libc.a(lib_a-atoi.o)
                0x008053f8                _atoi_r
                0x00805404                atoi
 .text          0x00805410        0x0 /OPT/altera/12.1/nios2eds/bin/gnu/H-i686-pc-linux-gnu/bin/../lib/gcc/nios2-elf/4.1.2/../../../../nios2-elf/lib/libc.a(lib_a-ctype_.o)
 .text          0x00805410       0x38 /OPT/altera/12.1/nios2eds/bin/gnu/H-i686-pc-linux-gnu/bin/../lib/gcc/nios2-elf/4.1.2/../../../../nios2-elf/lib/libc.a(lib_a-exit.o)
                0x00805410                exit
 .text          0x00805448      0x124 /OPT/altera/12.1/nios2eds/bin/gnu/H-i686-pc-linux-gnu/bin/../lib/gcc/nios2-elf/4.1.2/../../../../nios2-elf/lib/libc.a(lib_a-fclose.o)
                0x00805448                _fclose_r
                0x00805558                fclose
 .text          0x0080556c      0x230 /OPT/altera/12.1/nios2eds/bin/gnu/H-i686-pc-linux-gnu/bin/../lib/gcc/nios2-elf/4.1.2/../../../../nios2-elf/lib/libc.a(lib_a-fflush.o)
                0x0080556c                _fflush_r
                0x00805768                fflush
 .text          0x0080579c       0x48 /OPT/altera/12.1/nios2eds/bin/gnu/H-i686-pc-linux-gnu/bin/../lib/gcc/nios2-elf/4.1.2/../../../../nios2-elf/lib/libc.a(lib_a-fgetpos.o)
                0x0080579c                _fgetpos_r
                0x008057c8                fgetpos
 .text          0x008057e4      0x2c0 /OPT/altera/12.1/nios2eds/bin/gnu/H-i686-pc-linux-gnu/bin/../lib/gcc/nios2-elf/4.1.2/../../../../nios2-elf/lib/libc.a(lib_a-findfp.o)
                0x0080583c                __sfp_lock_acquire
                0x00805840                __sfp_lock_release
                0x00805844                __sinit_lock_acquire
                0x00805848                __sinit_lock_release
                0x0080584c                __sinit
                0x00805900                __fp_unlock_all
                0x00805918                __fp_lock_all
                0x00805930                _cleanup_r
                0x0080593c                _cleanup
                0x0080594c                __sfmoreglue
                0x008059b4                __sfp
 .text          0x00805aa4      0x110 /OPT/altera/12.1/nios2eds/bin/gnu/H-i686-pc-linux-gnu/bin/../lib/gcc/nios2-elf/4.1.2/../../../../nios2-elf/lib/libc.a(lib_a-fopen.o)
                0x00805aa4                _fopen_r
                0x00805b98                fopen
 .text          0x00805bb4       0x60 /OPT/altera/12.1/nios2eds/bin/gnu/H-i686-pc-linux-gnu/bin/../lib/gcc/nios2-elf/4.1.2/../../../../nios2-elf/lib/libc.a(lib_a-fprintf.o)
                0x00805bb4                fprintf
                0x00805be0                _fprintf_r
 .text          0x00805c14      0x23c /OPT/altera/12.1/nios2eds/bin/gnu/H-i686-pc-linux-gnu/bin/../lib/gcc/nios2-elf/4.1.2/../../../../nios2-elf/lib/libc.a(lib_a-fread.o)
                0x00805c14                _fread_r
                0x00805e10                fread
 .text          0x00805e50      0x440 /OPT/altera/12.1/nios2eds/bin/gnu/H-i686-pc-linux-gnu/bin/../lib/gcc/nios2-elf/4.1.2/../../../../nios2-elf/lib/libc.a(lib_a-freer.o)
                0x00805e50                _malloc_trim_r
                0x00805f7c                _free_r
 .text          0x00806290      0x460 /OPT/altera/12.1/nios2eds/bin/gnu/H-i686-pc-linux-gnu/bin/../lib/gcc/nios2-elf/4.1.2/../../../../nios2-elf/lib/libc.a(lib_a-fseek.o)
                0x00806290                _fseek_r
                0x008066cc                fseek
 .text          0x008066f0       0x74 /OPT/altera/12.1/nios2eds/bin/gnu/H-i686-pc-linux-gnu/bin/../lib/gcc/nios2-elf/4.1.2/../../../../nios2-elf/lib/libc.a(lib_a-fstatr.o)
                0x008066f0                _fstat_r
 .text          0x00806764      0x10c /OPT/altera/12.1/nios2eds/bin/gnu/H-i686-pc-linux-gnu/bin/../lib/gcc/nios2-elf/4.1.2/../../../../nios2-elf/lib/libc.a(lib_a-ftell.o)
                0x00806764                _ftell_r
                0x0080685c                ftell
 .text          0x00806870      0x180 /OPT/altera/12.1/nios2eds/bin/gnu/H-i686-pc-linux-gnu/bin/../lib/gcc/nios2-elf/4.1.2/../../../../nios2-elf/lib/libc.a(lib_a-fwalk.o)
                0x00806870                _fwalk_reent
                0x00806938                _fwalk
 .text          0x008069f0       0xdc /OPT/altera/12.1/nios2eds/bin/gnu/H-i686-pc-linux-gnu/bin/../lib/gcc/nios2-elf/4.1.2/../../../../nios2-elf/lib/libc.a(lib_a-fwrite.o)
                0x008069f0                _fwrite_r
                0x00806a8c                fwrite
 .text          0x00806acc      0x128 /OPT/altera/12.1/nios2eds/bin/gnu/H-i686-pc-linux-gnu/bin/../lib/gcc/nios2-elf/4.1.2/../../../../nios2-elf/lib/libc.a(lib_a-getc.o)
                0x00806acc                getc
                0x00806b64                _getc_r
 .text          0x00806bf4        0x0 /OPT/altera/12.1/nios2eds/bin/gnu/H-i686-pc-linux-gnu/bin/../lib/gcc/nios2-elf/4.1.2/../../../../nios2-elf/lib/libc.a(lib_a-impure.o)
 .text          0x00806bf4        0x0 /OPT/altera/12.1/nios2eds/bin/gnu/H-i686-pc-linux-gnu/bin/../lib/gcc/nios2-elf/4.1.2/../../../../nios2-elf/lib/libc.a(lib_a-int_errno.o)
 .text          0x00806bf4      0x194 /OPT/altera/12.1/nios2eds/bin/gnu/H-i686-pc-linux-gnu/bin/../lib/gcc/nios2-elf/4.1.2/../../../../nios2-elf/lib/libc.a(lib_a-makebuf.o)
                0x00806bf4                __smakebuf_r
 .text          0x00806d88      0x740 /OPT/altera/12.1/nios2eds/bin/gnu/H-i686-pc-linux-gnu/bin/../lib/gcc/nios2-elf/4.1.2/../../../../nios2-elf/lib/libc.a(lib_a-mallocr.o)
                0x00806d88                _malloc_r
 .text          0x008074c8       0xa0 /OPT/altera/12.1/nios2eds/bin/gnu/H-i686-pc-linux-gnu/bin/../lib/gcc/nios2-elf/4.1.2/../../../../nios2-elf/lib/libc.a(lib_a-memcpy.o)
                0x008074c8                memcpy
 .text          0x00807568       0xe0 /OPT/altera/12.1/nios2eds/bin/gnu/H-i686-pc-linux-gnu/bin/../lib/gcc/nios2-elf/4.1.2/../../../../nios2-elf/lib/libc.a(lib_a-memmove.o)
                0x00807568                memmove
 .text          0x00807648       0x98 /OPT/altera/12.1/nios2eds/bin/gnu/H-i686-pc-linux-gnu/bin/../lib/gcc/nios2-elf/4.1.2/../../../../nios2-elf/lib/libc.a(lib_a-memset.o)
                0x00807648                memset
 .text          0x008076e0       0x78 /OPT/altera/12.1/nios2eds/bin/gnu/H-i686-pc-linux-gnu/bin/../lib/gcc/nios2-elf/4.1.2/../../../../nios2-elf/lib/libc.a(lib_a-openr.o)
                0x008076e0                _open_r
 .text          0x00807758       0x80 /OPT/altera/12.1/nios2eds/bin/gnu/H-i686-pc-linux-gnu/bin/../lib/gcc/nios2-elf/4.1.2/../../../../nios2-elf/lib/libc.a(lib_a-perror.o)
                0x00807758                _perror_r
                0x008077c4                perror
 .text          0x008077d8       0x78 /OPT/altera/12.1/nios2eds/bin/gnu/H-i686-pc-linux-gnu/bin/../lib/gcc/nios2-elf/4.1.2/../../../../nios2-elf/lib/libc.a(lib_a-printf.o)
                0x008077d8                printf
                0x0080781c                _printf_r
 .text          0x00807850      0x1ec /OPT/altera/12.1/nios2eds/bin/gnu/H-i686-pc-linux-gnu/bin/../lib/gcc/nios2-elf/4.1.2/../../../../nios2-elf/lib/libc.a(lib_a-putc.o)
                0x00807850                putc
                0x00807954                _putc_r
 .text          0x00807a3c       0x24 /OPT/altera/12.1/nios2eds/bin/gnu/H-i686-pc-linux-gnu/bin/../lib/gcc/nios2-elf/4.1.2/../../../../nios2-elf/lib/libc.a(lib_a-putchar.o)
                0x00807a3c                putchar
                0x00807a58                _putchar_r
 .text          0x00807a60       0xb4 /OPT/altera/12.1/nios2eds/bin/gnu/H-i686-pc-linux-gnu/bin/../lib/gcc/nios2-elf/4.1.2/../../../../nios2-elf/lib/libc.a(lib_a-puts.o)
                0x00807a60                _puts_r
                0x00807b00                puts
 .text          0x00807b14      0x1e0 /OPT/altera/12.1/nios2eds/bin/gnu/H-i686-pc-linux-gnu/bin/../lib/gcc/nios2-elf/4.1.2/../../../../nios2-elf/lib/libc.a(lib_a-refill.o)
                0x00807b14                __srefill_r
 .text          0x00807cf4       0x60 /OPT/altera/12.1/nios2eds/bin/gnu/H-i686-pc-linux-gnu/bin/../lib/gcc/nios2-elf/4.1.2/../../../../nios2-elf/lib/libc.a(lib_a-rget.o)
                0x00807cf4                __srget_r
                0x00807d40                __srget
 .text          0x00807d54       0x70 /OPT/altera/12.1/nios2eds/bin/gnu/H-i686-pc-linux-gnu/bin/../lib/gcc/nios2-elf/4.1.2/../../../../nios2-elf/lib/libc.a(lib_a-sbrkr.o)
                0x00807d54                _sbrk_r
 .text          0x00807dc4       0xd4 /OPT/altera/12.1/nios2eds/bin/gnu/H-i686-pc-linux-gnu/bin/../lib/gcc/nios2-elf/4.1.2/../../../../nios2-elf/lib/libc.a(lib_a-sprintf.o)
                0x00807dc4                sprintf
                0x00807e38                _sprintf_r
 .text          0x00807e98      0x114 /OPT/altera/12.1/nios2eds/bin/gnu/H-i686-pc-linux-gnu/bin/../lib/gcc/nios2-elf/4.1.2/../../../../nios2-elf/lib/libc.a(lib_a-sscanf.o)
                0x00807ea0                _sscanf_r
                0x00807f28                sscanf
 .text          0x00807fac      0x14c /OPT/altera/12.1/nios2eds/bin/gnu/H-i686-pc-linux-gnu/bin/../lib/gcc/nios2-elf/4.1.2/../../../../nios2-elf/lib/libc.a(lib_a-stdio.o)
                0x00807fac                __sclose
                0x00807fb4                __sseek
                0x0080801c                __swrite
                0x00808098                __sread
 .text          0x008080f8       0xb0 /OPT/altera/12.1/nios2eds/bin/gnu/H-i686-pc-linux-gnu/bin/../lib/gcc/nios2-elf/4.1.2/../../../../nios2-elf/lib/libc.a(lib_a-strcasecmp.o)
                0x008080f8                strcasecmp
 .text          0x008081a8       0x90 /OPT/altera/12.1/nios2eds/bin/gnu/H-i686-pc-linux-gnu/bin/../lib/gcc/nios2-elf/4.1.2/../../../../nios2-elf/lib/libc.a(lib_a-strcat.o)
                0x008081a8                strcat
 .text          0x00808238       0xe0 /OPT/altera/12.1/nios2eds/bin/gnu/H-i686-pc-linux-gnu/bin/../lib/gcc/nios2-elf/4.1.2/../../../../nios2-elf/lib/libc.a(lib_a-strchr.o)
                0x00808238                strchr
 .text          0x00808318       0xbc /OPT/altera/12.1/nios2eds/bin/gnu/H-i686-pc-linux-gnu/bin/../lib/gcc/nios2-elf/4.1.2/../../../../nios2-elf/lib/libc.a(lib_a-strcmp.o)
                0x00808318                strcmp
 .text          0x008083d4       0x8c /OPT/altera/12.1/nios2eds/bin/gnu/H-i686-pc-linux-gnu/bin/../lib/gcc/nios2-elf/4.1.2/../../../../nios2-elf/lib/libc.a(lib_a-strcpy.o)
                0x008083d4                strcpy
 .text          0x00808460      0x674 /OPT/altera/12.1/nios2eds/bin/gnu/H-i686-pc-linux-gnu/bin/../lib/gcc/nios2-elf/4.1.2/../../../../nios2-elf/lib/libc.a(lib_a-strerror.o)
                0x00808460                strerror
 .text          0x00808ad4       0x74 /OPT/altera/12.1/nios2eds/bin/gnu/H-i686-pc-linux-gnu/bin/../lib/gcc/nios2-elf/4.1.2/../../../../nios2-elf/lib/libc.a(lib_a-strlen.o)
                0x00808ad4                strlen
 .text          0x00808b48       0xf0 /OPT/altera/12.1/nios2eds/bin/gnu/H-i686-pc-linux-gnu/bin/../lib/gcc/nios2-elf/4.1.2/../../../../nios2-elf/lib/libc.a(lib_a-strncmp.o)
                0x00808b48                strncmp
 .text          0x00808c38       0xbc /OPT/altera/12.1/nios2eds/bin/gnu/H-i686-pc-linux-gnu/bin/../lib/gcc/nios2-elf/4.1.2/../../../../nios2-elf/lib/libc.a(lib_a-strncpy.o)
                0x00808c38                strncpy
 .text          0x00808cf4      0x794 /OPT/altera/12.1/nios2eds/bin/gnu/H-i686-pc-linux-gnu/bin/../lib/gcc/nios2-elf/4.1.2/../../../../nios2-elf/lib/libc.a(lib_a-strstr.o)
                0x00808e28                strstr
 .text          0x00809488       0x18 /OPT/altera/12.1/nios2eds/bin/gnu/H-i686-pc-linux-gnu/bin/../lib/gcc/nios2-elf/4.1.2/../../../../nios2-elf/lib/libc.a(lib_a-strtok.o)
                0x00809488                strtok
 .text          0x008094a0       0xac /OPT/altera/12.1/nios2eds/bin/gnu/H-i686-pc-linux-gnu/bin/../lib/gcc/nios2-elf/4.1.2/../../../../nios2-elf/lib/libc.a(lib_a-strtok_r.o)
                0x008094a0                __strtok_r
                0x00809544                strtok_r
 .text          0x0080954c      0x268 /OPT/altera/12.1/nios2eds/bin/gnu/H-i686-pc-linux-gnu/bin/../lib/gcc/nios2-elf/4.1.2/../../../../nios2-elf/lib/libc.a(lib_a-strtol.o)
                0x0080954c                _strtol_r
                0x00809790                strtol
 .text          0x008097b4        0x8 /OPT/altera/12.1/nios2eds/bin/gnu/H-i686-pc-linux-gnu/bin/../lib/gcc/nios2-elf/4.1.2/../../../../nios2-elf/lib/libc.a(lib_a-u_strerr.o)
                0x008097b4                _user_strerror
 .text          0x008097bc     0x1f28 /OPT/altera/12.1/nios2eds/bin/gnu/H-i686-pc-linux-gnu/bin/../lib/gcc/nios2-elf/4.1.2/../../../../nios2-elf/lib/libc.a(lib_a-vfprintf.o)
                0x00809814                ___vfprintf_internal_r
                0x0080b6c0                __vfprintf_internal
 .text          0x0080b6e4     0x1780 /OPT/altera/12.1/nios2eds/bin/gnu/H-i686-pc-linux-gnu/bin/../lib/gcc/nios2-elf/4.1.2/../../../../nios2-elf/lib/libc.a(lib_a-vfscanf.o)
                0x0080b6e4                __svfscanf_r
                0x0080cd64                __svfscanf
                0x0080cd88                _vfscanf_r
                0x0080cdf0                vfscanf
 .text          0x0080ce64      0x14c /OPT/altera/12.1/nios2eds/bin/gnu/H-i686-pc-linux-gnu/bin/../lib/gcc/nios2-elf/4.1.2/../../../../nios2-elf/lib/libc.a(lib_a-wbuf.o)
                0x0080ce64                __swbuf_r
                0x0080cf94                __swbuf
 .text          0x0080cfb0       0x78 /OPT/altera/12.1/nios2eds/bin/gnu/H-i686-pc-linux-gnu/bin/../lib/gcc/nios2-elf/4.1.2/../../../../nios2-elf/lib/libc.a(lib_a-writer.o)
                0x0080cfb0                _write_r
 .text          0x0080d028      0x13c /OPT/altera/12.1/nios2eds/bin/gnu/H-i686-pc-linux-gnu/bin/../lib/gcc/nios2-elf/4.1.2/../../../../nios2-elf/lib/libc.a(lib_a-wsetup.o)
                0x0080d028                __swsetup_r
 .text          0x0080d164      0x1b4 /OPT/altera/12.1/nios2eds/bin/gnu/H-i686-pc-linux-gnu/bin/../lib/gcc/nios2-elf/4.1.2/../../../../nios2-elf/lib/libc.a(lib_a-__call_atexit.o)
                0x0080d168                __call_exitprocs
 .text          0x0080d318       0x70 /OPT/altera/12.1/nios2eds/bin/gnu/H-i686-pc-linux-gnu/bin/../lib/gcc/nios2-elf/4.1.2/../../../../nios2-elf/lib/libc.a(lib_a-closer.o)
                0x0080d318                _close_r
 .text          0x0080d388     0x17cc /OPT/altera/12.1/nios2eds/bin/gnu/H-i686-pc-linux-gnu/bin/../lib/gcc/nios2-elf/4.1.2/../../../../nios2-elf/lib/libc.a(lib_a-dtoa.o)
                0x0080d5a0                _dtoa_r
 .text          0x0080eb54       0xa0 /OPT/altera/12.1/nios2eds/bin/gnu/H-i686-pc-linux-gnu/bin/../lib/gcc/nios2-elf/4.1.2/../../../../nios2-elf/lib/libc.a(lib_a-flags.o)
                0x0080eb54                __sflags
 .text          0x0080ebf4       0xbc /OPT/altera/12.1/nios2eds/bin/gnu/H-i686-pc-linux-gnu/bin/../lib/gcc/nios2-elf/4.1.2/../../../../nios2-elf/lib/libc.a(lib_a-fputc.o)
                0x0080ebf4                fputc
                0x0080ec58                _fputc_r
 .text          0x0080ecb0       0x90 /OPT/altera/12.1/nios2eds/bin/gnu/H-i686-pc-linux-gnu/bin/../lib/gcc/nios2-elf/4.1.2/../../../../nios2-elf/lib/libc.a(lib_a-fputs.o)
                0x0080ecb0                _fputs_r
                0x0080ed24                fputs
 .text          0x0080ed40      0x49c /OPT/altera/12.1/nios2eds/bin/gnu/H-i686-pc-linux-gnu/bin/../lib/gcc/nios2-elf/4.1.2/../../../../nios2-elf/lib/libc.a(lib_a-fvwrite.o)
                0x0080ed40                __sfvwrite_r
 .text          0x0080f1dc       0x70 /OPT/altera/12.1/nios2eds/bin/gnu/H-i686-pc-linux-gnu/bin/../lib/gcc/nios2-elf/4.1.2/../../../../nios2-elf/lib/libc.a(lib_a-isattyr.o)
                0x0080f1dc                _isatty_r
 .text          0x0080f24c       0x2c /OPT/altera/12.1/nios2eds/bin/gnu/H-i686-pc-linux-gnu/bin/../lib/gcc/nios2-elf/4.1.2/../../../../nios2-elf/lib/libc.a(lib_a-iswspace.o)
                0x0080f24c                iswspace
 .text          0x0080f278       0xc4 /OPT/altera/12.1/nios2eds/bin/gnu/H-i686-pc-linux-gnu/bin/../lib/gcc/nios2-elf/4.1.2/../../../../nios2-elf/lib/libc.a(lib_a-locale.o)
                0x0080f278                __locale_charset
                0x0080f280                _localeconv_r
                0x0080f28c                localeconv
                0x0080f29c                _setlocale_r
                0x0080f320                setlocale
 .text          0x0080f33c       0x78 /OPT/altera/12.1/nios2eds/bin/gnu/H-i686-pc-linux-gnu/bin/../lib/gcc/nios2-elf/4.1.2/../../../../nios2-elf/lib/libc.a(lib_a-lseekr.o)
                0x0080f33c                _lseek_r
 .text          0x0080f3b4       0xc0 /OPT/altera/12.1/nios2eds/bin/gnu/H-i686-pc-linux-gnu/bin/../lib/gcc/nios2-elf/4.1.2/../../../../nios2-elf/lib/libc.a(lib_a-mbrtowc.o)
                0x0080f3b4                _mbrtowc_r
                0x0080f434                mbrtowc
 .text          0x0080f474       0x40 /OPT/altera/12.1/nios2eds/bin/gnu/H-i686-pc-linux-gnu/bin/../lib/gcc/nios2-elf/4.1.2/../../../../nios2-elf/lib/libc.a(lib_a-mbtowc_r.o)
                0x0080f474                _mbtowc_r
 .text          0x0080f4b4       0xe4 /OPT/altera/12.1/nios2eds/bin/gnu/H-i686-pc-linux-gnu/bin/../lib/gcc/nios2-elf/4.1.2/../../../../nios2-elf/lib/libc.a(lib_a-memchr.o)
                0x0080f4b4                memchr
 .text          0x0080f598       0x74 /OPT/altera/12.1/nios2eds/bin/gnu/H-i686-pc-linux-gnu/bin/../lib/gcc/nios2-elf/4.1.2/../../../../nios2-elf/lib/libc.a(lib_a-memcmp.o)
                0x0080f598                memcmp
 .text          0x0080f60c      0xff4 /OPT/altera/12.1/nios2eds/bin/gnu/H-i686-pc-linux-gnu/bin/../lib/gcc/nios2-elf/4.1.2/../../../../nios2-elf/lib/libc.a(lib_a-mprec.o)
                0x0080f60c                _Bfree
                0x0080f634                __hi0bits
                0x0080f6a4                __lo0bits
                0x0080f768                __mcmp
                0x0080f7c8                __ulp
                0x0080f848                __b2d
                0x0080f968                __ratio
                0x0080fa18                _mprec_log10
                0x0080faac                __copybits
                0x0080fb04                __any_on
                0x0080fb8c                _Balloc
                0x0080fc48                __d2b
                0x0080fdc4                __mdiff
                0x0080ff50                __lshift
                0x0081009c                __multiply
                0x00810284                __i2b
                0x008102c0                __multadd
                0x008103c0                __pow5mult
                0x008104e0                __s2b
 .text          0x00810600       0x78 /OPT/altera/12.1/nios2eds/bin/gnu/H-i686-pc-linux-gnu/bin/../lib/gcc/nios2-elf/4.1.2/../../../../nios2-elf/lib/libc.a(lib_a-readr.o)
                0x00810600                _read_r
 .text          0x00810678      0x5f4 /OPT/altera/12.1/nios2eds/bin/gnu/H-i686-pc-linux-gnu/bin/../lib/gcc/nios2-elf/4.1.2/../../../../nios2-elf/lib/libc.a(lib_a-reallocr.o)
                0x00810678                _realloc_r
 .text          0x00810c6c       0x40 /OPT/altera/12.1/nios2eds/bin/gnu/H-i686-pc-linux-gnu/bin/../lib/gcc/nios2-elf/4.1.2/../../../../nios2-elf/lib/libc.a(lib_a-s_isinfd.o)
                0x00810c6c                __isinfd
 .text          0x00810cac       0x30 /OPT/altera/12.1/nios2eds/bin/gnu/H-i686-pc-linux-gnu/bin/../lib/gcc/nios2-elf/4.1.2/../../../../nios2-elf/lib/libc.a(lib_a-s_isnand.o)
                0x00810cac                __isnand
 .text          0x00810cdc       0xc0 /OPT/altera/12.1/nios2eds/bin/gnu/H-i686-pc-linux-gnu/bin/../lib/gcc/nios2-elf/4.1.2/../../../../nios2-elf/lib/libc.a(lib_a-sccl.o)
                0x00810cdc                __sccl
 .text          0x00810d9c        0x8 /OPT/altera/12.1/nios2eds/bin/gnu/H-i686-pc-linux-gnu/bin/../lib/gcc/nios2-elf/4.1.2/../../../../nios2-elf/lib/libc.a(lib_a-sf_nan.o)
                0x00810d9c                nanf
 .text          0x00810da4     0x166c /OPT/altera/12.1/nios2eds/bin/gnu/H-i686-pc-linux-gnu/bin/../lib/gcc/nios2-elf/4.1.2/../../../../nios2-elf/lib/libc.a(lib_a-strtod.o)
                0x00810dec                _strtod_r
                0x008122d0                strtof
                0x008123f4                strtod
 .text          0x00812410      0x318 /OPT/altera/12.1/nios2eds/bin/gnu/H-i686-pc-linux-gnu/bin/../lib/gcc/nios2-elf/4.1.2/../../../../nios2-elf/lib/libc.a(lib_a-strtoll_r.o)
                0x00812410                _strtoll_r
 .text          0x00812728      0x254 /OPT/altera/12.1/nios2eds/bin/gnu/H-i686-pc-linux-gnu/bin/../lib/gcc/nios2-elf/4.1.2/../../../../nios2-elf/lib/libc.a(lib_a-strtoul.o)
                0x00812728                _strtoul_r
                0x00812958                strtoul
 .text          0x0081297c      0x2f0 /OPT/altera/12.1/nios2eds/bin/gnu/H-i686-pc-linux-gnu/bin/../lib/gcc/nios2-elf/4.1.2/../../../../nios2-elf/lib/libc.a(lib_a-strtoull_r.o)
                0x0081297c                _strtoull_r
 .text          0x00812c6c      0x294 /OPT/altera/12.1/nios2eds/bin/gnu/H-i686-pc-linux-gnu/bin/../lib/gcc/nios2-elf/4.1.2/../../../../nios2-elf/lib/libc.a(lib_a-ungetc.o)
                0x00812c6c                __submore
                0x00812d48                _ungetc_r
                0x00812ee4                ungetc
 .text          0x00812f00       0xb4 /OPT/altera/12.1/nios2eds/bin/gnu/H-i686-pc-linux-gnu/bin/../lib/gcc/nios2-elf/4.1.2/../../../../nios2-elf/lib/libc.a(lib_a-callocr.o)
                0x00812f00                _calloc_r
 .text          0x00812fb4      0x8f4 /OPT/altera/12.1/nios2eds/bin/gnu/H-i686-pc-linux-gnu/bin/../lib/gcc/nios2-elf/4.1.2/../../../../nios2-elf/lib/libc.a(lib_a-gdtoa-gethex.o)
                0x00812fd8                __hexdig_init
                0x008130f0                __gethex
 .text          0x008138a8      0x294 /OPT/altera/12.1/nios2eds/bin/gnu/H-i686-pc-linux-gnu/bin/../lib/gcc/nios2-elf/4.1.2/../../../../nios2-elf/lib/libc.a(lib_a-gdtoa-hexnan.o)
                0x008138f4                __hexnan
 .text          0x00813b3c       0x98 /OPT/altera/12.1/nios2eds/bin/gnu/H-i686-pc-linux-gnu/bin/../lib/gcc/nios2-elf/4.1.2/libgcc.a(_muldi3.o)
                0x00813b3c                __muldi3
 .text          0x00813bd4       0xa4 /OPT/altera/12.1/nios2eds/bin/gnu/H-i686-pc-linux-gnu/bin/../lib/gcc/nios2-elf/4.1.2/libgcc.a(_fixunsdfsi.o)
                0x00813bd4                __fixunsdfsi
 .text          0x00813c78      0x5dc /OPT/altera/12.1/nios2eds/bin/gnu/H-i686-pc-linux-gnu/bin/../lib/gcc/nios2-elf/4.1.2/libgcc.a(_udivdi3.o)
                0x00813c78                __udivdi3
 .text          0x00814254      0x5b0 /OPT/altera/12.1/nios2eds/bin/gnu/H-i686-pc-linux-gnu/bin/../lib/gcc/nios2-elf/4.1.2/libgcc.a(_umoddi3.o)
                0x00814254                __umoddi3
 .text          0x00814804       0x78 /OPT/altera/12.1/nios2eds/bin/gnu/H-i686-pc-linux-gnu/bin/../lib/gcc/nios2-elf/4.1.2/libgcc.a(_ne_sf.o)
                0x00814804                __nesf2
 .text          0x0081487c       0x78 /OPT/altera/12.1/nios2eds/bin/gnu/H-i686-pc-linux-gnu/bin/../lib/gcc/nios2-elf/4.1.2/libgcc.a(_gt_sf.o)
                0x0081487c                __gtsf2
 .text          0x008148f4       0x78 /OPT/altera/12.1/nios2eds/bin/gnu/H-i686-pc-linux-gnu/bin/../lib/gcc/nios2-elf/4.1.2/libgcc.a(_lt_sf.o)
                0x008148f4                __ltsf2
 .text          0x0081496c      0x504 /OPT/altera/12.1/nios2eds/bin/gnu/H-i686-pc-linux-gnu/bin/../lib/gcc/nios2-elf/4.1.2/libgcc.a(_addsub_df.o)
                0x00814d7c                __subdf3
                0x00814dfc                __adddf3
 .text          0x00814e70      0x3c4 /OPT/altera/12.1/nios2eds/bin/gnu/H-i686-pc-linux-gnu/bin/../lib/gcc/nios2-elf/4.1.2/libgcc.a(_mul_df.o)
                0x00814e70                __muldf3
 .text          0x00815234      0x258 /OPT/altera/12.1/nios2eds/bin/gnu/H-i686-pc-linux-gnu/bin/../lib/gcc/nios2-elf/4.1.2/libgcc.a(_div_df.o)
                0x00815234                __divdf3
 .text          0x0081548c       0x88 /OPT/altera/12.1/nios2eds/bin/gnu/H-i686-pc-linux-gnu/bin/../lib/gcc/nios2-elf/4.1.2/libgcc.a(_eq_df.o)
                0x0081548c                __eqdf2
 .text          0x00815514       0x88 /OPT/altera/12.1/nios2eds/bin/gnu/H-i686-pc-linux-gnu/bin/../lib/gcc/nios2-elf/4.1.2/libgcc.a(_ne_df.o)
                0x00815514                __nedf2
 .text          0x0081559c       0x88 /OPT/altera/12.1/nios2eds/bin/gnu/H-i686-pc-linux-gnu/bin/../lib/gcc/nios2-elf/4.1.2/libgcc.a(_gt_df.o)
                0x0081559c                __gtdf2
 .text          0x00815624       0x88 /OPT/altera/12.1/nios2eds/bin/gnu/H-i686-pc-linux-gnu/bin/../lib/gcc/nios2-elf/4.1.2/libgcc.a(_ge_df.o)
                0x00815624                __gedf2
 .text          0x008156ac       0x88 /OPT/altera/12.1/nios2eds/bin/gnu/H-i686-pc-linux-gnu/bin/../lib/gcc/nios2-elf/4.1.2/libgcc.a(_lt_df.o)
                0x008156ac                __ltdf2
 .text          0x00815734       0x88 /OPT/altera/12.1/nios2eds/bin/gnu/H-i686-pc-linux-gnu/bin/../lib/gcc/nios2-elf/4.1.2/libgcc.a(_le_df.o)
                0x00815734                __ledf2
 .text          0x008157bc       0xf8 /OPT/altera/12.1/nios2eds/bin/gnu/H-i686-pc-linux-gnu/bin/../lib/gcc/nios2-elf/4.1.2/libgcc.a(_si_to_df.o)
                0x008157bc                __floatsidf
 .text          0x008158b4       0xd8 /OPT/altera/12.1/nios2eds/bin/gnu/H-i686-pc-linux-gnu/bin/../lib/gcc/nios2-elf/4.1.2/libgcc.a(_df_to_si.o)
                0x008158b4                __fixdfsi
 .text          0x0081598c       0x74 /OPT/altera/12.1/nios2eds/bin/gnu/H-i686-pc-linux-gnu/bin/../lib/gcc/nios2-elf/4.1.2/libgcc.a(_df_to_sf.o)
                0x0081598c                __truncdfsf2
 .text          0x00815a00        0x0 /OPT/altera/12.1/nios2eds/bin/gnu/H-i686-pc-linux-gnu/bin/../lib/gcc/nios2-elf/4.1.2/libgcc.a(_thenan_df.o)
 .text          0x00815a00      0x194 /OPT/altera/12.1/nios2eds/bin/gnu/H-i686-pc-linux-gnu/bin/../lib/gcc/nios2-elf/4.1.2/libgcc.a(_usi_to_df.o)
                0x00815a00                __floatunsidf
 .text          0x00815b94        0x0 /OPT/altera/12.1/nios2eds/bin/gnu/H-i686-pc-linux-gnu/bin/../lib/gcc/nios2-elf/4.1.2/libgcc.a(_clz.o)
 .text          0x00815b94       0x80 /OPT/altera/12.1/nios2eds/bin/gnu/H-i686-pc-linux-gnu/bin/../lib/gcc/nios2-elf/4.1.2/libgcc.a(_clzsi2.o)
                0x00815b94                __clzsi2
 .text          0x00815c14       0xc8 /OPT/altera/12.1/nios2eds/bin/gnu/H-i686-pc-linux-gnu/bin/../lib/gcc/nios2-elf/4.1.2/libgcc.a(_unpack_sf.o)
                0x00815c14                __unpack_f
 .text          0x00815cdc       0xa8 /OPT/altera/12.1/nios2eds/bin/gnu/H-i686-pc-linux-gnu/bin/../lib/gcc/nios2-elf/4.1.2/libgcc.a(_fpcmp_parts_sf.o)
                0x00815cdc                __fpcmp_parts_f
 .text          0x00815d84       0x2c /OPT/altera/12.1/nios2eds/bin/gnu/H-i686-pc-linux-gnu/bin/../lib/gcc/nios2-elf/4.1.2/libgcc.a(_make_sf.o)
                0x00815d84                __make_fp
 .text          0x00815db0      0x314 /OPT/altera/12.1/nios2eds/bin/gnu/H-i686-pc-linux-gnu/bin/../lib/gcc/nios2-elf/4.1.2/libgcc.a(_pack_df.o)
                0x00815db0                __pack_d
 .text          0x008160c4      0x138 /OPT/altera/12.1/nios2eds/bin/gnu/H-i686-pc-linux-gnu/bin/../lib/gcc/nios2-elf/4.1.2/libgcc.a(_unpack_df.o)
                0x008160c4                __unpack_d
 .text          0x008161fc       0xc8 /OPT/altera/12.1/nios2eds/bin/gnu/H-i686-pc-linux-gnu/bin/../lib/gcc/nios2-elf/4.1.2/libgcc.a(_fpcmp_parts_df.o)
                0x008161fc                __fpcmp_parts_d
 .text          0x008162c4      0x160 /OPT/altera/12.1/nios2eds/bin/gnu/H-i686-pc-linux-gnu/bin/../lib/gcc/nios2-elf/4.1.2/libgcc.a(_pack_sf.o)
                0x008162c4                __pack_f
 .text          0x00816424       0x78 ../Capstone-FIT_bsp//libucosii_bsp.a(alt_dcache_flush.o)
                0x00816424                alt_dcache_flush
 .text          0x0081649c       0x6c ../Capstone-FIT_bsp//libucosii_bsp.a(alt_exit.o)
                0x008164dc                _exit
 .text          0x00816508       0xd0 ../Capstone-FIT_bsp//libucosii_bsp.a(alt_flash_dev.o)
                0x00816508                alt_flash_open_dev
                0x00816584                alt_flash_close_dev
 .text          0x008165d8      0x134 ../Capstone-FIT_bsp//libucosii_bsp.a(alt_fstat.o)
                0x008165d8                fstat
 .text          0x0081670c      0x1c0 ../Capstone-FIT_bsp//libucosii_bsp.a(alt_irq_register.o)
                0x0081670c                alt_irq_register
 .text          0x008168cc        0x0 ../Capstone-FIT_bsp//libucosii_bsp.a(alt_irq_vars.o)
 .text          0x008168cc      0x120 ../Capstone-FIT_bsp//libucosii_bsp.a(alt_isatty.o)
                0x008168cc                isatty
 .text          0x008169ec       0xec ../Capstone-FIT_bsp//libucosii_bsp.a(alt_load.o)
                0x008169ec                alt_load
 .text          0x00816ad8      0x150 ../Capstone-FIT_bsp//libucosii_bsp.a(alt_lseek.o)
                0x00816ad8                lseek
 .text          0x00816c28       0xc8 ../Capstone-FIT_bsp//libucosii_bsp.a(alt_main.o)
                0x00816c28                alt_main
 .text          0x00816cf0      0x2c4 ../Capstone-FIT_bsp//libucosii_bsp.a(alt_open.o)
                0x00816dcc                open
 .text          0x00816fb4       0x60 ../Capstone-FIT_bsp//libucosii_bsp.a(alt_release_fd.o)
                0x00816fb4                alt_release_fd
 .text          0x00817014       0xbc ../Capstone-FIT_bsp//libucosii_bsp.a(alt_sbrk.o)
                0x00817014                sbrk
 .text          0x008170d0      0x1a8 ../Capstone-FIT_bsp//libucosii_bsp.a(alt_tick.o)
                0x008170d0                alt_alarm_stop
                0x00817168                alt_tick
 .text          0x00817278      0x118 ../Capstone-FIT_bsp//libucosii_bsp.a(alt_usleep.o)
                0x00817278                usleep
 .text          0x00817390      0x108 ../Capstone-FIT_bsp//libucosii_bsp.a(alt_env_lock.o)
                0x00817390                __env_lock
                0x0081743c                __env_unlock
 .text          0x00817498      0x1d8 ../Capstone-FIT_bsp//libucosii_bsp.a(alt_malloc_lock.o)
                0x00817498                __malloc_lock
                0x008175a0                __malloc_unlock
 .text          0x00817670     0x2128 ../Capstone-FIT_bsp//libucosii_bsp.a(os_core.o)
                0x00817670                OSEventNameGet
                0x008177a0                OSEventNameSet
                0x008178e4                OSEventPendMulti
                0x00817f98                OSInit
                0x00817fec                OSIntEnter
                0x00818068                OSIntExit
                0x00818168                OSSchedLock
                0x008181f4                OSSchedUnlock
                0x008182d8                OSStart
                0x00818348                OSStatInit
                0x008183f4                OSTimeTick
                0x00818634                OSVersion
                0x00818654                OS_Dummy
                0x00818670                OS_EventTaskRdy
                0x00818804                OS_EventTaskWait
                0x00818914                OS_EventTaskWaitMulti
                0x00818a68                OS_EventTaskRemove
                0x00818b20                OS_EventTaskRemoveMulti
                0x00818c24                OS_EventWaitListInit
                0x00818ff0                OS_MemClr
                0x00819044                OS_MemCopy
                0x008190b0                OS_Sched
                0x008191f4                OS_StrCopy
                0x00819274                OS_StrLen
                0x008192cc                OS_TaskIdle
                0x00819328                OS_TaskStat
                0x008193f0                OS_TaskStatStkChk
                0x008194b8                OS_TCBInit
 .text          0x00819798      0x18c ../Capstone-FIT_bsp//libucosii_bsp.a(os_dbg.o)
                0x00819798                OSDebugInit
 .text          0x00819924     0x193c ../Capstone-FIT_bsp//libucosii_bsp.a(os_flag.o)
                0x00819924                OSFlagAccept
                0x00819c58                OSFlagCreate
                0x00819d94                OSFlagDel
                0x0081a03c                OSFlagNameGet
                0x0081a180                OSFlagNameSet
                0x0081a2d4                OSFlagPend
                0x0081a918                OSFlagPendGetFlagsRdy
                0x0081a980                OSFlagPost
                0x0081ad28                OSFlagQuery
                0x0081afc0                OS_FlagInit
                0x0081b1b4                OS_FlagUnlink
 .text          0x0081b260      0xc8c ../Capstone-FIT_bsp//libucosii_bsp.a(os_mbox.o)
                0x0081b260                OSMboxAccept
                0x0081b304                OSMboxCreate
                0x0081b418                OSMboxDel
                0x0081b6b8                OSMboxPend
                0x0081b980                OSMboxPendAbort
                0x0081bafc                OSMboxPost
                0x0081bc30                OSMboxPostOpt
                0x0081bdbc                OSMboxQuery
 .text          0x0081beec      0x808 ../Capstone-FIT_bsp//libucosii_bsp.a(os_mem.o)
                0x0081beec                OSMemCreate
                0x0081c108                OSMemGet
                0x0081c20c                OSMemNameGet
                0x0081c318                OSMemNameSet
                0x0081c438                OSMemPut
                0x0081c528                OSMemQuery
                0x0081c624                OS_MemInit
 .text          0x0081c6f4     0x1334 ../Capstone-FIT_bsp//libucosii_bsp.a(os_q.o)
                0x0081c6f4                OSQAccept
                0x0081c848                OSQCreate
                0x0081ca5c                OSQDel
                0x0081cd5c                OSQFlush
                0x0081ce24                OSQPend
                0x0081d144                OSQPendAbort
                0x0081d2c0                OSQPost
                0x0081d440                OSQPostFront
                0x0081d5c8                OSQPostOpt
                0x0081d7fc                OSQQuery
                0x0081d97c                OS_QInit
 .text          0x0081da28      0xbc8 ../Capstone-FIT_bsp//libucosii_bsp.a(os_sem.o)
                0x0081da28                OSSemAccept
                0x0081dae8                OSSemCreate
                0x0081dbfc                OSSemDel
                0x0081de9c                OSSemPend
                0x0081e118                OSSemPendAbort
                0x0081e294                OSSemPost
                0x0081e3bc                OSSemQuery
                0x0081e4ec                OSSemSet
 .text          0x0081e5f0     0x1a40 ../Capstone-FIT_bsp//libucosii_bsp.a(os_task.o)
                0x0081e5f0                OSTaskChangePrio
                0x0081eb64                OSTaskCreate
                0x0081ed38                OSTaskCreateExt
                0x0081ef38                OSTaskDel
                0x0081f344                OSTaskDelReq
                0x0081f4b4                OSTaskNameGet
                0x0081f66c                OSTaskNameSet
                0x0081f830                OSTaskResume
                0x0081fa48                OSTaskStkChk
                0x0081fc44                OSTaskSuspend
                0x0081fe70                OSTaskQuery
                0x0081ffb4                OS_TaskStkClr
 .text          0x00820030      0x598 ../Capstone-FIT_bsp//libucosii_bsp.a(os_time.o)
                0x00820030                OSTimeDly
                0x0082017c                OSTimeDlyHMSM
                0x008202f0                OSTimeDlyResume
                0x00820500                OSTimeGet
                0x00820564                OSTimeSet
 .text          0x008205c8      0x130 ../Capstone-FIT_bsp//libucosii_bsp.a(alt_sys_init.o)
                0x008205c8                alt_irq_init
                0x008205fc                alt_sys_init
 .text          0x008206f8      0x148 ../Capstone-FIT_bsp//libucosii_bsp.a(altera_avalon_jtag_uart_fd.o)
                0x008206f8                altera_avalon_jtag_uart_read_fd
                0x00820750                altera_avalon_jtag_uart_write_fd
                0x008207a8                altera_avalon_jtag_uart_close_fd
                0x008207f0                altera_avalon_jtag_uart_ioctl_fd
 .text          0x00820840      0x580 ../Capstone-FIT_bsp//libucosii_bsp.a(altera_avalon_jtag_uart_init.o)
                0x00820840                altera_avalon_jtag_uart_init
                0x00820d4c                altera_avalon_jtag_uart_close
 .text          0x00820dc0       0xf4 ../Capstone-FIT_bsp//libucosii_bsp.a(altera_avalon_jtag_uart_ioctl.o)
                0x00820dc0                altera_avalon_jtag_uart_ioctl
 .text          0x00820eb4      0x2c0 ../Capstone-FIT_bsp//libucosii_bsp.a(altera_avalon_jtag_uart_read.o)
                0x00820eb4                altera_avalon_jtag_uart_read
 .text          0x00821174      0x2dc ../Capstone-FIT_bsp//libucosii_bsp.a(altera_avalon_jtag_uart_write.o)
                0x00821174                altera_avalon_jtag_uart_write
 .text          0x00821450       0xfc ../Capstone-FIT_bsp//libucosii_bsp.a(altera_avalon_timer_sc.o)
                0x008214c4                alt_avalon_timer_sc_init
 .text          0x0082154c      0xb70 ../Capstone-FIT_bsp//libucosii_bsp.a(altera_ro_zipfs.o)
                0x008217c0                check_directory_header
                0x00821d18                alt_ro_zipfs_open
                0x00821db0                alt_ro_zipfs_read
                0x00821eac                alt_ro_zipfs_seek
                0x00821ff4                alt_ro_zipfs_fstat
                0x00822064                alt_ro_zipfs_check_valid
 .text          0x008220bc      0x530 ../Capstone-FIT_bsp//libucosii_bsp.a(altera_up_avalon_character_lcd.o)
                0x008220bc                get_DDRAM_addr
                0x00822138                alt_up_character_lcd_send_cmd
                0x0082216c                alt_up_character_lcd_init
                0x008221a0                alt_up_character_lcd_open_dev
                0x008221e0                alt_up_character_lcd_write
                0x00822258                alt_up_character_lcd_string
                0x008222d0                alt_up_character_lcd_write_fd
                0x0082231c                alt_up_character_lcd_set_cursor_pos
                0x00822394                alt_up_character_lcd_shift_cursor
                0x00822444                alt_up_character_lcd_shift_display
                0x008224f4                alt_up_character_lcd_erase_pos
                0x00822584                alt_up_character_lcd_cursor_off
                0x008225b8                alt_up_character_lcd_cursor_blink_on
 .text          0x008225ec      0x700 ../Capstone-FIT_bsp//libucosii_bsp.a(altera_up_avalon_ps2.o)
                0x008225ec                read_RI_bit
                0x00822620                read_RE_bit
                0x00822650                read_CE_bit
                0x00822684                read_num_bytes_available
                0x008226b8                read_data_valid
                0x008226ec                read_data_byte
                0x00822718                alt_up_ps2_init
                0x008227e4                alt_up_ps2_enable_read_interrupt
                0x00822838                alt_up_ps2_disable_read_interrupt
                0x00822890                alt_up_ps2_write_data_byte
                0x00822908                alt_up_ps2_wait_for_ack
                0x00822978                alt_up_ps2_write_data_byte_with_ack
                0x008229e4                alt_up_ps2_read_data_byte_timeout
                0x00822a94                alt_up_ps2_read_data_byte
                0x00822b10                alt_up_ps2_clear_fifo
                0x00822b68                alt_up_ps2_read_fd
                0x00822c04                alt_up_ps2_write_fd
                0x00822cac                alt_up_ps2_open_dev
 .text          0x00822cec       0x54 ../Capstone-FIT_bsp//libucosii_bsp.a(alt_iniche_close.o)
                0x00822cec                close
 .text          0x00822d40      0x144 ../Capstone-FIT_bsp//libucosii_bsp.a(alt_iniche_dev.o)
                0x00822d40                iniche_devices_init
 .text          0x00822e84       0x78 ../Capstone-FIT_bsp//libucosii_bsp.a(alt_iniche_read.o)
                0x00822e84                read
 .text          0x00822efc       0x70 ../Capstone-FIT_bsp//libucosii_bsp.a(alt_iniche_write.o)
                0x00822efc                write
 .text          0x00822f6c      0xedc ../Capstone-FIT_bsp//libucosii_bsp.a(ipnet.o)
                0x00822f6c                Netinit
                0x008235b8                fixup_subnet_mask
                0x00823718                netclose
                0x00823800                pktdemux
                0x00823bd4                c_older
                0x00823ca4                ip2mac
 .text          0x00823e48      0x4b0 ../Capstone-FIT_bsp//libucosii_bsp.a(ipstart.o)
                0x00823e48                ip_startup
                0x0082412c                exit_hook
                0x00824198                ip_exit
                0x00824268                if_netnumber
 .text          0x008242f8     0x1010 ../Capstone-FIT_bsp//libucosii_bsp.a(igmp_cmn.o)
                0x008242f8                igmp_init
                0x008243a8                igmp_input
                0x008244a0                igmp_fasttimo
                0x0082463c                igmp_send
                0x008248e4                igmp_joingroup
                0x00824b50                igmp_leavegroup
                0x00824bcc                igmp_validate
                0x00824f28                igmp_print_stats
 .text          0x00825308      0xb50 ../Capstone-FIT_bsp//libucosii_bsp.a(bsdsock.o)
                0x00825308                bsd_accept
                0x00825440                bsd_getpeername
                0x0082556c                bsd_getsockname
                0x00825698                bsd_i_sockoptlen
                0x00825850                bsd_getsockopt
                0x00825970                bsd_ioctl
                0x00825a74                bsd_inet_ntoa
                0x00825aa4                bsd_recvfrom
                0x00825c04                bsd_select
                0x00825d6c                bsd_setsockopt
 .text          0x00825e58      0x118 ../Capstone-FIT_bsp//libucosii_bsp.a(cksum.o)
                0x00825e58                ccksum
                0x00825f08                cksum
 .text          0x00825f70      0xa9c ../Capstone-FIT_bsp//libucosii_bsp.a(in_utils.o)
                0x00825f70                do_trap
                0x00825f9c                nextarg
                0x00826018                hexdump
                0x00826160                print_ipad
                0x008261d4                print_uptime
                0x00826300                panic
                0x00826344                print_eth
                0x008264a8                uslash
                0x00826528                ns_printf
                0x008266ac                std_out
                0x008266f0                con_page
                0x008267e0                parse_args
 .text          0x00826a0c      0x1c8 ../Capstone-FIT_bsp//libucosii_bsp.a(netmain.o)
                0x00826a0c                netmain
                0x00826b00                tk_netmain
                0x00826b88                tk_nettick
 .text          0x00826bd4      0x5e8 ../Capstone-FIT_bsp//libucosii_bsp.a(tk_crnos.o)
                0x00826bd4                TK_OSTimeDly
                0x00826c00                TK_OSTaskResume
                0x00826c70                tcp_sleep
                0x00826e10                tcp_wakeup
                0x00826f14                TK_OSTaskQuery
                0x00826f88                tk_yield
                0x00826fb4                tk_stats
 .text          0x008271bc     0x2f40 ../Capstone-FIT_bsp//libucosii_bsp.a(dhcpclnt.o)
                0x008271bc                dhc_get_srv_ipaddr
                0x0082724c                dhc_init
                0x00827308                dhc_set_callback
                0x0082734c                dhc_upcall
                0x00827b7c                dhc_buildheader
                0x00827d98                dhc_discover
                0x008282b0                dhc_rx_offer
                0x008283b4                dhc_request
                0x00828ef0                dhc_setip
                0x00829170                dhc_resetip
                0x00829254                dhc_decline
                0x00829438                dhc_extract_opts
                0x008296f4                dhc_second
                0x00829c90                dhc_halt
                0x00829d18                dhc_reclaim
                0x00829ee8                dhc_state_init
                0x00829f48                dhc_alldone
                0x00829fd8                dhc_ifacedone
                0x0082a04c                dhc_set_state
 .text          0x0082a0fc       0xcc ../Capstone-FIT_bsp//libucosii_bsp.a(dhcputil.o)
                0x0082a0fc                find_opt
 .text          0x0082a1c8      0x79c ../Capstone-FIT_bsp//libucosii_bsp.a(pktalloc.o)
                0x0082a1c8                pk_init
                0x0082a458                pk_alloc
                0x0082a534                pk_validate
                0x0082a7ec                pk_free
                0x0082a898                pk_get_max_intrsafe_buf_len
                0x0082a8b8                dump_buf_estats
 .text          0x0082a964      0x288 ../Capstone-FIT_bsp//libucosii_bsp.a(q.o)
                0x0082a964                getq
                0x0082aa2c                putq
                0x0082aadc                qdel
 .text          0x0082abec      0x31c ../Capstone-FIT_bsp//libucosii_bsp.a(udp_open.o)
                0x0082abec                udp_open
                0x0082ae24                udp_close
 .text          0x0082af08      0x194 ../Capstone-FIT_bsp//libucosii_bsp.a(asm_cksum.o)
                0x0082af08                asm_cksum
 .text          0x0082b09c      0x2a0 ../Capstone-FIT_bsp//libucosii_bsp.a(brdutils.o)
                0x0082b09c                dtrap
                0x0082b0cc                kbhit
                0x0082b178                getch
                0x0082b1d8                clock_init
                0x0082b214                clock_c
                0x0082b230                cticks_hook
                0x0082b29c                irq_Mask
                0x0082b2f8                irq_Unmask
 .text          0x0082b33c      0x488 ../Capstone-FIT_bsp//libucosii_bsp.a(osportco.o)
                0x0082b33c                LOCK_NET_RESOURCE
                0x0082b3fc                UNLOCK_NET_RESOURCE
                0x0082b484                TK_NEWTASK
                0x0082b698                wait_app_sem
                0x0082b74c                post_app_sem
 .text          0x0082b7c4      0x568 ../Capstone-FIT_bsp//libucosii_bsp.a(targnios.o)
                0x0082b7c4                alt_iniche_init
                0x0082b9e0                pre_task_setup
                0x0082ba54                post_task_setup
                0x0082ba74                prep_armintcp
                0x0082baac                calloc2
                0x0082bae0                npalloc
                0x0082bbd4                npfree
                0x0082bc8c                ncpalloc
                0x0082bce0                ncpfree
 .text          0x0082bd2c     0x197c ../Capstone-FIT_bsp//libucosii_bsp.a(nptcp.o)
                0x0082bd2c                pffindtype
                0x0082bdcc                pffindproto
                0x0082be9c                m_getnbuf
                0x0082c044                m_free
                0x0082c178                m_freem
                0x0082c1bc                m_copy
                0x0082c4e0                m_adj
                0x0082c6b0                mbuf_len
                0x0082c708                dtom
                0x0082c7b0                remque
                0x0082c820                insque
                0x0082c89c                nptcp_init
                0x0082c9c0                tcp_rcv
                0x0082cbac                ip_output
                0x0082d1a4                in_broadcast
                0x0082d1e4                np_stripoptions
                0x0082d2cc                so_icmpdu
                0x0082d624                tcp_tick
 .text          0x0082d6a8      0xa2c ../Capstone-FIT_bsp//libucosii_bsp.a(rawsock.o)
                0x0082d6a8                rawip_lookup
                0x0082d718                rawip_soinput
                0x0082d8ec                rawip_usrreq
 .text          0x0082e0d4     0x17fc ../Capstone-FIT_bsp//libucosii_bsp.a(sockcall.o)
                0x0082e0d4                DOMAIN_CHECK
                0x0082e120                t_socket
                0x0082e1b0                t_bind
                0x0082e32c                t_listen
                0x0082e410                t_accept
                0x0082e6a8                t_connect
                0x0082e950                t_getpeername
                0x0082e994                t_getsockname
                0x0082ebd4                t_setsockopt
                0x0082edb0                t_getsockopt
                0x0082ef54                t_recv
                0x0082f044                t_recvfrom
                0x0082f194                t_sendto
                0x0082f3c0                t_send
                0x0082f5e8                t_shutdown
                0x0082f6cc                t_socketclose
                0x0082f834                t_errno
 .text          0x0082f8d0     0x2374 ../Capstone-FIT_bsp//libucosii_bsp.a(socket.o)
                0x0082f8d0                socreate
                0x0082fa9c                sobind
                0x0082faf8                solisten
                0x0082fbe8                sofree
                0x0082fd18                soclose
                0x0083000c                soabort
                0x0083005c                soaccept
                0x008300f8                soconnect
                0x008301cc                sodisconnect
                0x0083026c                sosend
                0x00830874                soreceive
                0x00831058                soshutdown
                0x00831100                sorflush
                0x00831200                sosetopt
                0x008316c0                sogetopt
                0x00831c00                sohasoutofband
 .text          0x00831c44     0x1318 ../Capstone-FIT_bsp//libucosii_bsp.a(socket2.o)
                0x00831c44                soisconnecting
                0x00831cb0                soisconnected
                0x00831dac                soisdisconnecting
                0x00831e38                soisdisconnected
                0x00831ef4                sonewconn
                0x00832110                soqinsque
                0x008321bc                soqremque
                0x008322dc                socantsendmore
                0x0083232c                socantrcvmore
                0x0083237c                sbselqueue
                0x008323b4                sbwait
                0x0083241c                sbwakeup
                0x008324b8                soreserve
                0x00832538                sbreserve
                0x00832598                sbrelease
                0x008325e0                sbappend
                0x00832688                sbappendrecord
                0x00832768                sbappendaddr
                0x00832970                sbcompress
                0x00832b58                sbflush
                0x00832be8                sbdrop
                0x00832db8                sbdropend
                0x00832ec8                sbdroprecord
 .text          0x00832f5c      0x914 ../Capstone-FIT_bsp//libucosii_bsp.a(soselect.o)
                0x00832f5c                t_select
                0x0083317c                sock_selscan
                0x008332d4                sock_select
                0x008334e8                in_pcbnotify
                0x008335b4                tcp_notify
                0x0083361c                ifd_clr
                0x0083370c                ifd_set
                0x00833780                ifd_isset
                0x00833800                ifd_get
 .text          0x00833870     0x2fe8 ../Capstone-FIT_bsp//libucosii_bsp.a(tcp_in.o)
                0x00833870                tcp_reass
                0x00833c78                tcp_input
                0x008361cc                tcp_dooptions
                0x0083635c                tcp_pulloutofband
                0x00836488                tcp_xmit_timer
                0x008366f4                ip4_tcpmss
                0x0083673c                tcp_mss
 .text          0x00836858     0x1360 ../Capstone-FIT_bsp//libucosii_bsp.a(tcp_out.o)
                0x00836858                tcp_output
                0x008379d4                tcp_setpersist
 .text          0x00837bb8      0x9e8 ../Capstone-FIT_bsp//libucosii_bsp.a(tcp_subr.o)
                0x00837bb8                tcp_init
                0x00837c10                tcp_template
                0x00837d28                tcp_respond
                0x008381b0                tcp_newtcpcb
                0x008382c8                tcp_drop
                0x00838374                tcp_close
                0x0083845c                tcp_quench
                0x008384a8                tcp_putseq
                0x00838528                tcp_getseq
 .text          0x008385a0      0x798 ../Capstone-FIT_bsp//libucosii_bsp.a(tcp_timr.o)
                0x008385a0                tcp_slowtimo
                0x00838840                tcp_canceltimers
                0x0083889c                tcp_timers
 .text          0x00838d38      0x9ec ../Capstone-FIT_bsp//libucosii_bsp.a(tcp_usr.o)
                0x00838d38                tcp_usrreq
                0x0083943c                tcp_attach
                0x00839570                tcp_disconnect
                0x00839644                tcp_usrclosed
 .text          0x00839724       0x4c ../Capstone-FIT_bsp//libucosii_bsp.a(tcpport.o)
                0x00839724                tcpinit
 .text          0x00839770      0xd20 ../Capstone-FIT_bsp//libucosii_bsp.a(udpsock.o)
                0x00839770                udp_lookup
                0x008397e0                udp_soinput
                0x00839998                udp_usrreq
                0x00839c1c                udp4_sockbind
                0x00839f58                udp4_socksend
                0x0083a334                udp4_sockaddr
 .text          0x0083a490      0x154 ../Capstone-FIT_bsp//libucosii_bsp.a(alt_alarm_start.o)
                0x0083a490                alt_alarm_start
 .text          0x0083a5e4      0x14c ../Capstone-FIT_bsp//libucosii_bsp.a(alt_busy_sleep.o)
                0x0083a5e4                alt_busy_sleep
 .text          0x0083a730      0x15c ../Capstone-FIT_bsp//libucosii_bsp.a(alt_close.o)
                0x0083a730                alt_close
 .text          0x0083a88c       0x44 ../Capstone-FIT_bsp//libucosii_bsp.a(alt_dcache_flush_all.o)
                0x0083a88c                alt_dcache_flush_all
 .text          0x0083a8d0       0x2c ../Capstone-FIT_bsp//libucosii_bsp.a(alt_dev.o)
 .text          0x0083a8fc      0x114 ../Capstone-FIT_bsp//libucosii_bsp.a(alt_dev_llist_insert.o)
                0x0083a8fc                alt_dev_llist_insert
 .text          0x0083aa10       0x64 ../Capstone-FIT_bsp//libucosii_bsp.a(alt_do_ctors.o)
                0x0083aa10                _do_ctors
 .text          0x0083aa74       0x64 ../Capstone-FIT_bsp//libucosii_bsp.a(alt_do_dtors.o)
                0x0083aa74                _do_dtors
 .text          0x0083aad8        0x0 ../Capstone-FIT_bsp//libucosii_bsp.a(alt_errno.o)
 .text          0x0083aad8       0x94 ../Capstone-FIT_bsp//libucosii_bsp.a(alt_find_dev.o)
                0x0083aad8                alt_find_dev
 .text          0x0083ab6c      0x120 ../Capstone-FIT_bsp//libucosii_bsp.a(alt_find_file.o)
                0x0083ab6c                alt_find_file
 .text          0x0083ac8c       0x90 ../Capstone-FIT_bsp//libucosii_bsp.a(alt_fs_reg.o)
                0x0083ac8c                alt_fs_reg
 .text          0x0083ad1c       0xf4 ../Capstone-FIT_bsp//libucosii_bsp.a(alt_get_fd.o)
                0x0083ad1c                alt_get_fd
 .text          0x0083ae10       0x30 ../Capstone-FIT_bsp//libucosii_bsp.a(alt_icache_flush_all.o)
                0x0083ae10                alt_icache_flush_all
 .text          0x0083ae40      0x13c ../Capstone-FIT_bsp//libucosii_bsp.a(alt_io_redirect.o)
                0x0083af04                alt_io_redirect
 .text          0x0083af7c        0x0 ../Capstone-FIT_bsp//libucosii_bsp.a(alt_irq_entry.o)
 .text          0x0083af7c        0x0 ../Capstone-FIT_bsp//libucosii_bsp.a(alt_irq_handler.o)
 .text          0x0083af7c      0x180 ../Capstone-FIT_bsp//libucosii_bsp.a(alt_read.o)
                0x0083af7c                alt_read
 .text          0x0083b0fc       0x38 ../Capstone-FIT_bsp//libucosii_bsp.a(alt_remap_cached.o)
                0x0083b0fc                alt_remap_cached
 .text          0x0083b134       0x40 ../Capstone-FIT_bsp//libucosii_bsp.a(alt_remap_uncached.o)
                0x0083b134                alt_remap_uncached
 .text          0x0083b174      0x180 ../Capstone-FIT_bsp//libucosii_bsp.a(alt_write.o)
                0x0083b174                alt_write
 .text          0x0083b2f4       0x20 ../Capstone-FIT_bsp//libucosii_bsp.a(altera_nios2_qsys_irq.o)
                0x0083b2f4                altera_nios2_qsys_irq_init
 .text          0x0083b314       0xd0 ../Capstone-FIT_bsp//libucosii_bsp.a(os_cpu_a.o)
                0x0083b314                OSCtxSw
                0x0083b314                OSIntCtxSw
                0x0083b3a0                OSStartHighRdy
                0x0083b3c0                OSStartTsk
 .text          0x0083b3e4      0x424 ../Capstone-FIT_bsp//libucosii_bsp.a(os_cpu_c.o)
                0x0083b3e4                OSTaskStkInit
                0x0083b6f4                OSTaskCreateHook
                0x0083b714                OSTaskDelHook
                0x0083b734                OSTaskSwHook
                0x0083b750                OSTaskStatHook
                0x0083b76c                OSTimeTickHook
                0x0083b794                OSInitHookBegin
                0x0083b7b0                OSInitHookEnd
                0x0083b7cc                OSTaskIdleHook
                0x0083b7e8                OSTCBInitHook
 .text          0x0083b808      0x3d4 ../Capstone-FIT_bsp//libucosii_bsp.a(allports.o)
                0x0083b808                netmain_init
                0x0083b904                icmp_port_du
                0x0083b98c                station_state
                0x0083bad8                sysuptime
                0x0083bb14                packet_check
                0x0083bb60                mcastlist
                0x0083bb84                prep_modules
 .text          0x0083bbdc      0x480 ../Capstone-FIT_bsp//libucosii_bsp.a(timeouts.o)
                0x0083bbdc                inet_timer
                0x0083be38                in_timerset
                0x0083bfb4                in_timerkill
 .text          0x0083c05c       0xa4 ../Capstone-FIT_bsp//libucosii_bsp.a(tk_misc.o)
                0x0083c05c                create_apptasks
                0x0083c080                task_stats
 .text          0x0083c100       0xb0 ../Capstone-FIT_bsp//libucosii_bsp.a(alt_iniche_fcntl.o)
                0x0083c100                fcntl
 .text          0x0083c1b0     0x14a0 ../Capstone-FIT_bsp//libucosii_bsp.a(et_arp.o)
                0x0083c1b0                etainit
                0x0083c204                et_send
                0x0083c380                arp_free_pending
                0x0083c408                arp_send_pending
                0x0083c47c                send_arp
                0x0083c914                find_oldest_arp
                0x0083cabc                make_arp_entry
                0x0083cbd0                arpReply
                0x0083ce64                arprcv
                0x0083d0c4                send_via_arp
                0x0083d26c                cb_arpent_tmo
                0x0083d384                grat_arp
 .text          0x0083d650      0x298 ../Capstone-FIT_bsp//libucosii_bsp.a(iface.o)
                0x0083d650                if_getbynum
                0x0083d6d4                isbcast
                0x0083d7b4                reg_type
                0x0083d850                if_killsocks
 .text          0x0083d8e8     0x22a4 ../Capstone-FIT_bsp//libucosii_bsp.a(ip.o)
                0x0083d8e8                ip_init
                0x0083d9e4                ip_bldhead
                0x0083db88                ip_write_internal
                0x0083e308                ip_write
                0x0083e550                ip_write2
                0x0083e900                ip_raw_write
                0x0083e9d8                ip_fragment_lc
                0x0083ee60                ip_fragment
                0x0083f484                ip_mymach
                0x0083f530                ip_dump
                0x0083f7e8                iproute
                0x0083fa54                ip_copypkt
 .text          0x0083fb8c     0x1d9c ../Capstone-FIT_bsp//libucosii_bsp.a(ip_reasm.o)
                0x0083fb8c                ip_reasm_match_frag_with_ire
                0x0083fc5c                ip_reasm_determine_type_of_frag
                0x0083fd48                ip_reasm_check_mem_useage
                0x0083fde0                ip_reasm_incr_mem_useage
                0x0083fe88                ip_reasm_decr_mem_useage
                0x0083ff28                ip_reasm_process_first_fragment
                0x00840208                ip_reassm
                0x008402a8                ip_reasm_compute_overlap
                0x00840838                ip_reasm_process_subsequent_fragments
                0x00840dcc                ip_reasm_find_ire
                0x00840e30                ip_reasm_copy_queued_fragments_into_reassy_buffer
                0x0084118c                ip_reasm_process_timer_tick
                0x00841270                ip_reasm_delete_ire
                0x00841438                ip_reasm_mark_compact_rfq
                0x00841580                ipr_stats
                0x008418d4                ip_reasm_send_icmp_timex
 .text          0x00841928      0xe3c ../Capstone-FIT_bsp//libucosii_bsp.a(ipdemux.o)
                0x00841928                ip_rcv
                0x00841d28                ip_rcv_phase2
                0x00842334                ip_demux
 .text          0x00842764      0x2f0 ../Capstone-FIT_bsp//libucosii_bsp.a(ipmc.o)
                0x00842764                in_addmulti
                0x008428cc                in_delmulti
                0x008429e4                lookup_mcast
 .text          0x00842a54       0xe4 ../Capstone-FIT_bsp//libucosii_bsp.a(ipport.o)
                0x00842a54                prep_ifaces
                0x00842ae8                netexit
                0x00842b10                evtmap_setup
 .text          0x00842b38      0x550 ../Capstone-FIT_bsp//libucosii_bsp.a(ipraw.o)
                0x00842b38                ip_raw_open
                0x00842c28                ip_raw_close
                0x00842ce8                ip_raw_input
                0x00842f20                ip_raw_alloc
                0x00842fec                ip_raw_free
                0x0084302c                ip_raw_maxalloc
 .text          0x00843088      0x6f0 ../Capstone-FIT_bsp//libucosii_bsp.a(iproute.o)
                0x00843088                rt_lookup
                0x0084320c                add_route
                0x00843634                del_route
 .text          0x00843778      0xe3c ../Capstone-FIT_bsp//libucosii_bsp.a(udp.o)
                0x00843778                udpdemux
                0x00843fd0                udp_send
                0x00844288                udpswap
                0x008443b8                udp_socket
                0x00844488                udp_alloc
                0x00844548                udp_maxalloc
                0x00844574                udp_free
 .text          0x008445b4      0x2e8 ../Capstone-FIT_bsp//libucosii_bsp.a(igmp.o)
                0x008445b4                igmpv1_input
 .text          0x0084489c      0x7c0 ../Capstone-FIT_bsp//libucosii_bsp.a(igmp2.o)
                0x0084489c                igmpv2_input
                0x008449fc                igmpv2_process_report
                0x00844b48                igmpv2_process_query
                0x00844d94                igmpv2_chk_set_timer
                0x00844eec                igmpv2_chk4_rtr_alert_opt
 .text          0x0084505c      0x8fc ../Capstone-FIT_bsp//libucosii_bsp.a(ipopt.o)
                0x0084505c                IPADDR_TO_NETP
                0x008451a4                ip_setmoptions
                0x00845794                ip_getmoptions
                0x008458d4                ip_freemoptions
 .text          0x00845958      0x6ac ../Capstone-FIT_bsp//libucosii_bsp.a(u_mctest.o)
                0x00845958                u_mctest_init
                0x00845988                u_mctest_run
 .text          0x00846004      0x38c ../Capstone-FIT_bsp//libucosii_bsp.a(dhcsetup.o)
                0x00846004                dhc_setup
                0x0084628c                dhc_main_ipset
 .text          0x00846390      0x40c ../Capstone-FIT_bsp//libucosii_bsp.a(memdev.o)
                0x00846390                init_memdev
                0x00846408                md_fopen
                0x00846430                md_fclose
                0x00846450                md_fread
                0x008465d0                md_fwrite
                0x00846650                md_fseek
                0x0084667c                md_ftell
                0x008466a0                md_fgetc
                0x00846778                md_unlink
 .text          0x0084679c      0x810 ../Capstone-FIT_bsp//libucosii_bsp.a(parseip.o)
                0x0084679c                parse_ipad
                0x00846ab8                inet_addr
                0x00846b20                hextoa
                0x00846b90                inet_pton
                0x00846c3c                inet_ntop
                0x00846cc8                print46_addr
                0x00846d28                inet46_addr
                0x00846dec                inet_setport
                0x00846e60                convert_ip
 .text          0x00846fac      0x1cc ../Capstone-FIT_bsp//libucosii_bsp.a(tcpcksum.o)
                0x00846fac                tcp_cksum
 .text          0x00847178      0x900 ../Capstone-FIT_bsp//libucosii_bsp.a(in_pcb.o)
                0x00847178                in_pcballoc
                0x0084720c                in_pcbdetach
                0x00847260                in_pcbbind
                0x008474b4                in_pcbconnect
                0x008476c4                in_pcbdisconnect
                0x00847724                in_setsockaddr
                0x008477a0                in_setpeeraddr
                0x0084781c                in_pcblookup
 .text          0x00847a78     0x1a74 ../Capstone-FIT_bsp//libucosii_bsp.a(vfsfiles.o)
                0x00847a78                set_vfopen_error
                0x00847aa0                get_vfopen_error
                0x00847ac0                vf_alloc_and_link_vop
                0x00847b3c                vf_alloc_buffer
                0x00847c14                vf_free_buffer
                0x00847c64                vfopen_locked
                0x00847fcc                vfopen
                0x0084801c                vfclose_locked
                0x008481c4                vfclose
                0x00848204                vfflush
                0x0084824c                vfgets
                0x00848330                vfeof
                0x00848388                vunlink_flag_open_files
                0x008483e4                vunlink
                0x00848604                vfread
                0x008487b0                vfwrite_locked
                0x00848b98                vfwrite
                0x00848bf8                vfseek
                0x00848d74                vftell
                0x00848ea8                vgetc_locked
                0x00848fc8                vgetc
                0x00849010                vfslookup_locked
                0x00849148                vfslookup
                0x00849190                strippath
                0x00849378                isvfile_locked
                0x008493dc                isvfile
                0x00849424                vferror
                0x00849490                vclearerr
 .text          0x008494ec       0x24 ../Capstone-FIT_bsp//libucosii_bsp.a(vfsport.o)
                0x008494ec                prep_vfs
 .text          0x00849510        0x0 ../Capstone-FIT_bsp//libucosii_bsp.a(alt_exception_entry.o)
 .text          0x00849510      0x1b4 ../Capstone-FIT_bsp//libucosii_bsp.a(alt_fcntl.o)
                0x00849510                alt_fcntl
 .text          0x008496c4       0x90 ../Capstone-FIT_bsp//libucosii_bsp.a(alt_icache_flush.o)
                0x008496c4                alt_icache_flush
 .text          0x00849754     0x130c ../Capstone-FIT_bsp//libucosii_bsp.a(icmp.o)
                0x00849754                icmprcv
                0x0084a388                icmp_destun
                0x0084a6d8                icmp_timex
                0x0084aa0c                icmp_du
 .text          0x0084aa60       0x14 /OPT/altera/12.1/nios2eds/bin/gnu/H-i686-pc-linux-gnu/bin/../lib/gcc/nios2-elf/4.1.2/../../../../nios2-elf/lib/libc.a(lib_a-atexit.o)
                0x0084aa60                atexit
 .text          0x0084aa74       0x1c /OPT/altera/12.1/nios2eds/bin/gnu/H-i686-pc-linux-gnu/bin/../lib/gcc/nios2-elf/4.1.2/../../../../nios2-elf/lib/libc.a(lib_a-calloc.o)
                0x0084aa74                calloc
 .text          0x0084aa90       0x28 /OPT/altera/12.1/nios2eds/bin/gnu/H-i686-pc-linux-gnu/bin/../lib/gcc/nios2-elf/4.1.2/../../../../nios2-elf/lib/libc.a(lib_a-malloc.o)
                0x0084aa90                free
                0x0084aaa4                malloc
 .text          0x0084aab8       0x34 /OPT/altera/12.1/nios2eds/bin/gnu/H-i686-pc-linux-gnu/bin/../lib/gcc/nios2-elf/4.1.2/../../../../nios2-elf/lib/libc.a(lib_a-vprintf.o)
                0x0084aab8                _vprintf_r
                0x0084aacc                vprintf
 .text          0x0084aaec       0x74 /OPT/altera/12.1/nios2eds/bin/gnu/H-i686-pc-linux-gnu/bin/../lib/gcc/nios2-elf/4.1.2/../../../../nios2-elf/lib/libc.a(lib_a-vsprintf.o)
                0x0084aaec                _vsprintf_r
                0x0084ab3c                vsprintf
 .text          0x0084ab60      0x134 /OPT/altera/12.1/nios2eds/bin/gnu/H-i686-pc-linux-gnu/bin/../lib/gcc/nios2-elf/4.1.2/../../../../nios2-elf/lib/libc.a(lib_a-__atexit.o)
                0x0084ab60                __register_exitproc
 *(.gnu.warning.*)
 *(.fini)
                0x0084ac94                PROVIDE (__etext, ABSOLUTE (.))
                0x0084ac94                PROVIDE (_etext, ABSOLUTE (.))
                0x0084ac94                PROVIDE (etext, ABSOLUTE (.))
 *(.eh_frame_hdr)
                0x0084ac94                . = ALIGN (0x4)
                0x0084ac94                PROVIDE (__preinit_array_start, ABSOLUTE (.))
 *(.preinit_array)
                0x0084ac94                PROVIDE (__preinit_array_end, ABSOLUTE (.))
                0x0084ac94                PROVIDE (__init_array_start, ABSOLUTE (.))
 *(.init_array)
                0x0084ac94                PROVIDE (__init_array_end, ABSOLUTE (.))
                0x0084ac94                PROVIDE (__fini_array_start, ABSOLUTE (.))
 *(.fini_array)
                0x0084ac94                PROVIDE (__fini_array_end, ABSOLUTE (.))
 *(.eh_frame)
 *(.gcc_except_table)
 *(.dynamic)
                0x0084ac94                PROVIDE (__CTOR_LIST__, ABSOLUTE (.))
 *(.ctors)
 *(SORT(.ctors.*))
 .ctors.65535   0x0084ac94        0x4 /OPT/altera/12.1/nios2eds/bin/gnu/H-i686-pc-linux-gnu/bin/../lib/gcc/nios2-elf/4.1.2/../../../../nios2-elf/lib/libc.a(lib_a-__call_atexit.o)
                0x0084ac98                PROVIDE (__CTOR_END__, ABSOLUTE (.))
                0x0084ac98                PROVIDE (__DTOR_LIST__, ABSOLUTE (.))
 *(.dtors)
 *(SORT(.dtors.*))
                0x0084ac98                PROVIDE (__DTOR_END__, ABSOLUTE (.))
 *(.jcr)
                0x0084ac98                . = ALIGN (0x4)

.rodata         0x0084ac98     0x4300
                0x0084ac98                PROVIDE (__ram_rodata_start, ABSOLUTE (.))
                0x0084ac98                . = ALIGN (0x4)
 *(.rodata .rodata.* .gnu.linkonce.r.*)
 .rodata        0x0084ac98      0x654 obj/default/alt_error_handler.o
 .rodata        0x0084b2ec       0x64 obj/default/dm9000a.o
 .rodata        0x0084b350      0x840 obj/default/http.o
 .rodata        0x0084bb90      0x244 obj/default/network_utilities.o
 .rodata        0x0084bdd4      0x1ac obj/default/srec_flash.o
 .rodata        0x0084bf80       0x94 obj/default/web_server.o
 .rodata        0x0084c014      0x281 /OPT/altera/12.1/nios2eds/bin/gnu/H-i686-pc-linux-gnu/bin/../lib/gcc/nios2-elf/4.1.2/../../../../nios2-elf/lib/libc.a(lib_a-ctype_.o)
                0x0084c014                _ctype_
 *fill*         0x0084c295        0x3 00
 .rodata.str1.4
                0x0084c298        0x2 /OPT/altera/12.1/nios2eds/bin/gnu/H-i686-pc-linux-gnu/bin/../lib/gcc/nios2-elf/4.1.2/../../../../nios2-elf/lib/libc.a(lib_a-impure.o)
                                  0x4 (size before relaxing)
 *fill*         0x0084c29a        0x2 00
 .rodata.str1.4
                0x0084c29c        0x3 /OPT/altera/12.1/nios2eds/bin/gnu/H-i686-pc-linux-gnu/bin/../lib/gcc/nios2-elf/4.1.2/../../../../nios2-elf/lib/libc.a(lib_a-perror.o)
                                  0x4 (size before relaxing)
 *fill*         0x0084c29f        0x1 00
 .rodata.str1.4
                0x0084c2a0        0x2 /OPT/altera/12.1/nios2eds/bin/gnu/H-i686-pc-linux-gnu/bin/../lib/gcc/nios2-elf/4.1.2/../../../../nios2-elf/lib/libc.a(lib_a-puts.o)
                                  0x4 (size before relaxing)
 *fill*         0x0084c2a2        0x2 00
 .rodata.str1.4
                0x0084c2a4      0x7a2 /OPT/altera/12.1/nios2eds/bin/gnu/H-i686-pc-linux-gnu/bin/../lib/gcc/nios2-elf/4.1.2/../../../../nios2-elf/lib/libc.a(lib_a-strerror.o)
                                0x7a8 (size before relaxing)
 *fill*         0x0084ca46        0x2 00
 .rodata.str1.4
                0x0084ca48       0x5e /OPT/altera/12.1/nios2eds/bin/gnu/H-i686-pc-linux-gnu/bin/../lib/gcc/nios2-elf/4.1.2/../../../../nios2-elf/lib/libc.a(lib_a-vfprintf.o)
                                 0x60 (size before relaxing)
 .rodata        0x0084caa6       0x20 /OPT/altera/12.1/nios2eds/bin/gnu/H-i686-pc-linux-gnu/bin/../lib/gcc/nios2-elf/4.1.2/../../../../nios2-elf/lib/libc.a(lib_a-vfprintf.o)
 *fill*         0x0084cac6        0x2 00
 .rodata.str1.4
                0x0084cac8        0x5 /OPT/altera/12.1/nios2eds/bin/gnu/H-i686-pc-linux-gnu/bin/../lib/gcc/nios2-elf/4.1.2/../../../../nios2-elf/lib/libc.a(lib_a-vfscanf.o)
                                  0x8 (size before relaxing)
 *fill*         0x0084cacd        0x1 00
 .rodata        0x0084cace       0x22 /OPT/altera/12.1/nios2eds/bin/gnu/H-i686-pc-linux-gnu/bin/../lib/gcc/nios2-elf/4.1.2/../../../../nios2-elf/lib/libc.a(lib_a-vfscanf.o)
 .rodata.str1.4
                0x0084caf0       0x10 /OPT/altera/12.1/nios2eds/bin/gnu/H-i686-pc-linux-gnu/bin/../lib/gcc/nios2-elf/4.1.2/../../../../nios2-elf/lib/libc.a(lib_a-dtoa.o)
                                 0x14 (size before relaxing)
 .rodata.str1.4
                0x0084cb00        0xf /OPT/altera/12.1/nios2eds/bin/gnu/H-i686-pc-linux-gnu/bin/../lib/gcc/nios2-elf/4.1.2/../../../../nios2-elf/lib/libc.a(lib_a-locale.o)
                                 0x18 (size before relaxing)
 *fill*         0x0084cb0f        0x1 00
 .rodata        0x0084cb10       0x30 /OPT/altera/12.1/nios2eds/bin/gnu/H-i686-pc-linux-gnu/bin/../lib/gcc/nios2-elf/4.1.2/../../../../nios2-elf/lib/libc.a(lib_a-locale.o)
 .rodata.str1.4
                0x00000000        0x4 /OPT/altera/12.1/nios2eds/bin/gnu/H-i686-pc-linux-gnu/bin/../lib/gcc/nios2-elf/4.1.2/../../../../nios2-elf/lib/libc.a(lib_a-mbrtowc.o)
 .rodata        0x0084cb40      0x124 /OPT/altera/12.1/nios2eds/bin/gnu/H-i686-pc-linux-gnu/bin/../lib/gcc/nios2-elf/4.1.2/../../../../nios2-elf/lib/libc.a(lib_a-mprec.o)
                0x0084cb40                __mprec_tens
                0x0084cc08                __mprec_bigtens
                0x0084cc30                __mprec_tinytens
 .rodata.str1.4
                0x0084cc64        0xf /OPT/altera/12.1/nios2eds/bin/gnu/H-i686-pc-linux-gnu/bin/../lib/gcc/nios2-elf/4.1.2/../../../../nios2-elf/lib/libc.a(lib_a-strtod.o)
                                 0x10 (size before relaxing)
 *fill*         0x0084cc73        0x1 00
 .rodata        0x0084cc74       0x28 /OPT/altera/12.1/nios2eds/bin/gnu/H-i686-pc-linux-gnu/bin/../lib/gcc/nios2-elf/4.1.2/../../../../nios2-elf/lib/libc.a(lib_a-strtod.o)
 .rodata.str1.4
                0x0084cc9c       0x1c /OPT/altera/12.1/nios2eds/bin/gnu/H-i686-pc-linux-gnu/bin/../lib/gcc/nios2-elf/4.1.2/../../../../nios2-elf/lib/libc.a(lib_a-gdtoa-gethex.o)
 .rodata        0x0084ccb8       0x14 /OPT/altera/12.1/nios2eds/bin/gnu/H-i686-pc-linux-gnu/bin/../lib/gcc/nios2-elf/4.1.2/libgcc.a(_thenan_df.o)
                0x0084ccb8                __thenan_df
 .rodata        0x0084cccc      0x100 /OPT/altera/12.1/nios2eds/bin/gnu/H-i686-pc-linux-gnu/bin/../lib/gcc/nios2-elf/4.1.2/libgcc.a(_clz.o)
                0x0084cccc                __clz_tab
 .rodata        0x0084cdcc       0x10 ../Capstone-FIT_bsp//libucosii_bsp.a(alt_main.o)
 .rodata        0x0084cddc      0x120 ../Capstone-FIT_bsp//libucosii_bsp.a(os_core.o)
                0x0084cddc                OSUnMapTbl
 .rodata        0x0084cefc       0x74 ../Capstone-FIT_bsp//libucosii_bsp.a(alt_sys_init.o)
 .rodata        0x0084cf70       0xd8 ../Capstone-FIT_bsp//libucosii_bsp.a(ipnet.o)
 .rodata        0x0084d048       0xec ../Capstone-FIT_bsp//libucosii_bsp.a(ipstart.o)
 .rodata        0x0084d134      0x54c ../Capstone-FIT_bsp//libucosii_bsp.a(igmp_cmn.o)
 .rodata        0x0084d680       0xb8 ../Capstone-FIT_bsp//libucosii_bsp.a(in_utils.o)
 .rodata        0x0084d738       0x34 ../Capstone-FIT_bsp//libucosii_bsp.a(netmain.o)
 .rodata        0x0084d76c      0x1a8 ../Capstone-FIT_bsp//libucosii_bsp.a(tk_crnos.o)
 .rodata        0x0084d914        0x8 ../Capstone-FIT_bsp//libucosii_bsp.a(dhcpclnt.o)
 .rodata        0x0084d91c      0x118 ../Capstone-FIT_bsp//libucosii_bsp.a(pktalloc.o)
 .rodata        0x0084da34       0x84 ../Capstone-FIT_bsp//libucosii_bsp.a(udp_open.o)
 .rodata        0x0084dab8       0x2c ../Capstone-FIT_bsp//libucosii_bsp.a(brdutils.o)
 .rodata        0x0084dae4      0x26c ../Capstone-FIT_bsp//libucosii_bsp.a(osportco.o)
 .rodata        0x0084dd50       0xa0 ../Capstone-FIT_bsp//libucosii_bsp.a(targnios.o)
 .rodata        0x0084ddf0       0x90 ../Capstone-FIT_bsp//libucosii_bsp.a(nptcp.o)
 .rodata        0x0084de80        0x8 ../Capstone-FIT_bsp//libucosii_bsp.a(sockcall.o)
 .rodata        0x0084de88       0x50 ../Capstone-FIT_bsp//libucosii_bsp.a(socket.o)
 .rodata        0x0084ded8       0x40 ../Capstone-FIT_bsp//libucosii_bsp.a(socket2.o)
 .rodata        0x0084df18       0x20 ../Capstone-FIT_bsp//libucosii_bsp.a(tcp_in.o)
 .rodata        0x0084df38       0x40 ../Capstone-FIT_bsp//libucosii_bsp.a(tcp_out.o)
 .rodata        0x0084df78       0x24 ../Capstone-FIT_bsp//libucosii_bsp.a(tcp_subr.o)
 .rodata        0x0084df9c       0x2c ../Capstone-FIT_bsp//libucosii_bsp.a(tcp_usr.o)
 .rodata        0x0084dfc8        0xc ../Capstone-FIT_bsp//libucosii_bsp.a(alt_dev.o)
 .rodata        0x0084dfd4        0x4 ../Capstone-FIT_bsp//libucosii_bsp.a(os_cpu_c.o)
 .rodata        0x0084dfd8      0x1d4 ../Capstone-FIT_bsp//libucosii_bsp.a(allports.o)
 .rodata        0x0084e1ac       0x34 ../Capstone-FIT_bsp//libucosii_bsp.a(tk_misc.o)
 .rodata        0x0084e1e0       0x44 ../Capstone-FIT_bsp//libucosii_bsp.a(et_arp.o)
 .rodata        0x0084e224      0x1dc ../Capstone-FIT_bsp//libucosii_bsp.a(ip.o)
 .rodata        0x0084e400      0x158 ../Capstone-FIT_bsp//libucosii_bsp.a(ip_reasm.o)
 .rodata        0x0084e558      0x120 ../Capstone-FIT_bsp//libucosii_bsp.a(ipdemux.o)
 .rodata        0x0084e678       0x34 ../Capstone-FIT_bsp//libucosii_bsp.a(ipport.o)
 .rodata        0x0084e6ac       0x24 ../Capstone-FIT_bsp//libucosii_bsp.a(ipraw.o)
 .rodata        0x0084e6d0       0x38 ../Capstone-FIT_bsp//libucosii_bsp.a(iproute.o)
 .rodata        0x0084e708       0xe8 ../Capstone-FIT_bsp//libucosii_bsp.a(udp.o)
 .rodata        0x0084e7f0      0x2d0 ../Capstone-FIT_bsp//libucosii_bsp.a(u_mctest.o)
 .rodata        0x0084eac0       0xf8 ../Capstone-FIT_bsp//libucosii_bsp.a(dhcsetup.o)
 .rodata        0x0084ebb8       0x94 ../Capstone-FIT_bsp//libucosii_bsp.a(parseip.o)
 .rodata        0x0084ec4c       0x34 ../Capstone-FIT_bsp//libucosii_bsp.a(vfsfiles.o)
 .rodata        0x0084ec80      0x318 ../Capstone-FIT_bsp//libucosii_bsp.a(icmp.o)
 *(.rodata1)
                0x0084ef98                . = ALIGN (0x4)
                0x0084ef98                PROVIDE (__ram_rodata_end, ABSOLUTE (.))
                0x0084ac98                PROVIDE (__flash_rodata_start, LOADADDR (.rodata))

.rwdata         0x0084ef98     0x1ee8 load address 0x00850e80
                0x0084ef98                PROVIDE (__ram_rwdata_start, ABSOLUTE (.))
                0x0084ef98                . = ALIGN (0x4)
 *(.got.plt)
 *(.got)
 *(.data1)
 *(.data .data.* .gnu.linkonce.d.*)
 .data          0x0084ef98        0x0 ../Capstone-FIT_bsp//obj/HAL/src/crt0.o
 .data          0x0084ef98        0x0 obj/default/alt_error_handler.o
 .data          0x0084ef98        0x0 obj/default/dm9000a.o
 .data          0x0084ef98        0x0 obj/default/http.o
 .data          0x0084ef98        0x0 obj/default/network_utilities.o
 .data          0x0084ef98        0x0 obj/default/srec_flash.o
 .data          0x0084ef98       0x18 obj/default/web_server.o
                0x0084ef98                wstask
 .data          0x0084efb0        0x0 /OPT/altera/12.1/nios2eds/bin/gnu/H-i686-pc-linux-gnu/bin/../lib/gcc/nios2-elf/4.1.2/libgcc.a(lib2-divmod.o)
 .data          0x0084efb0        0x0 /OPT/altera/12.1/nios2eds/bin/gnu/H-i686-pc-linux-gnu/bin/../lib/gcc/nios2-elf/4.1.2/../../../../nios2-elf/lib/libc.a(lib_a-atoi.o)
 .data          0x0084efb0        0x0 /OPT/altera/12.1/nios2eds/bin/gnu/H-i686-pc-linux-gnu/bin/../lib/gcc/nios2-elf/4.1.2/../../../../nios2-elf/lib/libc.a(lib_a-ctype_.o)
 .data          0x0084efb0        0x0 /OPT/altera/12.1/nios2eds/bin/gnu/H-i686-pc-linux-gnu/bin/../lib/gcc/nios2-elf/4.1.2/../../../../nios2-elf/lib/libc.a(lib_a-exit.o)
 .data          0x0084efb0        0x0 /OPT/altera/12.1/nios2eds/bin/gnu/H-i686-pc-linux-gnu/bin/../lib/gcc/nios2-elf/4.1.2/../../../../nios2-elf/lib/libc.a(lib_a-fclose.o)