Archive member included because of file (symbol)

/OPT/altera/12.1/nios2eds/bin/gnu/H-i686-pc-linux-gnu/bin/../lib/gcc/nios2-elf/4.1.2/../../../../nios2-elf/lib/libc.a(lib_a-puts.o)
                              obj/default/main.o (puts)
/OPT/altera/12.1/nios2eds/bin/gnu/H-i686-pc-linux-gnu/bin/../lib/gcc/nios2-elf/4.1.2/../../../../nios2-elf/lib/libc.a(lib_a-strlen.o)
                              /OPT/altera/12.1/nios2eds/bin/gnu/H-i686-pc-linux-gnu/bin/../lib/gcc/nios2-elf/4.1.2/../../../../nios2-elf/lib/libc.a(lib_a-puts.o) (strlen)
/OPT/altera/12.1/nios2eds/bin/gnu/H-i686-pc-linux-gnu/bin/../lib/gcc/nios2-elf/4.1.2/../../../../nios2-elf/lib/libc.a(lib_a-fvwrite.o)
                              /OPT/altera/12.1/nios2eds/bin/gnu/H-i686-pc-linux-gnu/bin/../lib/gcc/nios2-elf/4.1.2/../../../../nios2-elf/lib/libc.a(lib_a-puts.o) (__sfvwrite_r)
/OPT/altera/12.1/nios2eds/bin/gnu/H-i686-pc-linux-gnu/bin/../lib/gcc/nios2-elf/4.1.2/../../../../nios2-elf/lib/libc.a(lib_a-impure.o)
                              /OPT/altera/12.1/nios2eds/bin/gnu/H-i686-pc-linux-gnu/bin/../lib/gcc/nios2-elf/4.1.2/../../../../nios2-elf/lib/libc.a(lib_a-puts.o) (_impure_ptr)
/OPT/altera/12.1/nios2eds/bin/gnu/H-i686-pc-linux-gnu/bin/../lib/gcc/nios2-elf/4.1.2/../../../../nios2-elf/lib/libc.a(lib_a-mallocr.o)
                              /OPT/altera/12.1/nios2eds/bin/gnu/H-i686-pc-linux-gnu/bin/../lib/gcc/nios2-elf/4.1.2/../../../../nios2-elf/lib/libc.a(lib_a-fvwrite.o) (_malloc_r)
/OPT/altera/12.1/nios2eds/bin/gnu/H-i686-pc-linux-gnu/bin/../lib/gcc/nios2-elf/4.1.2/../../../../nios2-elf/lib/libc.a(lib_a-memchr.o)
                              /OPT/altera/12.1/nios2eds/bin/gnu/H-i686-pc-linux-gnu/bin/../lib/gcc/nios2-elf/4.1.2/../../../../nios2-elf/lib/libc.a(lib_a-fvwrite.o) (memchr)
/OPT/altera/12.1/nios2eds/bin/gnu/H-i686-pc-linux-gnu/bin/../lib/gcc/nios2-elf/4.1.2/../../../../nios2-elf/lib/libc.a(lib_a-memcpy.o)
                              /OPT/altera/12.1/nios2eds/bin/gnu/H-i686-pc-linux-gnu/bin/../lib/gcc/nios2-elf/4.1.2/../../../../nios2-elf/lib/libc.a(lib_a-fvwrite.o) (memcpy)
/OPT/altera/12.1/nios2eds/bin/gnu/H-i686-pc-linux-gnu/bin/../lib/gcc/nios2-elf/4.1.2/../../../../nios2-elf/lib/libc.a(lib_a-memmove.o)
                              /OPT/altera/12.1/nios2eds/bin/gnu/H-i686-pc-linux-gnu/bin/../lib/gcc/nios2-elf/4.1.2/../../../../nios2-elf/lib/libc.a(lib_a-fvwrite.o) (memmove)
/OPT/altera/12.1/nios2eds/bin/gnu/H-i686-pc-linux-gnu/bin/../lib/gcc/nios2-elf/4.1.2/../../../../nios2-elf/lib/libc.a(lib_a-reallocr.o)
                              /OPT/altera/12.1/nios2eds/bin/gnu/H-i686-pc-linux-gnu/bin/../lib/gcc/nios2-elf/4.1.2/../../../../nios2-elf/lib/libc.a(lib_a-fvwrite.o) (_realloc_r)
/OPT/altera/12.1/nios2eds/bin/gnu/H-i686-pc-linux-gnu/bin/../lib/gcc/nios2-elf/4.1.2/../../../../nios2-elf/lib/libc.a(lib_a-sbrkr.o)
                              /OPT/altera/12.1/nios2eds/bin/gnu/H-i686-pc-linux-gnu/bin/../lib/gcc/nios2-elf/4.1.2/../../../../nios2-elf/lib/libc.a(lib_a-mallocr.o) (_sbrk_r)
/OPT/altera/12.1/nios2eds/bin/gnu/H-i686-pc-linux-gnu/bin/../lib/gcc/nios2-elf/4.1.2/../../../../nios2-elf/lib/libc.a(lib_a-wsetup.o)
                              /OPT/altera/12.1/nios2eds/bin/gnu/H-i686-pc-linux-gnu/bin/../lib/gcc/nios2-elf/4.1.2/../../../../nios2-elf/lib/libc.a(lib_a-fvwrite.o) (__swsetup_r)
/OPT/altera/12.1/nios2eds/bin/gnu/H-i686-pc-linux-gnu/bin/../lib/gcc/nios2-elf/4.1.2/../../../../nios2-elf/lib/libc.a(lib_a-fflush.o)
                              /OPT/altera/12.1/nios2eds/bin/gnu/H-i686-pc-linux-gnu/bin/../lib/gcc/nios2-elf/4.1.2/../../../../nios2-elf/lib/libc.a(lib_a-fvwrite.o) (_fflush_r)
/OPT/altera/12.1/nios2eds/bin/gnu/H-i686-pc-linux-gnu/bin/../lib/gcc/nios2-elf/4.1.2/../../../../nios2-elf/lib/libc.a(lib_a-findfp.o)
                              /OPT/altera/12.1/nios2eds/bin/gnu/H-i686-pc-linux-gnu/bin/../lib/gcc/nios2-elf/4.1.2/../../../../nios2-elf/lib/libc.a(lib_a-wsetup.o) (__sinit)
/OPT/altera/12.1/nios2eds/bin/gnu/H-i686-pc-linux-gnu/bin/../lib/gcc/nios2-elf/4.1.2/../../../../nios2-elf/lib/libc.a(lib_a-freer.o)
                              /OPT/altera/12.1/nios2eds/bin/gnu/H-i686-pc-linux-gnu/bin/../lib/gcc/nios2-elf/4.1.2/../../../../nios2-elf/lib/libc.a(lib_a-fvwrite.o) (_free_r)
/OPT/altera/12.1/nios2eds/bin/gnu/H-i686-pc-linux-gnu/bin/../lib/gcc/nios2-elf/4.1.2/../../../../nios2-elf/lib/libc.a(lib_a-fwalk.o)
                              /OPT/altera/12.1/nios2eds/bin/gnu/H-i686-pc-linux-gnu/bin/../lib/gcc/nios2-elf/4.1.2/../../../../nios2-elf/lib/libc.a(lib_a-fflush.o) (_fwalk_reent)
/OPT/altera/12.1/nios2eds/bin/gnu/H-i686-pc-linux-gnu/bin/../lib/gcc/nios2-elf/4.1.2/../../../../nios2-elf/lib/libc.a(lib_a-int_errno.o)
                              /OPT/altera/12.1/nios2eds/bin/gnu/H-i686-pc-linux-gnu/bin/../lib/gcc/nios2-elf/4.1.2/../../../../nios2-elf/lib/libc.a(lib_a-sbrkr.o) (errno)
[...]
Memory Configuration

Name             Origin             Length             Attributes
sdram            0x00800000         0x00800000
tristate_controller 0x01400000         0x00400000
sram             0x01880000         0x00080000
reset            0x01904000         0x00000020
onchip_memory2   0x01904020         0x00003fe0
*default*        0x00000000         0xffffffff

Linker script and memory map

LOAD ../barcode_scanner_bsp//obj/HAL/src/crt0.o
LOAD obj/default/main.o
LOAD /OPT/altera/12.1/nios2eds/bin/gnu/H-i686-pc-linux-gnu/bin/../lib/gcc/nios2-elf/4.1.2/../../../../nios2-elf/lib/libstdc++.a
LOAD /OPT/altera/12.1/nios2eds/bin/gnu/H-i686-pc-linux-gnu/bin/../lib/gcc/nios2-elf/4.1.2/../../../../nios2-elf/lib/libm.a
LOAD /OPT/altera/12.1/nios2eds/bin/gnu/H-i686-pc-linux-gnu/bin/../lib/gcc/nios2-elf/4.1.2/libgcc.a
START GROUP
LOAD /OPT/altera/12.1/nios2eds/bin/gnu/H-i686-pc-linux-gnu/bin/../lib/gcc/nios2-elf/4.1.2/../../../../nios2-elf/lib/libc.a
LOAD /OPT/altera/12.1/nios2eds/bin/gnu/H-i686-pc-linux-gnu/bin/../lib/gcc/nios2-elf/4.1.2/libgcc.a
LOAD ../barcode_scanner_bsp//libucosii_bsp.a
END GROUP
LOAD /OPT/altera/12.1/nios2eds/bin/gnu/H-i686-pc-linux-gnu/bin/../lib/gcc/nios2-elf/4.1.2/libgcc.a
                0x00800000                __alt_mem_sdram = 0x800000
                0x01400000                __alt_mem_tristate_controller = 0x1400000
                0x01880000                __alt_mem_sram = 0x1880000
                0x01904000                __alt_mem_onchip_memory2 = 0x1904000

.entry          0x01904000       0x20
 *(.entry)
 .entry         0x01904000       0x20 ../barcode_scanner_bsp//obj/HAL/src/crt0.o
                0x01904000                __reset

.exceptions     0x01904020      0x1a0 load address 0x00800000
                0x01904020                PROVIDE (__ram_exceptions_start, ABSOLUTE (.))
                0x01904020                . = ALIGN (0x20)
 *(.irq)
 *(.exceptions.entry.label)
 .exceptions.entry.label
                0x01904020        0x0 ../barcode_scanner_bsp//libucosii_bsp.a(alt_irq_entry.o)
                0x01904020                alt_irq_entry
 .exceptions.entry.label
                0x01904020        0x0 ../barcode_scanner_bsp//libucosii_bsp.a(alt_exception_entry.o)
                0x01904020                alt_exception
 *(.exceptions.entry.user)
 *(.exceptions.entry)
 .exceptions.entry
                0x01904020       0x54 ../barcode_scanner_bsp//libucosii_bsp.a(alt_exception_entry.o)
 *(.exceptions.irqtest.user)
 *(.exceptions.irqtest)
 .exceptions.irqtest
                0x01904074       0x10 ../barcode_scanner_bsp//libucosii_bsp.a(alt_irq_entry.o)
 *(.exceptions.irqhandler.user)
 *(.exceptions.irqhandler)
 .exceptions.irqhandler
                0x01904084        0x4 ../barcode_scanner_bsp//libucosii_bsp.a(alt_irq_entry.o)
 *(.exceptions.irqreturn.user)
 *(.exceptions.irqreturn)
 .exceptions.irqreturn
                0x01904088        0x4 ../barcode_scanner_bsp//libucosii_bsp.a(alt_irq_entry.o)
 *(.exceptions.notirq.label)
 .exceptions.notirq.label
                0x0190408c        0x0 ../barcode_scanner_bsp//libucosii_bsp.a(alt_irq_entry.o)
 *(.exceptions.notirq.user)
 *(.exceptions.notirq)
 .exceptions.notirq
                0x0190408c        0x8 ../barcode_scanner_bsp//libucosii_bsp.a(alt_exception_entry.o)
 *(.exceptions.soft.user)
 *(.exceptions.soft)
 *(.exceptions.unknown.user)
 *(.exceptions.unknown)
 .exceptions.unknown
                0x01904094        0x4 ../barcode_scanner_bsp//libucosii_bsp.a(alt_exception_entry.o)
 *(.exceptions.exit.label)
 .exceptions.exit.label
                0x01904098        0x0 ../barcode_scanner_bsp//libucosii_bsp.a(alt_irq_entry.o)
 .exceptions.exit.label
                0x01904098        0x0 ../barcode_scanner_bsp//libucosii_bsp.a(alt_exception_entry.o)
 *(.exceptions.exit.user)
 *(.exceptions.exit)
 .exceptions.exit
                0x01904098       0x54 ../barcode_scanner_bsp//libucosii_bsp.a(alt_exception_entry.o)
 *(.exceptions)
 .exceptions    0x019040ec       0xd4 ../barcode_scanner_bsp//libucosii_bsp.a(alt_irq_handler.o)
                0x019040ec                alt_irq_handler
                0x019041c0                PROVIDE (__ram_exceptions_end, ABSOLUTE (.))
                0x00800000                PROVIDE (__flash_exceptions_start, LOADADDR (.exceptions))

.text           0x008001a0     0xef2c
                0x008001a0                PROVIDE (stext, ABSOLUTE (.))
 *(.interp)
 *(.hash)
 *(.dynsym)
 *(.dynstr)
 *(.gnu.version)
 *(.gnu.version_d)
 *(.gnu.version_r)
 *(.rel.init)
 *(.rela.init)
 *(.rel.text .rel.text.* .rel.gnu.linkonce.t.*)
 *(.rela.text .rela.text.* .rela.gnu.linkonce.t.*)
 *(.rel.fini)
 *(.rela.fini)
 *(.rel.rodata .rel.rodata.* .rel.gnu.linkonce.r.*)
 *(.rela.rodata .rela.rodata.* .rela.gnu.linkonce.r.*)
 *(.rel.data .rel.data.* .rel.gnu.linkonce.d.*)
 *(.rela.data .rela.data.* .rela.gnu.linkonce.d.*)
 *(.rel.tdata .rel.tdata.* .rel.gnu.linkonce.td.*)
 *(.rela.tdata .rela.tdata.* .rela.gnu.linkonce.td.*)
 *(.rel.tbss .rel.tbss.* .rel.gnu.linkonce.tb.*)
 *(.rela.tbss .rela.tbss.* .rela.gnu.linkonce.tb.*)
 *(.rel.ctors)
 *(.rela.ctors)
 *(.rel.dtors)
 *(.rela.dtors)
 *(.rel.got)
 *(.rela.got)
 *(.rel.sdata .rel.sdata.* .rel.gnu.linkonce.s.*)
 *(.rela.sdata .rela.sdata.* .rela.gnu.linkonce.s.*)
 *(.rel.sbss .rel.sbss.* .rel.gnu.linkonce.sb.*)
 *(.rela.sbss .rela.sbss.* .rela.gnu.linkonce.sb.*)
 *(.rel.sdata2 .rel.sdata2.* .rel.gnu.linkonce.s2.*)
 *(.rela.sdata2 .rela.sdata2.* .rela.gnu.linkonce.s2.*)
 *(.rel.sbss2 .rel.sbss2.* .rel.gnu.linkonce.sb2.*)
 *(.rela.sbss2 .rela.sbss2.* .rela.gnu.linkonce.sb2.*)
 *(.rel.bss .rel.bss.* .rel.gnu.linkonce.b.*)
 *(.rela.bss .rela.bss.* .rela.gnu.linkonce.b.*)
 *(.rel.plt)
 *(.rela.plt)
 *(.rel.dyn)
 *(.init)
 *(.plt)
 *(.text .stub .text.* .gnu.linkonce.t.*)
 .text          0x008001a0       0x3c ../barcode_scanner_bsp//obj/HAL/src/crt0.o
                0x008001a0                _start
 .text          0x008001dc      0x11c obj/default/main.o
                0x008001dc                task1
                0x00800214                task2
                0x0080024c                main
 .text          0x008002f8       0xb4 /OPT/altera/12.1/nios2eds/bin/gnu/H-i686-pc-linux-gnu/bin/../lib/gcc/nios2-elf/4.1.2/../../../../nios2-elf/lib/libc.a(lib_a-puts.o)
                0x008002f8                _puts_r
                0x00800398                puts
 .text          0x008003ac       0x74 /OPT/altera/12.1/nios2eds/bin/gnu/H-i686-pc-linux-gnu/bin/../lib/gcc/nios2-elf/4.1.2/../../../../nios2-elf/lib/libc.a(lib_a-strlen.o)
                0x008003ac                strlen
 .text          0x00800420      0x49c /OPT/altera/12.1/nios2eds/bin/gnu/H-i686-pc-linux-gnu/bin/../lib/gcc/nios2-elf/4.1.2/../../../../nios2-elf/lib/libc.a(lib_a-fvwrite.o)
                0x00800420                __sfvwrite_r
 .text          0x008008bc        0x0 /OPT/altera/12.1/nios2eds/bin/gnu/H-i686-pc-linux-gnu/bin/../lib/gcc/nios2-elf/4.1.2/../../../../nios2-elf/lib/libc.a(lib_a-impure.o)
 .text          0x008008bc      0x740 /OPT/altera/12.1/nios2eds/bin/gnu/H-i686-pc-linux-gnu/bin/../lib/gcc/nios2-elf/4.1.2/../../../../nios2-elf/lib/libc.a(lib_a-mallocr.o)
                0x008008bc                _malloc_r
 .text          0x00800ffc       0xe4 /OPT/altera/12.1/nios2eds/bin/gnu/H-i686-pc-linux-gnu/bin/../lib/gcc/nios2-elf/4.1.2/../../../../nios2-elf/lib/libc.a(lib_a-memchr.o)
                0x00800ffc                memchr
 .text          0x008010e0       0xa0 /OPT/altera/12.1/nios2eds/bin/gnu/H-i686-pc-linux-gnu/bin/../lib/gcc/nios2-elf/4.1.2/../../../../nios2-elf/lib/libc.a(lib_a-memcpy.o)
                0x008010e0                memcpy
 .text          0x00801180       0xe0 /OPT/altera/12.1/nios2eds/bin/gnu/H-i686-pc-linux-gnu/bin/../lib/gcc/nios2-elf/4.1.2/../../../../nios2-elf/lib/libc.a(lib_a-memmove.o)
                0x00801180                memmove
 .text          0x00801260      0x5f4 /OPT/altera/12.1/nios2eds/bin/gnu/H-i686-pc-linux-gnu/bin/../lib/gcc/nios2-elf/4.1.2/../../../../nios2-elf/lib/libc.a(lib_a-reallocr.o)
                0x00801260                _realloc_r
 .text          0x00801854       0x70 /OPT/altera/12.1/nios2eds/bin/gnu/H-i686-pc-linux-gnu/bin/../lib/gcc/nios2-elf/4.1.2/../../../../nios2-elf/lib/libc.a(lib_a-sbrkr.o)
                0x00801854                _sbrk_r
 .text          0x008018c4      0x13c /OPT/altera/12.1/nios2eds/bin/gnu/H-i686-pc-linux-gnu/bin/../lib/gcc/nios2-elf/4.1.2/../../../../nios2-elf/lib/libc.a(lib_a-wsetup.o)
                0x008018c4                __swsetup_r
 .text          0x00801a00      0x230 /OPT/altera/12.1/nios2eds/bin/gnu/H-i686-pc-linux-gnu/bin/../lib/gcc/nios2-elf/4.1.2/../../../../nios2-elf/lib/libc.a(lib_a-fflush.o)
                0x00801a00                _fflush_r
                0x00801bfc                fflush
 .text          0x00801c30      0x2c0 /OPT/altera/12.1/nios2eds/bin/gnu/H-i686-pc-linux-gnu/bin/../lib/gcc/nios2-elf/4.1.2/../../../../nios2-elf/lib/libc.a(lib_a-findfp.o)
                0x00801c88                __sfp_lock_acquire
                0x00801c8c                __sfp_lock_release
                0x00801c90                __sinit_lock_acquire
                0x00801c94                __sinit_lock_release
                0x00801c98                __sinit
                0x00801d4c                __fp_unlock_all
                0x00801d64                __fp_lock_all
                0x00801d7c                _cleanup_r
                0x00801d88                _cleanup
                0x00801d98                __sfmoreglue
                0x00801e00                __sfp
 .text          0x00801ef0      0x440 /OPT/altera/12.1/nios2eds/bin/gnu/H-i686-pc-linux-gnu/bin/../lib/gcc/nios2-elf/4.1.2/../../../../nios2-elf/lib/libc.a(lib_a-freer.o)
                0x00801ef0                _malloc_trim_r
                0x0080201c                _free_r
 .text          0x00802330      0x180 /OPT/altera/12.1/nios2eds/bin/gnu/H-i686-pc-linux-gnu/bin/../lib/gcc/nios2-elf/4.1.2/../../../../nios2-elf/lib/libc.a(lib_a-fwalk.o)
                0x00802330                _fwalk_reent
                0x008023f8                _fwalk
 .text          0x008024b0        0x0 /OPT/altera/12.1/nios2eds/bin/gnu/H-i686-pc-linux-gnu/bin/../lib/gcc/nios2-elf/4.1.2/../../../../nios2-elf/lib/libc.a(lib_a-int_errno.o)
 .text          0x008024b0      0x194 /OPT/altera/12.1/nios2eds/bin/gnu/H-i686-pc-linux-gnu/bin/../lib/gcc/nios2-elf/4.1.2/../../../../nios2-elf/lib/libc.a(lib_a-makebuf.o)
                0x008024b0                __smakebuf_r
 .text          0x00802644       0x98 /OPT/altera/12.1/nios2eds/bin/gnu/H-i686-pc-linux-gnu/bin/../lib/gcc/nios2-elf/4.1.2/../../../../nios2-elf/lib/libc.a(lib_a-memset.o)
                0x00802644                memset
 .text          0x008026dc      0x14c /OPT/altera/12.1/nios2eds/bin/gnu/H-i686-pc-linux-gnu/bin/../lib/gcc/nios2-elf/4.1.2/../../../../nios2-elf/lib/libc.a(lib_a-stdio.o)
                0x008026dc                __sclose
                0x008026e4                __sseek
                0x0080274c                __swrite
                0x008027c8                __sread
 .text          0x00802828       0x78 /OPT/altera/12.1/nios2eds/bin/gnu/H-i686-pc-linux-gnu/bin/../lib/gcc/nios2-elf/4.1.2/../../../../nios2-elf/lib/libc.a(lib_a-writer.o)
                0x00802828                _write_r
 .text          0x008028a0       0x70 /OPT/altera/12.1/nios2eds/bin/gnu/H-i686-pc-linux-gnu/bin/../lib/gcc/nios2-elf/4.1.2/../../../../nios2-elf/lib/libc.a(lib_a-closer.o)
                0x008028a0                _close_r
 .text          0x00802910      0x124 /OPT/altera/12.1/nios2eds/bin/gnu/H-i686-pc-linux-gnu/bin/../lib/gcc/nios2-elf/4.1.2/../../../../nios2-elf/lib/libc.a(lib_a-fclose.o)
                0x00802910                _fclose_r
                0x00802a20                fclose
 .text          0x00802a34       0x74 /OPT/altera/12.1/nios2eds/bin/gnu/H-i686-pc-linux-gnu/bin/../lib/gcc/nios2-elf/4.1.2/../../../../nios2-elf/lib/libc.a(lib_a-fstatr.o)
                0x00802a34                _fstat_r
 .text          0x00802aa8       0x70 /OPT/altera/12.1/nios2eds/bin/gnu/H-i686-pc-linux-gnu/bin/../lib/gcc/nios2-elf/4.1.2/../../../../nios2-elf/lib/libc.a(lib_a-isattyr.o)
                0x00802aa8                _isatty_r
 .text          0x00802b18       0x78 /OPT/altera/12.1/nios2eds/bin/gnu/H-i686-pc-linux-gnu/bin/../lib/gcc/nios2-elf/4.1.2/../../../../nios2-elf/lib/libc.a(lib_a-lseekr.o)
                0x00802b18                _lseek_r
 .text          0x00802b90       0x78 /OPT/altera/12.1/nios2eds/bin/gnu/H-i686-pc-linux-gnu/bin/../lib/gcc/nios2-elf/4.1.2/../../../../nios2-elf/lib/libc.a(lib_a-readr.o)
                0x00802b90                _read_r
 .text          0x00802c08      0x15c ../barcode_scanner_bsp//libucosii_bsp.a(alt_close.o)
                0x00802c08                close
 .text          0x00802d64       0x2c ../barcode_scanner_bsp//libucosii_bsp.a(alt_dev.o)
 .text          0x00802d90        0x0 ../barcode_scanner_bsp//libucosii_bsp.a(alt_errno.o)
 .text          0x00802d90      0x134 ../barcode_scanner_bsp//libucosii_bsp.a(alt_fstat.o)
                0x00802d90                fstat
 .text          0x00802ec4      0x120 ../barcode_scanner_bsp//libucosii_bsp.a(alt_isatty.o)
                0x00802ec4                isatty
 .text          0x00802fe4       0xec ../barcode_scanner_bsp//libucosii_bsp.a(alt_load.o)
                0x00802fe4                alt_load
 .text          0x008030d0      0x150 ../barcode_scanner_bsp//libucosii_bsp.a(alt_lseek.o)
                0x008030d0                lseek
 .text          0x00803220       0xc8 ../barcode_scanner_bsp//libucosii_bsp.a(alt_main.o)
                0x00803220                alt_main
 .text          0x008032e8      0x180 ../barcode_scanner_bsp//libucosii_bsp.a(alt_read.o)
                0x008032e8                read
 .text          0x00803468       0x60 ../barcode_scanner_bsp//libucosii_bsp.a(alt_release_fd.o)
                0x00803468                alt_release_fd
 .text          0x008034c8       0xbc ../barcode_scanner_bsp//libucosii_bsp.a(alt_sbrk.o)
                0x008034c8                sbrk
 .text          0x00803584      0x180 ../barcode_scanner_bsp//libucosii_bsp.a(alt_write.o)
                0x00803584                write
 .text          0x00803704      0x108 ../barcode_scanner_bsp//libucosii_bsp.a(alt_env_lock.o)
                0x00803704                __env_lock
                0x008037b0                __env_unlock
 .text          0x0080380c      0x1d8 ../barcode_scanner_bsp//libucosii_bsp.a(alt_malloc_lock.o)
                0x0080380c                __malloc_lock
                0x00803914                __malloc_unlock
 .text          0x008039e4     0x2128 ../barcode_scanner_bsp//libucosii_bsp.a(os_core.o)
                0x008039e4                OSEventNameGet
                0x00803b14                OSEventNameSet
                0x00803c58                OSEventPendMulti
                0x0080430c                OSInit
                0x00804360                OSIntEnter
                0x008043dc                OSIntExit
                0x008044dc                OSSchedLock
                0x00804568                OSSchedUnlock
                0x0080464c                OSStart
                0x008046bc                OSStatInit
                0x00804768                OSTimeTick
                0x008049a8                OSVersion
                0x008049c8                OS_Dummy
                0x008049e4                OS_EventTaskRdy
                0x00804b78                OS_EventTaskWait
                0x00804c88                OS_EventTaskWaitMulti
                0x00804ddc                OS_EventTaskRemove
                0x00804e94                OS_EventTaskRemoveMulti
                0x00804f98                OS_EventWaitListInit
                0x00805364                OS_MemClr
                0x008053b8                OS_MemCopy
                0x00805424                OS_Sched
                0x00805568                OS_StrCopy
                0x008055e8                OS_StrLen
                0x00805640                OS_TaskIdle
                0x0080569c                OS_TaskStat
                0x00805764                OS_TaskStatStkChk
                0x0080582c                OS_TCBInit
 .text          0x00805b0c      0x18c ../barcode_scanner_bsp//libucosii_bsp.a(os_dbg.o)
                0x00805b0c                OSDebugInit
 .text          0x00805c98     0x193c ../barcode_scanner_bsp//libucosii_bsp.a(os_flag.o)
                0x00805c98                OSFlagAccept
                0x00805fcc                OSFlagCreate
                0x00806108                OSFlagDel
                0x008063b0                OSFlagNameGet
                0x008064f4                OSFlagNameSet
                0x00806648                OSFlagPend
                0x00806c8c                OSFlagPendGetFlagsRdy
                0x00806cf4                OSFlagPost
                0x0080709c                OSFlagQuery
                0x00807334                OS_FlagInit
                0x00807528                OS_FlagUnlink
 .text          0x008075d4      0x808 ../barcode_scanner_bsp//libucosii_bsp.a(os_mem.o)
                0x008075d4                OSMemCreate
                0x008077f0                OSMemGet
                0x008078f4                OSMemNameGet
                0x00807a00                OSMemNameSet
                0x00807b20                OSMemPut
                0x00807c10                OSMemQuery
                0x00807d0c                OS_MemInit
 .text          0x00807ddc     0x1334 ../barcode_scanner_bsp//libucosii_bsp.a(os_q.o)
                0x00807ddc                OSQAccept
                0x00807f30                OSQCreate
                0x00808144                OSQDel
                0x00808444                OSQFlush
                0x0080850c                OSQPend
                0x0080882c                OSQPendAbort
                0x008089a8                OSQPost
                0x00808b28                OSQPostFront
                0x00808cb0                OSQPostOpt
                0x00808ee4                OSQQuery
                0x00809064                OS_QInit
 .text          0x00809110      0xbc8 ../barcode_scanner_bsp//libucosii_bsp.a(os_sem.o)
                0x00809110                OSSemAccept
                0x008091d0                OSSemCreate
                0x008092e4                OSSemDel
                0x00809584                OSSemPend
                0x00809800                OSSemPendAbort
                0x0080997c                OSSemPost
                0x00809aa4                OSSemQuery
                0x00809bd4                OSSemSet
 .text          0x00809cd8     0x1a40 ../barcode_scanner_bsp//libucosii_bsp.a(os_task.o)
                0x00809cd8                OSTaskChangePrio
                0x0080a24c                OSTaskCreate
                0x0080a420                OSTaskCreateExt
                0x0080a620                OSTaskDel
                0x0080aa2c                OSTaskDelReq
                0x0080ab9c                OSTaskNameGet
                0x0080ad54                OSTaskNameSet
                0x0080af18                OSTaskResume
                0x0080b130                OSTaskStkChk
                0x0080b32c                OSTaskSuspend
                0x0080b558                OSTaskQuery
                0x0080b69c                OS_TaskStkClr
 .text          0x0080b718      0x598 ../barcode_scanner_bsp//libucosii_bsp.a(os_time.o)
                0x0080b718                OSTimeDly
                0x0080b864                OSTimeDlyHMSM
                0x0080b9d8                OSTimeDlyResume
                0x0080bbe8                OSTimeGet
                0x0080bc4c                OSTimeSet
 .text          0x0080bcb0      0x110 ../barcode_scanner_bsp//libucosii_bsp.a(alt_sys_init.o)
                0x0080bcb0                alt_irq_init
                0x0080bce4                alt_sys_init
 .text          0x0080bdc0      0x148 ../barcode_scanner_bsp//libucosii_bsp.a(altera_avalon_jtag_uart_fd.o)
                0x0080bdc0                altera_avalon_jtag_uart_read_fd
                0x0080be18                altera_avalon_jtag_uart_write_fd
                0x0080be70                altera_avalon_jtag_uart_close_fd
                0x0080beb8                altera_avalon_jtag_uart_ioctl_fd
 .text          0x0080bf08      0x580 ../barcode_scanner_bsp//libucosii_bsp.a(altera_avalon_jtag_uart_init.o)
                0x0080bf08                altera_avalon_jtag_uart_init
                0x0080c414                altera_avalon_jtag_uart_close
 .text          0x0080c488       0xf4 ../barcode_scanner_bsp//libucosii_bsp.a(altera_avalon_jtag_uart_ioctl.o)
                0x0080c488                altera_avalon_jtag_uart_ioctl
 .text          0x0080c57c      0x2c0 ../barcode_scanner_bsp//libucosii_bsp.a(altera_avalon_jtag_uart_read.o)
                0x0080c57c                altera_avalon_jtag_uart_read
 .text          0x0080c83c      0x2dc ../barcode_scanner_bsp//libucosii_bsp.a(altera_avalon_jtag_uart_write.o)
                0x0080c83c                altera_avalon_jtag_uart_write
 .text          0x0080cb18       0xfc ../barcode_scanner_bsp//libucosii_bsp.a(altera_avalon_timer_sc.o)
                0x0080cb8c                alt_avalon_timer_sc_init
 .text          0x0080cc14      0x530 ../barcode_scanner_bsp//libucosii_bsp.a(altera_up_avalon_character_lcd.o)
                0x0080cc14                get_DDRAM_addr
                0x0080cc90                alt_up_character_lcd_send_cmd
                0x0080ccc4                alt_up_character_lcd_init
                0x0080ccf8                alt_up_character_lcd_open_dev
                0x0080cd38                alt_up_character_lcd_write
                0x0080cdb0                alt_up_character_lcd_string
                0x0080ce28                alt_up_character_lcd_write_fd
                0x0080ce74                alt_up_character_lcd_set_cursor_pos
                0x0080ceec                alt_up_character_lcd_shift_cursor
                0x0080cf9c                alt_up_character_lcd_shift_display
                0x0080d04c                alt_up_character_lcd_erase_pos
                0x0080d0dc                alt_up_character_lcd_cursor_off
                0x0080d110                alt_up_character_lcd_cursor_blink_on
 .text          0x0080d144      0x700 ../barcode_scanner_bsp//libucosii_bsp.a(altera_up_avalon_ps2.o)
                0x0080d144                read_RI_bit
                0x0080d178                read_RE_bit
                0x0080d1a8                read_CE_bit
                0x0080d1dc                read_num_bytes_available
                0x0080d210                read_data_valid
                0x0080d244                read_data_byte
                0x0080d270                alt_up_ps2_init
                0x0080d33c                alt_up_ps2_enable_read_interrupt
                0x0080d390                alt_up_ps2_disable_read_interrupt
                0x0080d3e8                alt_up_ps2_write_data_byte
                0x0080d460                alt_up_ps2_wait_for_ack
                0x0080d4d0                alt_up_ps2_write_data_byte_with_ack
                0x0080d53c                alt_up_ps2_read_data_byte_timeout
                0x0080d5ec                alt_up_ps2_read_data_byte
                0x0080d668                alt_up_ps2_clear_fifo
                0x0080d6c0                alt_up_ps2_read_fd
                0x0080d75c                alt_up_ps2_write_fd
                0x0080d804                alt_up_ps2_open_dev
 .text          0x0080d844      0x154 ../barcode_scanner_bsp//libucosii_bsp.a(alt_alarm_start.o)
                0x0080d844                alt_alarm_start
 .text          0x0080d998       0x1c ../barcode_scanner_bsp//libucosii_bsp.a(alt_dcache_flush_all.o)
                0x0080d998                alt_dcache_flush_all
 .text          0x0080d9b4      0x114 ../barcode_scanner_bsp//libucosii_bsp.a(alt_dev_llist_insert.o)
                0x0080d9b4                alt_dev_llist_insert
 .text          0x0080dac8       0x64 ../barcode_scanner_bsp//libucosii_bsp.a(alt_do_ctors.o)
                0x0080dac8                _do_ctors
 .text          0x0080db2c       0x64 ../barcode_scanner_bsp//libucosii_bsp.a(alt_do_dtors.o)
                0x0080db2c                _do_dtors
 .text          0x0080db90       0x94 ../barcode_scanner_bsp//libucosii_bsp.a(alt_find_dev.o)
                0x0080db90                alt_find_dev
 .text          0x0080dc24       0x30 ../barcode_scanner_bsp//libucosii_bsp.a(alt_icache_flush_all.o)
                0x0080dc24                alt_icache_flush_all
 .text          0x0080dc54      0x13c ../barcode_scanner_bsp//libucosii_bsp.a(alt_io_redirect.o)
                0x0080dd18                alt_io_redirect
 .text          0x0080dd90      0x1c0 ../barcode_scanner_bsp//libucosii_bsp.a(alt_irq_register.o)
                0x0080dd90                alt_irq_register
 .text          0x0080df50        0x0 ../barcode_scanner_bsp//libucosii_bsp.a(alt_irq_vars.o)
 .text          0x0080df50      0x2c4 ../barcode_scanner_bsp//libucosii_bsp.a(alt_open.o)
                0x0080e02c                open
 .text          0x0080e214      0x1a8 ../barcode_scanner_bsp//libucosii_bsp.a(alt_tick.o)
                0x0080e214                alt_alarm_stop
                0x0080e2ac                alt_tick
 .text          0x0080e3bc       0x20 ../barcode_scanner_bsp//libucosii_bsp.a(altera_nios2_qsys_irq.o)
                0x0080e3bc                altera_nios2_qsys_irq_init
 .text          0x0080e3dc       0xd0 ../barcode_scanner_bsp//libucosii_bsp.a(os_cpu_a.o)
                0x0080e3dc                OSCtxSw
                0x0080e3dc                OSIntCtxSw
                0x0080e468                OSStartHighRdy
                0x0080e488                OSStartTsk
 .text          0x0080e4ac      0x418 ../barcode_scanner_bsp//libucosii_bsp.a(os_cpu_c.o)
                0x0080e4ac                OSTaskStkInit
                0x0080e7bc                OSTaskCreateHook
                0x0080e7dc                OSTaskDelHook
                0x0080e7fc                OSTaskSwHook
                0x0080e818                OSTaskStatHook
                0x0080e834                OSTimeTickHook
                0x0080e850                OSInitHookBegin
                0x0080e86c                OSInitHookEnd
                0x0080e888                OSTaskIdleHook
                0x0080e8a4                OSTCBInitHook
 .text          0x0080e8c4      0x120 ../barcode_scanner_bsp//libucosii_bsp.a(alt_find_file.o)
                0x0080e8c4                alt_find_file
 .text          0x0080e9e4       0xf4 ../barcode_scanner_bsp//libucosii_bsp.a(alt_get_fd.o)
                0x0080e9e4                alt_get_fd
 .text          0x0080ead8       0x90 ../barcode_scanner_bsp//libucosii_bsp.a(alt_icache_flush.o)
                0x0080ead8                alt_icache_flush
 .text          0x0080eb68        0x0 ../barcode_scanner_bsp//libucosii_bsp.a(alt_irq_entry.o)
 .text          0x0080eb68        0x0 ../barcode_scanner_bsp//libucosii_bsp.a(alt_irq_handler.o)
 .text          0x0080eb68        0x0 ../barcode_scanner_bsp//libucosii_bsp.a(alt_exception_entry.o)
 .text          0x0080eb68       0x14 /OPT/altera/12.1/nios2eds/bin/gnu/H-i686-pc-linux-gnu/bin/../lib/gcc/nios2-elf/4.1.2/../../../../nios2-elf/lib/libc.a(lib_a-atexit.o)
                0x0080eb68                atexit
 .text          0x0080eb7c       0x38 /OPT/altera/12.1/nios2eds/bin/gnu/H-i686-pc-linux-gnu/bin/../lib/gcc/nios2-elf/4.1.2/../../../../nios2-elf/lib/libc.a(lib_a-exit.o)
                0x0080eb7c                exit
 .text          0x0080ebb4       0x74 /OPT/altera/12.1/nios2eds/bin/gnu/H-i686-pc-linux-gnu/bin/../lib/gcc/nios2-elf/4.1.2/../../../../nios2-elf/lib/libc.a(lib_a-memcmp.o)
                0x0080ebb4                memcmp
 .text          0x0080ec28      0x134 /OPT/altera/12.1/nios2eds/bin/gnu/H-i686-pc-linux-gnu/bin/../lib/gcc/nios2-elf/4.1.2/../../../../nios2-elf/lib/libc.a(lib_a-__atexit.o)
                0x0080ec28                __register_exitproc
 .text          0x0080ed5c      0x1b4 /OPT/altera/12.1/nios2eds/bin/gnu/H-i686-pc-linux-gnu/bin/../lib/gcc/nios2-elf/4.1.2/../../../../nios2-elf/lib/libc.a(lib_a-__call_atexit.o)
                0x0080ed60                __call_exitprocs
 .text          0x0080ef10      0x14c /OPT/altera/12.1/nios2eds/bin/gnu/H-i686-pc-linux-gnu/bin/../lib/gcc/nios2-elf/4.1.2/libgcc.a(lib2-divmod.o)
                0x0080ef8c                __divsi3
                0x0080efec                __modsi3
                0x0080f04c                __udivsi3
                0x0080f054                __umodsi3
 .text          0x0080f05c       0x6c ../barcode_scanner_bsp//libucosii_bsp.a(alt_exit.o)
                0x0080f09c                _exit
 *(.gnu.warning.*)
 *(.fini)
                0x0080f0c8                PROVIDE (__etext, ABSOLUTE (.))
                0x0080f0c8                PROVIDE (_etext, ABSOLUTE (.))
                0x0080f0c8                PROVIDE (etext, ABSOLUTE (.))
 *(.eh_frame_hdr)
                0x0080f0c8                . = ALIGN (0x4)
                0x0080f0c8                PROVIDE (__preinit_array_start, ABSOLUTE (.))
 *(.preinit_array)
                0x0080f0c8                PROVIDE (__preinit_array_end, ABSOLUTE (.))
                0x0080f0c8                PROVIDE (__init_array_start, ABSOLUTE (.))
 *(.init_array)
                0x0080f0c8                PROVIDE (__init_array_end, ABSOLUTE (.))
                0x0080f0c8                PROVIDE (__fini_array_start, ABSOLUTE (.))
 *(.fini_array)
                0x0080f0c8                PROVIDE (__fini_array_end, ABSOLUTE (.))
 *(.eh_frame)
 *(.gcc_except_table)
 *(.dynamic)
                0x0080f0c8                PROVIDE (__CTOR_LIST__, ABSOLUTE (.))
 *(.ctors)
 *(SORT(.ctors.*))
 .ctors.65535   0x0080f0c8        0x4 /OPT/altera/12.1/nios2eds/bin/gnu/H-i686-pc-linux-gnu/bin/../lib/gcc/nios2-elf/4.1.2/../../../../nios2-elf/lib/libc.a(lib_a-__call_atexit.o)
                0x0080f0cc                PROVIDE (__CTOR_END__, ABSOLUTE (.))
                0x0080f0cc                PROVIDE (__DTOR_LIST__, ABSOLUTE (.))
 *(.dtors)
 *(SORT(.dtors.*))
                0x0080f0cc                PROVIDE (__DTOR_END__, ABSOLUTE (.))
 *(.jcr)
                0x0080f0cc                . = ALIGN (0x4)

.rodata         0x0080f0cc      0x1d4
                0x0080f0cc                PROVIDE (__ram_rodata_start, ABSOLUTE (.))
                0x0080f0cc                . = ALIGN (0x4)
 *(.rodata .rodata.* .gnu.linkonce.r.*)
 .rodata        0x0080f0cc       0x28 obj/default/main.o
 .rodata.str1.4
                0x0080f0f4        0x2 /OPT/altera/12.1/nios2eds/bin/gnu/H-i686-pc-linux-gnu/bin/../lib/gcc/nios2-elf/4.1.2/../../../../nios2-elf/lib/libc.a(lib_a-puts.o)
                                  0x4 (size before relaxing)
 *fill*         0x0080f0f6        0x2 00
 .rodata.str1.4
                0x0080f0f8        0x4 /OPT/altera/12.1/nios2eds/bin/gnu/H-i686-pc-linux-gnu/bin/../lib/gcc/nios2-elf/4.1.2/../../../../nios2-elf/lib/libc.a(lib_a-impure.o)
 .rodata        0x0080f0fc        0xc ../barcode_scanner_bsp//libucosii_bsp.a(alt_dev.o)
 .rodata        0x0080f108       0x10 ../barcode_scanner_bsp//libucosii_bsp.a(alt_main.o)
 .rodata        0x0080f118      0x120 ../barcode_scanner_bsp//libucosii_bsp.a(os_core.o)
                0x0080f118                OSUnMapTbl
 .rodata        0x0080f238       0x64 ../barcode_scanner_bsp//libucosii_bsp.a(alt_sys_init.o)
 .rodata        0x0080f29c        0x4 ../barcode_scanner_bsp//libucosii_bsp.a(os_cpu_c.o)
 *(.rodata1)
                0x0080f2a0                . = ALIGN (0x4)
                0x0080f2a0                PROVIDE (__ram_rodata_end, ABSOLUTE (.))
                0x0080f0cc                PROVIDE (__flash_rodata_start, LOADADDR (.rodata))

.rwdata         0x0080f2a0     0x1b94 load address 0x00810e34
                0x0080f2a0                PROVIDE (__ram_rwdata_start, ABSOLUTE (.))
                0x0080f2a0                . = ALIGN (0x4)
 *(.got.plt)
 *(.got)
 *(.data1)
 *(.data .data.* .gnu.linkonce.d.*)
 .data          0x0080f2a0        0x0 ../barcode_scanner_bsp//obj/HAL/src/crt0.o
 .data          0x0080f2a0        0x0 obj/default/main.o
 .data          0x0080f2a0        0x0 /OPT/altera/12.1/nios2eds/bin/gnu/H-i686-pc-linux-gnu/bin/../lib/gcc/nios2-elf/4.1.2/../../../../nios2-elf/lib/libc.a(lib_a-puts.o)
 .data          0x0080f2a0        0x0 /OPT/altera/12.1/nios2eds/bin/gnu/H-i686-pc-linux-gnu/bin/../lib/gcc/nios2-elf/4.1.2/../../../../nios2-elf/lib/libc.a(lib_a-strlen.o)
 .data          0x0080f2a0        0x0 /OPT/altera/12.1/nios2eds/bin/gnu/H-i686-pc-linux-gnu/bin/../lib/gcc/nios2-elf/4.1.2/../../../../nios2-elf/lib/libc.a(lib_a-fvwrite.o)
 .data          0x0080f2a0      0x400 /OPT/altera/12.1/nios2eds/bin/gnu/H-i686-pc-linux-gnu/bin/../lib/gcc/nios2-elf/4.1.2/../../../../nios2-elf/lib/libc.a(lib_a-impure.o)
 .data          0x0080f6a0      0x408 /OPT/altera/12.1/nios2eds/bin/gnu/H-i686-pc-linux-gnu/bin/../lib/gcc/nios2-elf/4.1.2/../../../../nios2-elf/lib/libc.a(lib_a-mallocr.o)
                0x0080f6a0                __malloc_av_
 .data          0x0080faa8        0x0 /OPT/altera/12.1/nios2eds/bin/gnu/H-i686-pc-linux-gnu/bin/../lib/gcc/nios2-elf/4.1.2/../../../../nios2-elf/lib/libc.a(lib_a-memchr.o)
 .data          0x0080faa8        0x0 /OPT/altera/12.1/nios2eds/bin/gnu/H-i686-pc-linux-gnu/bin/../lib/gcc/nios2-elf/4.1.2/../../../../nios2-elf/lib/libc.a(lib_a-memcpy.o)
 .data          0x0080faa8        0x0 /OPT/altera/12.1/nios2eds/bin/gnu/H-i686-pc-linux-gnu/bin/../lib/gcc/nios2-elf/4.1.2/../../../../nios2-elf/lib/libc.a(lib_a-memmove.o)
 .data          0x0080faa8        0x0 /OPT/altera/12.1/nios2eds/bin/gnu/H-i686-pc-linux-gnu/bin/../lib/gcc/nios2-elf/4.1.2/../../../../nios2-elf/lib/libc.a(lib_a-reallocr.o)
 .data          0x0080faa8        0x0 /OPT/altera/12.1/nios2eds/bin/gnu/H-i686-pc-linux-gnu/bin/../lib/gcc/nios2-elf/4.1.2/../../../../nios2-elf/lib/libc.a(lib_a-sbrkr.o)
 .data          0x0080faa8        0x0 /OPT/altera/12.1/nios2eds/bin/gnu/H-i686-pc-linux-gnu/bin/../lib/gcc/nios2-elf/4.1.2/../../../../nios2-elf/lib/libc.a(lib_a-wsetup.o)
 .data          0x0080faa8        0x0 /OPT/altera/12.1/nios2eds/bin/gnu/H-i686-pc-linux-gnu/bin/../lib/gcc/nios2-elf/4.1.2/../../../../nios2-elf/lib/libc.a(lib_a-fflush.o)
 .data          0x0080faa8        0x0 /OPT/altera/12.1/nios2eds/bin/gnu/H-i686-pc-linux-gnu/bin/../lib/gcc/nios2-elf/4.1.2/../../../../nios2-elf/lib/libc.a(lib_a-findfp.o)
 .data          0x0080faa8        0x0 /OPT/altera/12.1/nios2eds/bin/gnu/H-i686-pc-linux-gnu/bin/../lib/gcc/nios2-elf/4.1.2/../../../../nios2-elf/lib/libc.a(lib_a-freer.o)
 .data          0x0080faa8        0x0 /OPT/altera/12.1/nios2eds/bin/gnu/H-i686-pc-linux-gnu/bin/../lib/gcc/nios2-elf/4.1.2/../../../../nios2-elf/lib/libc.a(lib_a-fwalk.o)
 .data          0x0080faa8        0x0 /OPT/altera/12.1/nios2eds/bin/gnu/H-i686-pc-linux-gnu/bin/../lib/gcc/nios2-elf/4.1.2/../../../../nios2-elf/lib/libc.a(lib_a-int_errno.o)
 .data          0x0080faa8        0x0 /OPT/altera/12.1/nios2eds/bin/gnu/H-i686-pc-linux-gnu/bin/../lib/gcc/nios2-elf/4.1.2/../../../../nios2-elf/lib/libc.a(lib_a-makebuf.o)
 .data          0x0080faa8        0x0 /OPT/altera/12.1/nios2eds/bin/gnu/H-i686-pc-linux-gnu/bin/../lib/gcc/nios2-elf/4.1.2/../../../../nios2-elf/lib/libc.a(lib_a-memset.o)
 .data          0x0080faa8        0x0 /OPT/altera/12.1/nios2eds/bin/gnu/H-i686-pc-linux-gnu/bin/../lib/gcc/nios2-elf/4.1.2/../../../../nios2-elf/lib/libc.a(lib_a-stdio.o)
 .data          0x0080faa8        0x0 /OPT/altera/12.1/nios2eds/bin/gnu/H-i686-pc-linux-gnu/bin/../lib/gcc/nios2-elf/4.1.2/../../../../nios2-elf/lib/libc.a(lib_a-writer.o)
 .data          0x0080faa8        0x0 /OPT/altera/12.1/nios2eds/bin/gnu/H-i686-pc-linux-gnu/bin/../lib/gcc/nios2-elf/4.1.2/../../../../nios2-elf/lib/libc.a(lib_a-closer.o)
 .data          0x0080faa8        0x0 /OPT/altera/12.1/nios2eds/bin/gnu/H-i686-pc-linux-gnu/bin/../lib/gcc/nios2-elf/4.1.2/../../../../nios2-elf/lib/libc.a(lib_a-fclose.o)
 .data          0x0080faa8        0x0 /OPT/altera/12.1/nios2eds/bin/gnu/H-i686-pc-linux-gnu/bin/../lib/gcc/nios2-elf/4.1.2/../../../../nios2-elf/lib/libc.a(lib_a-fstatr.o)
 .data          0x0080faa8        0x0 /OPT/altera/12.1/nios2eds/bin/gnu/H-i686-pc-linux-gnu/bin/../lib/gcc/nios2-elf/4.1.2/../../../../nios2-elf/lib/libc.a(lib_a-isattyr.o)
 .data          0x0080faa8        0x0 /OPT/altera/12.1/nios2eds/bin/gnu/H-i686-pc-linux-gnu/bin/../lib/gcc/nios2-elf/4.1.2/../../../../nios2-elf/lib/libc.a(lib_a-lseekr.o)
 .data          0x0080faa8        0x0 /OPT/altera/12.1/nios2eds/bin/gnu/H-i686-pc-linux-gnu/bin/../lib/gcc/nios2-elf/4.1.2/../../../../nios2-elf/lib/libc.a(lib_a-readr.o)
 .data          0x0080faa8        0x0 ../barcode_scanner_bsp//libucosii_bsp.a(alt_close.o)
 .data          0x0080faa8      0x1a8 ../barcode_scanner_bsp//libucosii_bsp.a(alt_dev.o)
                0x0080faa8                alt_dev_null
                0x0080fad0                alt_fd_list
 .data          0x0080fc50        0x0 ../barcode_scanner_bsp//libucosii_bsp.a(alt_errno.o)
 .data          0x0080fc50        0x0 ../barcode_scanner_bsp//libucosii_bsp.a(alt_fstat.o)
 .data          0x0080fc50        0x0 ../barcode_scanner_bsp//libucosii_bsp.a(alt_isatty.o)
 .data          0x0080fc50        0x0 ../barcode_scanner_bsp//libucosii_bsp.a(alt_load.o)
 .data          0x0080fc50        0x0 ../barcode_scanner_bsp//libucosii_bsp.a(alt_lseek.o)
 .data          0x0080fc50        0x0 ../barcode_scanner_bsp//libucosii_bsp.a(alt_main.o)
 .data          0x0080fc50        0x0 ../barcode_scanner_bsp//libucosii_bsp.a(alt_read.o)
 .data          0x0080fc50        0x0 ../barcode_scanner_bsp//libucosii_bsp.a(alt_release_fd.o)
 .data          0x0080fc50        0x0 ../barcode_scanner_bsp//libucosii_bsp.a(alt_sbrk.o)
 .data          0x0080fc50        0x0 ../barcode_scanner_bsp//libucosii_bsp.a(alt_write.o)
 .data          0x0080fc50        0x0 ../barcode_scanner_bsp//libucosii_bsp.a(alt_env_lock.o)
 .data          0x0080fc50        0x0 ../barcode_scanner_bsp//libucosii_bsp.a(alt_malloc_lock.o)
 .data          0x0080fc50        0x0 ../barcode_scanner_bsp//libucosii_bsp.a(os_core.o)
 .data          0x0080fc50        0x0 ../barcode_scanner_bsp//libucosii_bsp.a(os_dbg.o)
 .data          0x0080fc50        0x0 ../barcode_scanner_bsp//libucosii_bsp.a(os_flag.o)
 .data          0x0080fc50        0x0 ../barcode_scanner_bsp//libucosii_bsp.a(os_mem.o)
 .data          0x0080fc50        0x0 ../barcode_scanner_bsp//libucosii_bsp.a(os_q.o)
 .data          0x0080fc50        0x0 ../barcode_scanner_bsp//libucosii_bsp.a(os_sem.o)
 .data          0x0080fc50        0x0 ../barcode_scanner_bsp//libucosii_bsp.a(os_task.o)
 .data          0x0080fc50        0x0 ../barcode_scanner_bsp//libucosii_bsp.a(os_time.o)
 .data          0x0080fc50     0x1130 ../barcode_scanner_bsp//libucosii_bsp.a(alt_sys_init.o)
 .data          0x00810d80        0x0 ../barcode_scanner_bsp//libucosii_bsp.a(altera_avalon_jtag_uart_fd.o)
 .data          0x00810d80        0x0 ../barcode_scanner_bsp//libucosii_bsp.a(altera_avalon_jtag_uart_init.o)
 .data          0x00810d80        0x0 ../barcode_scanner_bsp//libucosii_bsp.a(altera_avalon_jtag_uart_ioctl.o)
 .data          0x00810d80        0x0 ../barcode_scanner_bsp//libucosii_bsp.a(altera_avalon_jtag_uart_read.o)
 .data          0x00810d80        0x0 ../barcode_scanner_bsp//libucosii_bsp.a(altera_avalon_jtag_uart_write.o)
 .data          0x00810d80        0x0 ../barcode_scanner_bsp//libucosii_bsp.a(altera_avalon_timer_sc.o)
 .data          0x00810d80        0x0 ../barcode_scanner_bsp//libucosii_bsp.a(altera_up_avalon_character_lcd.o)
 .data          0x00810d80        0x0 ../barcode_scanner_bsp//libucosii_bsp.a(altera_up_avalon_ps2.o)
 .data          0x00810d80        0x0 ../barcode_scanner_bsp//libucosii_bsp.a(alt_alarm_start.o)
 .data          0x00810d80        0x0 ../barcode_scanner_bsp//libucosii_bsp.a(alt_dcache_flush_all.o)
 .data          0x00810d80        0x0 ../barcode_scanner_bsp//libucosii_bsp.a(alt_dev_llist_insert.o)
 .data          0x00810d80        0x0 ../barcode_scanner_bsp//libucosii_bsp.a(alt_do_ctors.o)
 .data          0x00810d80        0x0 ../barcode_scanner_bsp//libucosii_bsp.a(alt_do_dtors.o)
 .data          0x00810d80        0x0 ../barcode_scanner_bsp//libucosii_bsp.a(alt_find_dev.o)
 .data          0x00810d80        0x0 ../barcode_scanner_bsp//libucosii_bsp.a(alt_icache_flush_all.o)
 .data          0x00810d80        0x0 ../barcode_scanner_bsp//libucosii_bsp.a(alt_io_redirect.o)
 .data          0x00810d80        0x0 ../barcode_scanner_bsp//libucosii_bsp.a(alt_irq_register.o)
 .data          0x00810d80        0x0 ../barcode_scanner_bsp//libucosii_bsp.a(alt_irq_vars.o)
 .data          0x00810d80        0x0 ../barcode_scanner_bsp//libucosii_bsp.a(alt_open.o)
 .data          0x00810d80        0x0 ../barcode_scanner_bsp//libucosii_bsp.a(alt_tick.o)
 .data          0x00810d80        0x0 ../barcode_scanner_bsp//libucosii_bsp.a(altera_nios2_qsys_irq.o)
 .data          0x00810d80        0x0 ../barcode_scanner_bsp//libucosii_bsp.a(os_cpu_a.o)
 .data          0x00810d80        0x0 ../barcode_scanner_bsp//libucosii_bsp.a(os_cpu_c.o)
 .data          0x00810d80        0x0 ../barcode_scanner_bsp//libucosii_bsp.a(alt_find_file.o)
 .data          0x00810d80        0x0 ../barcode_scanner_bsp//libucosii_bsp.a(alt_get_fd.o)
 .data          0x00810d80        0x0 ../barcode_scanner_bsp//libucosii_bsp.a(alt_icache_flush.o)
 .data          0x00810d80        0x0 ../barcode_scanner_bsp//libucosii_bsp.a(alt_irq_entry.o)
 .data          0x00810d80        0x0 ../barcode_scanner_bsp//libucosii_bsp.a(alt_irq_handler.o)
 .data          0x00810d80        0x0 ../barcode_scanner_bsp//libucosii_bsp.a(alt_exception_entry.o)
 .data          0x00810d80        0x0 /OPT/altera/12.1/nios2eds/bin/gnu/H-i686-pc-linux-gnu/bin/../lib/gcc/nios2-elf/4.1.2/../../../../nios2-elf/lib/libc.a(lib_a-atexit.o)
 .data          0x00810d80        0x0 /OPT/altera/12.1/nios2eds/bin/gnu/H-i686-pc-linux-gnu/bin/../lib/gcc/nios2-elf/4.1.2/../../../../nios2-elf/lib/libc.a(lib_a-exit.o)
 .data          0x00810d80        0x0 /OPT/altera/12.1/nios2eds/bin/gnu/H-i686-pc-linux-gnu/bin/../lib/gcc/nios2-elf/4.1.2/../../../../nios2-elf/lib/libc.a(lib_a-memcmp.o)
 .data          0x00810d80        0x0 /OPT/altera/12.1/nios2eds/bin/gnu/H-i686-pc-linux-gnu/bin/../lib/gcc/nios2-elf/4.1.2/../../../../nios2-elf/lib/libc.a(lib_a-__atexit.o)
 .data          0x00810d80        0x0 /OPT/altera/12.1/nios2eds/bin/gnu/H-i686-pc-linux-gnu/bin/../lib/gcc/nios2-elf/4.1.2/../../../../nios2-elf/lib/libc.a(lib_a-__call_atexit.o)
 .data          0x00810d80        0x0 /OPT/altera/12.1/nios2eds/bin/gnu/H-i686-pc-linux-gnu/bin/../lib/gcc/nios2-elf/4.1.2/libgcc.a(lib2-divmod.o)
 .data          0x00810d80        0x0 ../barcode_scanner_bsp//libucosii_bsp.a(alt_exit.o)
                0x00818d80                _gp = ABSOLUTE ((. + 0x8000))
                0x00818d80                PROVIDE (gp, _gp)
 *(.rwdata .rwdata.*)
 *(.sdata .sdata.* .gnu.linkonce.s.*)
 .sdata         0x00810d80        0x8 /OPT/altera/12.1/nios2eds/bin/gnu/H-i686-pc-linux-gnu/bin/../lib/gcc/nios2-elf/4.1.2/../../../../nios2-elf/lib/libc.a(lib_a-impure.o)
                0x00810d80                _impure_ptr
                0x00810d84                _global_impure_ptr
 .sdata         0x00810d88        0x8 /OPT/altera/12.1/nios2eds/bin/gnu/H-i686-pc-linux-gnu/bin/../lib/gcc/nios2-elf/4.1.2/../../../../nios2-elf/lib/libc.a(lib_a-mallocr.o)
                0x00810d88                __malloc_trim_threshold
                0x00810d8c                __malloc_sbrk_base
 .sdata         0x00810d90       0x14 ../barcode_scanner_bsp//libucosii_bsp.a(alt_dev.o)
                0x00810d90                alt_fs_list
                0x00810d98                alt_dev_list
                0x00810da0                alt_max_fd
 .sdata         0x00810da4        0x4 ../barcode_scanner_bsp//libucosii_bsp.a(alt_errno.o)
                0x00810da4                alt_errno
 .sdata         0x00810da8        0x4 ../barcode_scanner_bsp//libucosii_bsp.a(alt_sbrk.o)
 .sdata         0x00810dac        0x4 ../barcode_scanner_bsp//libucosii_bsp.a(alt_env_lock.o)
 .sdata         0x00810db0        0x4 ../barcode_scanner_bsp//libucosii_bsp.a(alt_malloc_lock.o)
 .sdata         0x00810db4       0x74 ../barcode_scanner_bsp//libucosii_bsp.a(os_dbg.o)
                0x00810db4                OSDebugEn
                0x00810db8                OSEndiannessTest
                0x00810dbc                OSEventEn
                0x00810dbe                OSEventMax
                0x00810dc0                OSEventNameSize
                0x00810dc2                OSEventSize
                0x00810dc4                OSEventTblSize
                0x00810dc6                OSEventMultiEn
                0x00810dc8                OSFlagEn
                0x00810dca                OSFlagGrpSize
                0x00810dcc                OSFlagNodeSize
                0x00810dce                OSFlagWidth
                0x00810dd0                OSFlagMax
                0x00810dd2                OSFlagNameSize
                0x00810dd4                OSLowestPrio
                0x00810dd6                OSMboxEn
                0x00810dd8                OSMemEn
                0x00810dda                OSMemMax
                0x00810ddc                OSMemNameSize
                0x00810dde                OSMemSize
                0x00810de0                OSMemTblSize
                0x00810de2                OSMutexEn
                0x00810de4                OSPtrSize
                0x00810de6                OSQEn
                0x00810de8                OSQMax
                0x00810dea                OSQSize
                0x00810dec                OSRdyTblSize
                0x00810dee                OSSemEn
                0x00810df0                OSStkWidth
                0x00810df2                OSTaskCreateEn
                0x00810df4                OSTaskCreateExtEn
                0x00810df6                OSTaskDelEn
                0x00810df8                OSTaskIdleStkSize
                0x00810dfa                OSTaskProfileEn
                0x00810dfc                OSTaskMax
                0x00810dfe                OSTaskNameSize
                0x00810e00                OSTaskStatEn
                0x00810e02                OSTaskStatStkSize
                0x00810e04                OSTaskStatStkChkEn
                0x00810e06                OSTaskSwHookEn
                0x00810e08                OSTCBPrioTblMax
                0x00810e0a                OSTCBSize
                0x00810e0c                OSTicksPerSec
                0x00810e0e                OSTimeTickHookEn
                0x00810e10                OSVersionNbr
                0x00810e12                OSTmrEn
                0x00810e14                OSTmrCfgMax
                0x00810e16                OSTmrCfgNameSize
                0x00810e18                OSTmrCfgWheelSize
                0x00810e1a                OSTmrCfgTicksPerSec
                0x00810e1c                OSTmrSize
                0x00810e1e                OSTmrTblSize
                0x00810e20                OSTmrWheelSize
                0x00810e22                OSTmrWheelTblSize
                0x00810e24                OSDataSize
 .sdata         0x00810e28        0x4 ../barcode_scanner_bsp//libucosii_bsp.a(alt_irq_vars.o)
                0x00810e28                alt_priority_mask
 .sdata         0x00810e2c        0x8 ../barcode_scanner_bsp//libucosii_bsp.a(alt_tick.o)
                0x00810e2c                alt_alarm_list
 *(.sdata2 .sdata2.* .gnu.linkonce.s2.*)
                0x00810e34                . = ALIGN (0x4)
                0x00810e34                _edata = ABSOLUTE (.)
                0x00810e34                PROVIDE (edata, ABSOLUTE (.))
                0x00810e34                PROVIDE (__ram_rwdata_end, ABSOLUTE (.))
                0x00810e34                PROVIDE (__flash_rwdata_start, LOADADDR (.rwdata))

.bss            0x008129c8     0x7568
                0x008129c8                __bss_start = ABSOLUTE (.)
                0x008129c8                PROVIDE (__sbss_start, ABSOLUTE (.))
                0x008129c8                PROVIDE (___sbss_start, ABSOLUTE (.))
 *(.dynsbss)
 *(.sbss .sbss.* .gnu.linkonce.sb.*)
 .sbss          0x008129c8        0xc /OPT/altera/12.1/nios2eds/bin/gnu/H-i686-pc-linux-gnu/bin/../lib/gcc/nios2-elf/4.1.2/../../../../nios2-elf/lib/libc.a(lib_a-mallocr.o)
                0x008129c8                __malloc_top_pad
                0x008129cc                __malloc_max_sbrked_mem
                0x008129d0                __malloc_max_total_mem
 .sbss          0x008129d4        0x4 /OPT/altera/12.1/nios2eds/bin/gnu/H-i686-pc-linux-gnu/bin/../lib/gcc/nios2-elf/4.1.2/../../../../nios2-elf/lib/libc.a(lib_a-int_errno.o)
                0x008129d4                errno
 .sbss          0x008129d8        0x4 ../barcode_scanner_bsp//libucosii_bsp.a(alt_dev.o)
                0x008129d8                alt_fd_list_lock
 .sbss          0x008129dc        0xc ../barcode_scanner_bsp//libucosii_bsp.a(alt_main.o)
                0x008129dc                alt_argc
                0x008129e0                alt_argv
                0x008129e4                alt_envp
 .sbss          0x008129e8        0x8 ../barcode_scanner_bsp//libucosii_bsp.a(alt_env_lock.o)
                0x008129ec                alt_envsem
 .sbss          0x008129f0        0x8 ../barcode_scanner_bsp//libucosii_bsp.a(alt_malloc_lock.o)
                0x008129f4                alt_heapsem
 .sbss          0x008129f8       0x50 ../barcode_scanner_bsp//libucosii_bsp.a(os_core.o)
                0x008129f8                OSLockNesting
                0x008129f9                OSRunning
                0x008129fc                OSIdleCtr
                0x00812a00                OSPrioHighRdy
                0x00812a01                OSPrioCur
                0x00812a04                OSTCBList
                0x00812a08                OSTickStepState
                0x00812a0c                OSCtxSwCtr
                0x00812a10                OSIdleCtrMax
                0x00812a14                OSTCBFreeList
                0x00812a18                OSCPUUsage
                0x00812a19                OSTaskCtr
                0x00812a1c                OSMemFreeList
                0x00812a20                OSTCBHighRdy
                0x00812a24                OSQFreeList
                0x00812a28                OSRdyGrp
                0x00812a29                OSRdyTbl
                0x00812a2c                OSEventFreeList
                0x00812a30                OSIntNesting
                0x00812a34                OSTCBCur
                0x00812a38                OSTime
                0x00812a3c                OSFlagFreeList
                0x00812a40                OSStatRdy
                0x00812a44                OSIdleCtrRun
 .sbss          0x00812a48        0x4 ../barcode_scanner_bsp//libucosii_bsp.a(alt_irq_vars.o)
                0x00812a48                alt_irq_active
 .sbss          0x00812a4c        0x8 ../barcode_scanner_bsp//libucosii_bsp.a(alt_tick.o)
                0x00812a4c                _alt_tick_rate
                0x00812a50                _alt_nticks
 *(.sbss2 .sbss2.* .gnu.linkonce.sb2.*)
 *(.scommon)
                0x00812a54                PROVIDE (__sbss_end, ABSOLUTE (.))
                0x00812a54                PROVIDE (___sbss_end, ABSOLUTE (.))
 *(.dynbss)
 *(.bss .bss.* .gnu.linkonce.b.*)
 .bss           0x00812a54        0x0 ../barcode_scanner_bsp//obj/HAL/src/crt0.o
 .bss           0x00812a54        0x0 obj/default/main.o
 .bss           0x00812a54        0x0 /OPT/altera/12.1/nios2eds/bin/gnu/H-i686-pc-linux-gnu/bin/../lib/gcc/nios2-elf/4.1.2/../../../../nios2-elf/lib/libc.a(lib_a-puts.o)
 .bss           0x00812a54        0x0 /OPT/altera/12.1/nios2eds/bin/gnu/H-i686-pc-linux-gnu/bin/../lib/gcc/nios2-elf/4.1.2/../../../../nios2-elf/lib/libc.a(lib_a-strlen.o)
 .bss           0x00812a54        0x0 /OPT/altera/12.1/nios2eds/bin/gnu/H-i686-pc-linux-gnu/bin/../lib/gcc/nios2-elf/4.1.2/../../../../nios2-elf/lib/libc.a(lib_a-fvwrite.o)
 .bss           0x00812a54        0x0 /OPT/altera/12.1/nios2eds/bin/gnu/H-i686-pc-linux-gnu/bin/../lib/gcc/nios2-elf/4.1.2/../../../../nios2-elf/lib/libc.a(lib_a-impure.o)
 .bss           0x00812a54       0x28 /OPT/altera/12.1/nios2eds/bin/gnu/H-i686-pc-linux-gnu/bin/../lib/gcc/nios2-elf/4.1.2/../../../../nios2-elf/lib/libc.a(lib_a-mallocr.o)
                0x00812a54                __malloc_current_mallinfo
 .bss           0x00812a7c        0x0 /OPT/altera/12.1/nios2eds/bin/gnu/H-i686-pc-linux-gnu/bin/../lib/gcc/nios2-elf/4.1.2/../../../../nios2-elf/lib/libc.a(lib_a-memchr.o)
 .bss           0x00812a7c        0x0 /OPT/altera/12.1/nios2eds/bin/gnu/H-i686-pc-linux-gnu/bin/../lib/gcc/nios2-elf/4.1.2/../../../../nios2-elf/lib/libc.a(lib_a-memcpy.o)
 .bss           0x00812a7c        0x0 /OPT/altera/12.1/nios2eds/bin/gnu/H-i686-pc-linux-gnu/bin/../lib/gcc/nios2-elf/4.1.2/../../../../nios2-elf/lib/libc.a(lib_a-memmove.o)
 .bss           0x00812a7c        0x0 /OPT/altera/12.1/nios2eds/bin/gnu/H-i686-pc-linux-gnu/bin/../lib/gcc/nios2-elf/4.1.2/../../../../nios2-elf/lib/libc.a(lib_a-reallocr.o)
 .bss           0x00812a7c        0x0 /OPT/altera/12.1/nios2eds/bin/gnu/H-i686-pc-linux-gnu/bin/../lib/gcc/nios2-elf/4.1.2/../../../../nios2-elf/lib/libc.a(lib_a-sbrkr.o)
 .bss           0x00812a7c        0x0 /OPT/altera/12.1/nios2eds/bin/gnu/H-i686-pc-linux-gnu/bin/../lib/gcc/nios2-elf/4.1.2/../../../../nios2-elf/lib/libc.a(lib_a-wsetup.o)
 .bss           0x00812a7c        0x0 /OPT/altera/12.1/nios2eds/bin/gnu/H-i686-pc-linux-gnu/bin/../lib/gcc/nios2-elf/4.1.2/../../../../nios2-elf/lib/libc.a(lib_a-fflush.o)
 .bss           0x00812a7c        0x0 /OPT/altera/12.1/nios2eds/bin/gnu/H-i686-pc-linux-gnu/bin/../lib/gcc/nios2-elf/4.1.2/../../../../nios2-elf/lib/libc.a(lib_a-findfp.o)
 .bss           0x00812a7c        0x0 /OPT/altera/12.1/nios2eds/bin/gnu/H-i686-pc-linux-gnu/bin/../lib/gcc/nios2-elf/4.1.2/../../../../nios2-elf/lib/libc.a(lib_a-freer.o)
 .bss           0x00812a7c        0x0 /OPT/altera/12.1/nios2eds/bin/gnu/H-i686-pc-linux-gnu/bin/../lib/gcc/nios2-elf/4.1.2/../../../../nios2-elf/lib/libc.a(lib_a-fwalk.o)
 .bss           0x00812a7c        0x0 /OPT/altera/12.1/nios2eds/bin/gnu/H-i686-pc-linux-gnu/bin/../lib/gcc/nios2-elf/4.1.2/../../../../nios2-elf/lib/libc.a(lib_a-int_errno.o)
 .bss           0x00812a7c        0x0 /OPT/altera/12.1/nios2eds/bin/gnu/H-i686-pc-linux-gnu/bin/../lib/gcc/nios2-elf/4.1.2/../../../../nios2-elf/lib/libc.a(lib_a-makebuf.o)
 .bss           0x00812a7c        0x0 /OPT/altera/12.1/nios2eds/bin/gnu/H-i686-pc-linux-gnu/bin/../lib/gcc/nios2-elf/4.1.2/../../../../nios2-elf/lib/libc.a(lib_a-memset.o)
 .bss           0x00812a7c        0x0 /OPT/altera/12.1/nios2eds/bin/gnu/H-i686-pc-linux-gnu/bin/../lib/gcc/nios2-elf/4.1.2/../../../../nios2-elf/lib/libc.a(lib_a-stdio.o)
 .bss           0x00812a7c        0x0 /OPT/altera/12.1/nios2eds/bin/gnu/H-i686-pc-linux-gnu/bin/../lib/gcc/nios2-elf/4.1.2/../../../../nios2-elf/lib/libc.a(lib_a-writer.o)
 .bss           0x00812a7c        0x0 /OPT/altera/12.1/nios2eds/bin/gnu/H-i686-pc-linux-gnu/bin/../lib/gcc/nios2-elf/4.1.2/../../../../nios2-elf/lib/libc.a(lib_a-closer.o)
 .bss           0x00812a7c        0x0 /OPT/altera/12.1/nios2eds/bin/gnu/H-i686-pc-linux-gnu/bin/../lib/gcc/nios2-elf/4.1.2/../../../../nios2-elf/lib/libc.a(lib_a-fclose.o)
 .bss           0x00812a7c        0x0 /OPT/altera/12.1/nios2eds/bin/gnu/H-i686-pc-linux-gnu/bin/../lib/gcc/nios2-elf/4.1.2/../../../../nios2-elf/lib/libc.a(lib_a-fstatr.o)
 .bss           0x00812a7c        0x0 /OPT/altera/12.1/nios2eds/bin/gnu/H-i686-pc-linux-gnu/bin/../lib/gcc/nios2-elf/4.1.2/../../../../nios2-elf/lib/libc.a(lib_a-isattyr.o)
 .bss           0x00812a7c        0x0 /OPT/altera/12.1/nios2eds/bin/gnu/H-i686-pc-linux-gnu/bin/../lib/gcc/nios2-elf/4.1.2/../../../../nios2-elf/lib/libc.a(lib_a-lseekr.o)
 .bss           0x00812a7c        0x0 /OPT/altera/12.1/nios2eds/bin/gnu/H-i686-pc-linux-gnu/bin/../lib/gcc/nios2-elf/4.1.2/../../../../nios2-elf/lib/libc.a(lib_a-readr.o)
 .bss           0x00812a7c        0x0 ../barcode_scanner_bsp//libucosii_bsp.a(alt_close.o)
 .bss           0x00812a7c        0x0 ../barcode_scanner_bsp//libucosii_bsp.a(alt_dev.o)
 .bss           0x00812a7c        0x0 ../barcode_scanner_bsp//libucosii_bsp.a(alt_errno.o)
 .bss           0x00812a7c        0x0 ../barcode_scanner_bsp//libucosii_bsp.a(alt_fstat.o)
 .bss           0x00812a7c        0x0 ../barcode_scanner_bsp//libucosii_bsp.a(alt_isatty.o)
 .bss           0x00812a7c        0x0 ../barcode_scanner_bsp//libucosii_bsp.a(alt_load.o)
 .bss           0x00812a7c        0x0 ../barcode_scanner_bsp//libucosii_bsp.a(alt_lseek.o)
 .bss           0x00812a7c        0x0 ../barcode_scanner_bsp//libucosii_bsp.a(alt_main.o)
 .bss           0x00812a7c        0x0 ../barcode_scanner_bsp//libucosii_bsp.a(alt_read.o)
 .bss           0x00812a7c        0x0 ../barcode_scanner_bsp//libucosii_bsp.a(alt_release_fd.o)
 .bss           0x00812a7c        0x0 ../barcode_scanner_bsp//libucosii_bsp.a(alt_sbrk.o)
 .bss           0x00812a7c        0x0 ../barcode_scanner_bsp//libucosii_bsp.a(alt_write.o)
 .bss           0x00812a7c        0x0 ../barcode_scanner_bsp//libucosii_bsp.a(alt_env_lock.o)
 .bss           0x00812a7c        0x0 ../barcode_scanner_bsp//libucosii_bsp.a(alt_malloc_lock.o)
 .bss           0x00812a7c        0x0 ../barcode_scanner_bsp//libucosii_bsp.a(os_core.o)
 .bss           0x00812a7c        0x0 ../barcode_scanner_bsp//libucosii_bsp.a(os_dbg.o)
 .bss           0x00812a7c        0x0 ../barcode_scanner_bsp//libucosii_bsp.a(os_flag.o)
 .bss           0x00812a7c        0x0 ../barcode_scanner_bsp//libucosii_bsp.a(os_mem.o)
 .bss           0x00812a7c        0x0 ../barcode_scanner_bsp//libucosii_bsp.a(os_q.o)
 .bss           0x00812a7c        0x0 ../barcode_scanner_bsp//libucosii_bsp.a(os_sem.o)
 .bss           0x00812a7c        0x0 ../barcode_scanner_bsp//libucosii_bsp.a(os_task.o)
 .bss           0x00812a7c        0x0 ../barcode_scanner_bsp//libucosii_bsp.a(os_time.o)
 .bss           0x00812a7c        0x0 ../barcode_scanner_bsp//libucosii_bsp.a(alt_sys_init.o)
 .bss           0x00812a7c        0x0 ../barcode_scanner_bsp//libucosii_bsp.a(altera_avalon_jtag_uart_fd.o)
 .bss           0x00812a7c        0x0 ../barcode_scanner_bsp//libucosii_bsp.a(altera_avalon_jtag_uart_init.o)
 .bss           0x00812a7c        0x0 ../barcode_scanner_bsp//libucosii_bsp.a(altera_avalon_jtag_uart_ioctl.o)
 .bss           0x00812a7c        0x0 ../barcode_scanner_bsp//libucosii_bsp.a(altera_avalon_jtag_uart_read.o)
 .bss           0x00812a7c        0x0 ../barcode_scanner_bsp//libucosii_bsp.a(altera_avalon_jtag_uart_write.o)
 .bss           0x00812a7c        0x0 ../barcode_scanner_bsp//libucosii_bsp.a(altera_avalon_timer_sc.o)
 .bss           0x00812a7c        0x0 ../barcode_scanner_bsp//libucosii_bsp.a(altera_up_avalon_character_lcd.o)
 .bss           0x00812a7c        0x0 ../barcode_scanner_bsp//libucosii_bsp.a(altera_up_avalon_ps2.o)
 .bss           0x00812a7c        0x0 ../barcode_scanner_bsp//libucosii_bsp.a(alt_alarm_start.o)
 .bss           0x00812a7c        0x0 ../barcode_scanner_bsp//libucosii_bsp.a(alt_dcache_flush_all.o)
 .bss           0x00812a7c        0x0 ../barcode_scanner_bsp//libucosii_bsp.a(alt_dev_llist_insert.o)
 .bss           0x00812a7c        0x0 ../barcode_scanner_bsp//libucosii_bsp.a(alt_do_ctors.o)
 .bss           0x00812a7c        0x0 ../barcode_scanner_bsp//libucosii_bsp.a(alt_do_dtors.o)
 .bss           0x00812a7c        0x0 ../barcode_scanner_bsp//libucosii_bsp.a(alt_find_dev.o)
 .bss           0x00812a7c        0x0 ../barcode_scanner_bsp//libucosii_bsp.a(alt_icache_flush_all.o)
 .bss           0x00812a7c        0x0 ../barcode_scanner_bsp//libucosii_bsp.a(alt_io_redirect.o)
 .bss           0x00812a7c        0x0 ../barcode_scanner_bsp//libucosii_bsp.a(alt_irq_register.o)
 .bss           0x00812a7c        0x0 ../barcode_scanner_bsp//libucosii_bsp.a(alt_irq_vars.o)
 .bss           0x00812a7c        0x0 ../barcode_scanner_bsp//libucosii_bsp.a(alt_open.o)
 .bss           0x00812a7c        0x0 ../barcode_scanner_bsp//libucosii_bsp.a(alt_tick.o)
 .bss           0x00812a7c        0x0 ../barcode_scanner_bsp//libucosii_bsp.a(altera_nios2_qsys_irq.o)
 .bss           0x00812a7c        0x0 ../barcode_scanner_bsp//libucosii_bsp.a(os_cpu_a.o)
 .bss           0x00812a7c        0x0 ../barcode_scanner_bsp//libucosii_bsp.a(os_cpu_c.o)
 .bss           0x00812a7c        0x0 ../barcode_scanner_bsp//libucosii_bsp.a(alt_find_file.o)
 .bss           0x00812a7c        0x0 ../barcode_scanner_bsp//libucosii_bsp.a(alt_get_fd.o)
 .bss           0x00812a7c        0x0 ../barcode_scanner_bsp//libucosii_bsp.a(alt_icache_flush.o)
 .bss           0x00812a7c        0x0 ../barcode_scanner_bsp//libucosii_bsp.a(alt_irq_entry.o)
 .bss           0x00812a7c        0x0 ../barcode_scanner_bsp//libucosii_bsp.a(alt_irq_handler.o)
 .bss           0x00812a7c        0x0 ../barcode_scanner_bsp//libucosii_bsp.a(alt_exception_entry.o)
 .bss           0x00812a7c        0x0 /OPT/altera/12.1/nios2eds/bin/gnu/H-i686-pc-linux-gnu/bin/../lib/gcc/nios2-elf/4.1.2/../../../../nios2-elf/lib/libc.a(lib_a-atexit.o)
 .bss           0x00812a7c        0x0 /OPT/altera/12.1/nios2eds/bin/gnu/H-i686-pc-linux-gnu/bin/../lib/gcc/nios2-elf/4.1.2/../../../../nios2-elf/lib/libc.a(lib_a-exit.o)
 .bss           0x00812a7c        0x0 /OPT/altera/12.1/nios2eds/bin/gnu/H-i686-pc-linux-gnu/bin/../lib/gcc/nios2-elf/4.1.2/../../../../nios2-elf/lib/libc.a(lib_a-memcmp.o)
 .bss           0x00812a7c        0x0 /OPT/altera/12.1/nios2eds/bin/gnu/H-i686-pc-linux-gnu/bin/../lib/gcc/nios2-elf/4.1.2/../../../../nios2-elf/lib/libc.a(lib_a-__atexit.o)
 .bss           0x00812a7c        0x0 /OPT/altera/12.1/nios2eds/bin/gnu/H-i686-pc-linux-gnu/bin/../lib/gcc/nios2-elf/4.1.2/../../../../nios2-elf/lib/libc.a(lib_a-__call_atexit.o)
 .bss           0x00812a7c        0x0 /OPT/altera/12.1/nios2eds/bin/gnu/H-i686-pc-linux-gnu/bin/../lib/gcc/nios2-elf/4.1.2/libgcc.a(lib2-divmod.o)
 .bss           0x00812a7c        0x0 ../barcode_scanner_bsp//libucosii_bsp.a(alt_exit.o)
 *(COMMON)
 COMMON         0x00812a7c     0x4000 obj/default/main.o
                0x00812a7c                task1_stk
                0x00814a7c                task2_stk
 COMMON         0x00816a7c     0x3224 ../barcode_scanner_bsp//libucosii_bsp.a(os_core.o)
                0x00816a7c                OSFlagTbl
                0x00816dec                OSMemTbl
                0x00817a1c                OSTaskStatStk
                0x0081821c                OSQTbl
                0x008183fc                OSTaskIdleStk
                0x00818bfc                OSEventTbl
                0x0081973c                OSTCBTbl
                0x00819c4c                OSTCBPrioTbl
 COMMON         0x00819ca0      0x100 ../barcode_scanner_bsp//libucosii_bsp.a(alt_irq_handler.o)
                0x00819ca0                alt_irq
 COMMON         0x00819da0      0x190 /OPT/altera/12.1/nios2eds/bin/gnu/H-i686-pc-linux-gnu/bin/../lib/gcc/nios2-elf/4.1.2/../../../../nios2-elf/lib/libc.a(lib_a-atexit.o)
                0x00819da0                _atexit0
                0x00819f30                . = ALIGN (0x4)
                0x00819f30                __bss_end = ABSOLUTE (.)

.sdram          0x00819f30        0x0
                0x00819f30                PROVIDE (_alt_partition_sdram_start, ABSOLUTE (.))
 *(.sdram. sdram.*)
                0x00819f30                . = ALIGN (0x4)
                0x00819f30                PROVIDE (_alt_partition_sdram_end, ABSOLUTE (.))
                0x00819f30                _end = ABSOLUTE (.)
                0x00819f30                end = ABSOLUTE (.)
                0x00819f30                __alt_stack_base = ABSOLUTE (.)
                0x00819f30                PROVIDE (_alt_partition_sdram_load_addr, LOADADDR (.sdram))

.tristate_controller
                0x01400000        0x0 load address 0x00819f30
                0x01400000                PROVIDE (_alt_partition_tristate_controller_start, ABSOLUTE (.))
 *(.tristate_controller. tristate_controller.*)
                0x01400000                . = ALIGN (0x4)
                0x01400000                PROVIDE (_alt_partition_tristate_controller_end, ABSOLUTE (.))
                0x00819f30                PROVIDE (_alt_partition_tristate_controller_load_addr, LOADADDR (.tristate_controller))

.sram           0x01880000        0x0 load address 0x00819f30
                0x01880000                PROVIDE (_alt_partition_sram_start, ABSOLUTE (.))
 *(.sram. sram.*)
                0x01880000                . = ALIGN (0x4)
                0x01880000                PROVIDE (_alt_partition_sram_end, ABSOLUTE (.))
                0x00819f30                PROVIDE (_alt_partition_sram_load_addr, LOADADDR (.sram))

.onchip_memory2
                0x019041c0        0x0 load address 0x00819f30
                0x019041c0                PROVIDE (_alt_partition_onchip_memory2_start, ABSOLUTE (.))
 *(.onchip_memory2. onchip_memory2.*)
                0x019041c0                . = ALIGN (0x4)
                0x019041c0                PROVIDE (_alt_partition_onchip_memory2_end, ABSOLUTE (.))
                0x00819f30                PROVIDE (_alt_partition_onchip_memory2_load_addr, LOADADDR (.onchip_memory2))

.stab
 *(.stab)

.stabstr
 *(.stabstr)

.stab.excl
 *(.stab.excl)

.stab.exclstr
 *(.stab.exclstr)

.stab.index
 *(.stab.index)

.stab.indexstr
 *(.stab.indexstr)

.comment        0x00000000       0x26
 *(.comment)
 .comment       0x00000000       0x26 obj/default/main.o
                                 0x27 (size before relaxing)
 .comment       0x00000000       0x27 /OPT/altera/12.1/nios2eds/bin/gnu/H-i686-pc-linux-gnu/bin/../lib/gcc/nios2-elf/4.1.2/../../../../nios2-elf/lib/libc.a(lib_a-puts.o)
 .comment       0x00000000       0x27 /OPT/altera/12.1/nios2eds/bin/gnu/H-i686-pc-linux-gnu/bin/../lib/gcc/nios2-elf/4.1.2/../../../../nios2-elf/lib/libc.a(lib_a-strlen.o)
 .comment       0x00000000       0x27 /OPT/altera/12.1/nios2eds/bin/gnu/H-i686-pc-linux-gnu/bin/../lib/gcc/nios2-elf/4.1.2/../../../../nios2-elf/lib/libc.a(lib_a-fvwrite.o)
 .comment       0x00000000       0x27 /OPT/altera/12.1/nios2eds/bin/gnu/H-i686-pc-linux-gnu/bin/../lib/gcc/nios2-elf/4.1.2/../../../../nios2-elf/lib/libc.a(lib_a-impure.o)
 .comment       0x00000000       0x27 /OPT/altera/12.1/nios2eds/bin/gnu/H-i686-pc-linux-gnu/bin/../lib/gcc/nios2-elf/4.1.2/../../../../nios2-elf/lib/libc.a(lib_a-mallocr.o)
 .comment       0x00000000       0x27 /OPT/altera/12.1/nios2eds/bin/gnu/H-i686-pc-linux-gnu/bin/../lib/gcc/nios2-elf/4.1.2/../../../../nios2-elf/lib/libc.a(lib_a-memchr.o)
 .comment       0x00000000       0x27 /OPT/altera/12.1/nios2eds/bin/gnu/H-i686-pc-linux-gnu/bin/../lib/gcc/nios2-elf/4.1.2/../../../../nios2-elf/lib/libc.a(lib_a-memcpy.o)
 .comment       0x00000000       0x27 /OPT/altera/12.1/nios2eds/bin/gnu/H-i686-pc-linux-gnu/bin/../lib/gcc/nios2-elf/4.1.2/../../../../nios2-elf/lib/libc.a(lib_a-memmove.o)
 .comment       0x00000000       0x27 /OPT/altera/12.1/nios2eds/bin/gnu/H-i686-pc-linux-gnu/bin/../lib/gcc/nios2-elf/4.1.2/../../../../nios2-elf/lib/libc.a(lib_a-reallocr.o)
 .comment       0x00000000       0x27 /OPT/altera/12.1/nios2eds/bin/gnu/H-i686-pc-linux-gnu/bin/../lib/gcc/nios2-elf/4.1.2/../../../../nios2-elf/lib/libc.a(lib_a-sbrkr.o)
 .comment       0x00000000       0x27 /OPT/altera/12.1/nios2eds/bin/gnu/H-i686-pc-linux-gnu/bin/../lib/gcc/nios2-elf/4.1.2/../../../../nios2-elf/lib/libc.a(lib_a-wsetup.o)
 .comment       0x00000000       0x27 /OPT/altera/12.1/nios2eds/bin/gnu/H-i686-pc-linux-gnu/bin/../lib/gcc/nios2-elf/4.1.2/../../../../nios2-elf/lib/libc.a(lib_a-fflush.o)
 .comment       0x00000000       0x27 /OPT/altera/12.1/nios2eds/bin/gnu/H-i686-pc-linux-gnu/bin/../lib/gcc/nios2-elf/4.1.2/../../../../nios2-elf/lib/libc.a(lib_a-findfp.o)
 .comment       0x00000000       0x27 /OPT/altera/12.1/nios2eds/bin/gnu/H-i686-pc-linux-gnu/bin/../lib/gcc/nios2-elf/4.1.2/../../../../nios2-elf/lib/libc.a(lib_a-freer.o)
 .comment       0x00000000       0x27 /OPT/altera/12.1/nios2eds/bin/gnu/H-i686-pc-linux-gnu/bin/../lib/gcc/nios2-elf/4.1.2/../../../../nios2-elf/lib/libc.a(lib_a-fwalk.o)
 .comment       0x00000000       0x27 /OPT/altera/12.1/nios2eds/bin/gnu/H-i686-pc-linux-gnu/bin/../lib/gcc/nios2-elf/4.1.2/../../../../nios2-elf/lib/libc.a(lib_a-int_errno.o)
 .comment       0x00000000       0x27 /OPT/altera/12.1/nios2eds/bin/gnu/H-i686-pc-linux-gnu/bin/../lib/gcc/nios2-elf/4.1.2/../../../../nios2-elf/lib/libc.a(lib_a-makebuf.o)
 .comment       0x00000000       0x27 /OPT/altera/12.1/nios2eds/bin/gnu/H-i686-pc-linux-gnu/bin/../lib/gcc/nios2-elf/4.1.2/../../../../nios2-elf/lib/libc.a(lib_a-memset.o)
 .comment       0x00000000       0x27 /OPT/altera/12.1/nios2eds/bin/gnu/H-i686-pc-linux-gnu/bin/../lib/gcc/nios2-elf/4.1.2/../../../../nios2-elf/lib/libc.a(lib_a-stdio.o)
 .comment       0x00000000       0x27 /OPT/altera/12.1/nios2eds/bin/gnu/H-i686-pc-linux-gnu/bin/../lib/gcc/nios2-elf/4.1.2/../../../../nios2-elf/lib/libc.a(lib_a-writer.o)
 .comment       0x00000000       0x27 /OPT/altera/12.1/nios2eds/bin/gnu/H-i686-pc-linux-gnu/bin/../lib/gcc/nios2-elf/4.1.2/../../../../nios2-elf/lib/libc.a(lib_a-closer.o)
 .comment       0x00000000       0x27 /OPT/altera/12.1/nios2eds/bin/gnu/H-i686-pc-linux-gnu/bin/../lib/gcc/nios2-elf/4.1.2/../../../../nios2-elf/lib/libc.a(lib_a-fclose.o)
 .comment       0x00000000       0x27 /OPT/altera/12.1/nios2eds/bin/gnu/H-i686-pc-linux-gnu/bin/../lib/gcc/nios2-elf/4.1.2/../../../../nios2-elf/lib/libc.a(lib_a-fstatr.o)
 .comment       0x00000000       0x27 /OPT/altera/12.1/nios2eds/bin/gnu/H-i686-pc-linux-gnu/bin/../lib/gcc/nios2-elf/4.1.2/../../../../nios2-elf/lib/libc.a(lib_a-isattyr.o)
 .comment       0x00000000       0x27 /OPT/altera/12.1/nios2eds/bin/gnu/H-i686-pc-linux-gnu/bin/../lib/gcc/nios2-elf/4.1.2/../../../../nios2-elf/lib/libc.a(lib_a-lseekr.o)
 .comment       0x00000000       0x27 /OPT/altera/12.1/nios2eds/bin/gnu/H-i686-pc-linux-gnu/bin/../lib/gcc/nios2-elf/4.1.2/../../../../nios2-elf/lib/libc.a(lib_a-readr.o)
 .comment       0x00000000       0x27 ../barcode_scanner_bsp//libucosii_bsp.a(alt_close.o)
 .comment       0x00000000       0x27 ../barcode_scanner_bsp//libucosii_bsp.a(alt_dev.o)
 .comment       0x00000000       0x27 ../barcode_scanner_bsp//libucosii_bsp.a(alt_errno.o)
 .comment       0x00000000       0x27 ../barcode_scanner_bsp//libucosii_bsp.a(alt_fstat.o)
 .comment       0x00000000       0x27 ../barcode_scanner_bsp//libucosii_bsp.a(alt_isatty.o)
 .comment       0x00000000       0x27 ../barcode_scanner_bsp//libucosii_bsp.a(alt_load.o)
 .comment       0x00000000       0x27 ../barcode_scanner_bsp//libucosii_bsp.a(alt_lseek.o)
 .comment       0x00000000       0x27 ../barcode_scanner_bsp//libucosii_bsp.a(alt_main.o)
 .comment       0x00000000       0x27 ../barcode_scanner_bsp//libucosii_bsp.a(alt_read.o)
 .comment       0x00000000       0x27 ../barcode_scanner_bsp//libucosii_bsp.a(alt_release_fd.o)
 .comment       0x00000000       0x27 ../barcode_scanner_bsp//libucosii_bsp.a(alt_sbrk.o)
 .comment       0x00000000       0x27 ../barcode_scanner_bsp//libucosii_bsp.a(alt_write.o)
 .comment       0x00000000       0x27 ../barcode_scanner_bsp//libucosii_bsp.a(alt_env_lock.o)
 .comment       0x00000000       0x27 ../barcode_scanner_bsp//libucosii_bsp.a(alt_malloc_lock.o)
 .comment       0x00000000       0x27 ../barcode_scanner_bsp//libucosii_bsp.a(os_core.o)
 .comment       0x00000000       0x27 ../barcode_scanner_bsp//libucosii_bsp.a(os_dbg.o)
 .comment       0x00000000       0x27 ../barcode_scanner_bsp//libucosii_bsp.a(os_flag.o)
 .comment       0x00000000       0x27 ../barcode_scanner_bsp//libucosii_bsp.a(os_mem.o)
 .comment       0x00000000       0x27 ../barcode_scanner_bsp//libucosii_bsp.a(os_q.o)
 .comment       0x00000000       0x27 ../barcode_scanner_bsp//libucosii_bsp.a(os_sem.o)
 .comment       0x00000000       0x27 ../barcode_scanner_bsp//libucosii_bsp.a(os_task.o)
 .comment       0x00000000       0x27 ../barcode_scanner_bsp//libucosii_bsp.a(os_time.o)
 .comment       0x00000000       0x27 ../barcode_scanner_bsp//libucosii_bsp.a(alt_sys_init.o)
 .comment       0x00000000       0x27 ../barcode_scanner_bsp//libucosii_bsp.a(altera_avalon_jtag_uart_fd.o)
 .comment       0x00000000       0x27 ../barcode_scanner_bsp//libucosii_bsp.a(altera_avalon_jtag_uart_init.o)
 .comment       0x00000000       0x27 ../barcode_scanner_bsp//libucosii_bsp.a(altera_avalon_jtag_uart_ioctl.o)
 .comment       0x00000000       0x27 ../barcode_scanner_bsp//libucosii_bsp.a(altera_avalon_jtag_uart_read.o)
 .comment       0x00000000       0x27 ../barcode_scanner_bsp//libucosii_bsp.a(altera_avalon_jtag_uart_write.o)
 .comment       0x00000000       0x27 ../barcode_scanner_bsp//libucosii_bsp.a(altera_avalon_timer_sc.o)
 .comment       0x00000000       0x27 ../barcode_scanner_bsp//libucosii_bsp.a(altera_up_avalon_character_lcd.o)
 .comment       0x00000000       0x27 ../barcode_scanner_bsp//libucosii_bsp.a(altera_up_avalon_ps2.o)
 .comment       0x00000000       0x27 ../barcode_scanner_bsp//libucosii_bsp.a(alt_alarm_start.o)
 .comment       0x00000000       0x27 ../barcode_scanner_bsp//libucosii_bsp.a(alt_dcache_flush_all.o)
 .comment       0x00000000       0x27 ../barcode_scanner_bsp//libucosii_bsp.a(alt_dev_llist_insert.o)
 .comment       0x00000000       0x27 ../barcode_scanner_bsp//libucosii_bsp.a(alt_do_ctors.o)
 .comment       0x00000000       0x27 ../barcode_scanner_bsp//libucosii_bsp.a(alt_do_dtors.o)
 .comment       0x00000000       0x27 ../barcode_scanner_bsp//libucosii_bsp.a(alt_find_dev.o)
 .comment       0x00000000       0x27 ../barcode_scanner_bsp//libucosii_bsp.a(alt_icache_flush_all.o)
 .comment       0x00000000       0x27 ../barcode_scanner_bsp//libucosii_bsp.a(alt_io_redirect.o)
 .comment       0x00000000       0x27 ../barcode_scanner_bsp//libucosii_bsp.a(alt_irq_register.o)
 .comment       0x00000000       0x27 ../barcode_scanner_bsp//libucosii_bsp.a(alt_irq_vars.o)
 .comment       0x00000000       0x27 ../barcode_scanner_bsp//libucosii_bsp.a(alt_open.o)
 .comment       0x00000000       0x27 ../barcode_scanner_bsp//libucosii_bsp.a(alt_tick.o)
 .comment       0x00000000       0x27 ../barcode_scanner_bsp//libucosii_bsp.a(altera_nios2_qsys_irq.o)
 .comment       0x00000000       0x27 ../barcode_scanner_bsp//libucosii_bsp.a(os_cpu_c.o)
 .comment       0x00000000       0x27 ../barcode_scanner_bsp//libucosii_bsp.a(alt_find_file.o)
 .comment       0x00000000       0x27 ../barcode_scanner_bsp//libucosii_bsp.a(alt_get_fd.o)
 .comment       0x00000000       0x27 ../barcode_scanner_bsp//libucosii_bsp.a(alt_icache_flush.o)
 .comment       0x00000000       0x27 ../barcode_scanner_bsp//libucosii_bsp.a(alt_irq_handler.o)
 .comment       0x00000000       0x27 /OPT/altera/12.1/nios2eds/bin/gnu/H-i686-pc-linux-gnu/bin/../lib/gcc/nios2-elf/4.1.2/../../../../nios2-elf/lib/libc.a(lib_a-atexit.o)
 .comment       0x00000000       0x27 /OPT/altera/12.1/nios2eds/bin/gnu/H-i686-pc-linux-gnu/bin/../lib/gcc/nios2-elf/4.1.2/../../../../nios2-elf/lib/libc.a(lib_a-exit.o)
 .comment       0x00000000       0x27 /OPT/altera/12.1/nios2eds/bin/gnu/H-i686-pc-linux-gnu/bin/../lib/gcc/nios2-elf/4.1.2/../../../../nios2-elf/lib/libc.a(lib_a-memcmp.o)
 .comment       0x00000000       0x27 /OPT/altera/12.1/nios2eds/bin/gnu/H-i686-pc-linux-gnu/bin/../lib/gcc/nios2-elf/4.1.2/../../../../nios2-elf/lib/libc.a(lib_a-__atexit.o)
 .comment       0x00000000       0x27 /OPT/altera/12.1/nios2eds/bin/gnu/H-i686-pc-linux-gnu/bin/../lib/gcc/nios2-elf/4.1.2/../../../../nios2-elf/lib/libc.a(lib_a-__call_atexit.o)
 .comment       0x00000000       0x27 /OPT/altera/12.1/nios2eds/bin/gnu/H-i686-pc-linux-gnu/bin/../lib/gcc/nios2-elf/4.1.2/libgcc.a(lib2-divmod.o)
 .comment       0x00000000       0x27 ../barcode_scanner_bsp//libucosii_bsp.a(alt_exit.o)

.debug
 *(.debug)

.line
 *(.line)

.debug_srcinfo
 *(.debug_srcinfo)

.debug_sfnames
 *(.debug_sfnames)

.debug_aranges  0x00000000      0xa98
 *(.debug_aranges)
 .debug_aranges
                0x00000000       0x28 ../barcode_scanner_bsp//obj/HAL/src/crt0.o
 .debug_aranges
                0x00000028       0x20 obj/default/main.o
 .debug_aranges
                0x00000048       0x20 /OPT/altera/12.1/nios2eds/bin/gnu/H-i686-pc-linux-gnu/bin/../lib/gcc/nios2-elf/4.1.2/../../../../nios2-elf/lib/libc.a(lib_a-puts.o)
 .debug_aranges
                0x00000068       0x20 /OPT/altera/12.1/nios2eds/bin/gnu/H-i686-pc-linux-gnu/bin/../lib/gcc/nios2-elf/4.1.2/../../../../nios2-elf/lib/libc.a(lib_a-strlen.o)
 .debug_aranges
                0x00000088       0x20 /OPT/altera/12.1/nios2eds/bin/gnu/H-i686-pc-linux-gnu/bin/../lib/gcc/nios2-elf/4.1.2/../../../../nios2-elf/lib/libc.a(lib_a-fvwrite.o)
 .debug_aranges
                0x000000a8       0x20 /OPT/altera/12.1/nios2eds/bin/gnu/H-i686-pc-linux-gnu/bin/../lib/gcc/nios2-elf/4.1.2/../../../../nios2-elf/lib/libc.a(lib_a-mallocr.o)
 .debug_aranges
                0x000000c8       0x20 /OPT/altera/12.1/nios2eds/bin/gnu/H-i686-pc-linux-gnu/bin/../lib/gcc/nios2-elf/4.1.2/../../../../nios2-elf/lib/libc.a(lib_a-memchr.o)
 .debug_aranges
                0x000000e8       0x20 /OPT/altera/12.1/nios2eds/bin/gnu/H-i686-pc-linux-gnu/bin/../lib/gcc/nios2-elf/4.1.2/../../../../nios2-elf/lib/libc.a(lib_a-memcpy.o)
 .debug_aranges
                0x00000108       0x20 /OPT/altera/12.1/nios2eds/bin/gnu/H-i686-pc-linux-gnu/bin/../lib/gcc/nios2-elf/4.1.2/../../../../nios2-elf/lib/libc.a(lib_a-memmove.o)
 .debug_aranges
                0x00000128       0x20 /OPT/altera/12.1/nios2eds/bin/gnu/H-i686-pc-linux-gnu/bin/../lib/gcc/nios2-elf/4.1.2/../../../../nios2-elf/lib/libc.a(lib_a-reallocr.o)
 .debug_aranges
                0x00000148       0x20 /OPT/altera/12.1/nios2eds/bin/gnu/H-i686-pc-linux-gnu/bin/../lib/gcc/nios2-elf/4.1.2/../../../../nios2-elf/lib/libc.a(lib_a-sbrkr.o)
 .debug_aranges
                0x00000168       0x20 /OPT/altera/12.1/nios2eds/bin/gnu/H-i686-pc-linux-gnu/bin/../lib/gcc/nios2-elf/4.1.2/../../../../nios2-elf/lib/libc.a(lib_a-wsetup.o)
 .debug_aranges
                0x00000188       0x20 /OPT/altera/12.1/nios2eds/bin/gnu/H-i686-pc-linux-gnu/bin/../lib/gcc/nios2-elf/4.1.2/../../../../nios2-elf/lib/libc.a(lib_a-fflush.o)
 .debug_aranges
                0x000001a8       0x20 /OPT/altera/12.1/nios2eds/bin/gnu/H-i686-pc-linux-gnu/bin/../lib/gcc/nios2-elf/4.1.2/../../../../nios2-elf/lib/libc.a(lib_a-findfp.o)
 .debug_aranges
                0x000001c8       0x20 /OPT/altera/12.1/nios2eds/bin/gnu/H-i686-pc-linux-gnu/bin/../lib/gcc/nios2-elf/4.1.2/../../../../nios2-elf/lib/libc.a(lib_a-freer.o)
 .debug_aranges
                0x000001e8       0x20 /OPT/altera/12.1/nios2eds/bin/gnu/H-i686-pc-linux-gnu/bin/../lib/gcc/nios2-elf/4.1.2/../../../../nios2-elf/lib/libc.a(lib_a-fwalk.o)
 .debug_aranges
                0x00000208       0x20 /OPT/altera/12.1/nios2eds/bin/gnu/H-i686-pc-linux-gnu/bin/../lib/gcc/nios2-elf/4.1.2/../../../../nios2-elf/lib/libc.a(lib_a-makebuf.o)
 .debug_aranges
                0x00000228       0x20 /OPT/altera/12.1/nios2eds/bin/gnu/H-i686-pc-linux-gnu/bin/../lib/gcc/nios2-elf/4.1.2/../../../../nios2-elf/lib/libc.a(lib_a-memset.o)
 .debug_aranges
                0x00000248       0x20 /OPT/altera/12.1/nios2eds/bin/gnu/H-i686-pc-linux-gnu/bin/../lib/gcc/nios2-elf/4.1.2/../../../../nios2-elf/lib/libc.a(lib_a-stdio.o)
 .debug_aranges
                0x00000268       0x20 /OPT/altera/12.1/nios2eds/bin/gnu/H-i686-pc-linux-gnu/bin/../lib/gcc/nios2-elf/4.1.2/../../../../nios2-elf/lib/libc.a(lib_a-writer.o)
 .debug_aranges
                0x00000288       0x20 /OPT/altera/12.1/nios2eds/bin/gnu/H-i686-pc-linux-gnu/bin/../lib/gcc/nios2-elf/4.1.2/../../../../nios2-elf/lib/libc.a(lib_a-closer.o)
 .debug_aranges
                0x000002a8       0x20 /OPT/altera/12.1/nios2eds/bin/gnu/H-i686-pc-linux-gnu/bin/../lib/gcc/nios2-elf/4.1.2/../../../../nios2-elf/lib/libc.a(lib_a-fclose.o)
 .debug_aranges
                0x000002c8       0x20 /OPT/altera/12.1/nios2eds/bin/gnu/H-i686-pc-linux-gnu/bin/../lib/gcc/nios2-elf/4.1.2/../../../../nios2-elf/lib/libc.a(lib_a-fstatr.o)
 .debug_aranges
                0x000002e8       0x20 /OPT/altera/12.1/nios2eds/bin/gnu/H-i686-pc-linux-gnu/bin/../lib/gcc/nios2-elf/4.1.2/../../../../nios2-elf/lib/libc.a(lib_a-isattyr.o)
 .debug_aranges
                0x00000308       0x20 /OPT/altera/12.1/nios2eds/bin/gnu/H-i686-pc-linux-gnu/bin/../lib/gcc/nios2-elf/4.1.2/../../../../nios2-elf/lib/libc.a(lib_a-lseekr.o)
 .debug_aranges
                0x00000328       0x20 /OPT/altera/12.1/nios2eds/bin/gnu/H-i686-pc-linux-gnu/bin/../lib/gcc/nios2-elf/4.1.2/../../../../nios2-elf/lib/libc.a(lib_a-readr.o)
 .debug_aranges
                0x00000348       0x20 ../barcode_scanner_bsp//libucosii_bsp.a(alt_close.o)
 .debug_aranges
                0x00000368       0x20 ../barcode_scanner_bsp//libucosii_bsp.a(alt_dev.o)
 .debug_aranges
                0x00000388       0x20 ../barcode_scanner_bsp//libucosii_bsp.a(alt_fstat.o)
 .debug_aranges
                0x000003a8       0x20 ../barcode_scanner_bsp//libucosii_bsp.a(alt_isatty.o)
 .debug_aranges
                0x000003c8       0x20 ../barcode_scanner_bsp//libucosii_bsp.a(alt_load.o)
 .debug_aranges
                0x000003e8       0x20 ../barcode_scanner_bsp//libucosii_bsp.a(alt_lseek.o)
 .debug_aranges
                0x00000408       0x20 ../barcode_scanner_bsp//libucosii_bsp.a(alt_main.o)
 .debug_aranges
                0x00000428       0x20 ../barcode_scanner_bsp//libucosii_bsp.a(alt_read.o)
 .debug_aranges
                0x00000448       0x20 ../barcode_scanner_bsp//libucosii_bsp.a(alt_release_fd.o)
 .debug_aranges
                0x00000468       0x20 ../barcode_scanner_bsp//libucosii_bsp.a(alt_sbrk.o)
 .debug_aranges
                0x00000488       0x20 ../barcode_scanner_bsp//libucosii_bsp.a(alt_write.o)
 .debug_aranges
                0x000004a8       0x20 ../barcode_scanner_bsp//libucosii_bsp.a(alt_env_lock.o)
 .debug_aranges
                0x000004c8       0x20 ../barcode_scanner_bsp//libucosii_bsp.a(alt_malloc_lock.o)
 .debug_aranges
                0x000004e8       0x20 ../barcode_scanner_bsp//libucosii_bsp.a(os_core.o)
 .debug_aranges
                0x00000508       0x20 ../barcode_scanner_bsp//libucosii_bsp.a(os_dbg.o)
 .debug_aranges
                0x00000528       0x20 ../barcode_scanner_bsp//libucosii_bsp.a(os_flag.o)
 .debug_aranges
                0x00000548       0x20 ../barcode_scanner_bsp//libucosii_bsp.a(os_mem.o)
 .debug_aranges
                0x00000568       0x20 ../barcode_scanner_bsp//libucosii_bsp.a(os_q.o)
 .debug_aranges
                0x00000588       0x20 ../barcode_scanner_bsp//libucosii_bsp.a(os_sem.o)
 .debug_aranges
                0x000005a8       0x20 ../barcode_scanner_bsp//libucosii_bsp.a(os_task.o)
 .debug_aranges
                0x000005c8       0x20 ../barcode_scanner_bsp//libucosii_bsp.a(os_time.o)
 .debug_aranges
                0x000005e8       0x20 ../barcode_scanner_bsp//libucosii_bsp.a(alt_sys_init.o)
 .debug_aranges
                0x00000608       0x20 ../barcode_scanner_bsp//libucosii_bsp.a(altera_avalon_jtag_uart_fd.o)
 .debug_aranges
                0x00000628       0x20 ../barcode_scanner_bsp//libucosii_bsp.a(altera_avalon_jtag_uart_init.o)
 .debug_aranges
                0x00000648       0x20 ../barcode_scanner_bsp//libucosii_bsp.a(altera_avalon_jtag_uart_ioctl.o)
 .debug_aranges
                0x00000668       0x20 ../barcode_scanner_bsp//libucosii_bsp.a(altera_avalon_jtag_uart_read.o)
 .debug_aranges
                0x00000688       0x20 ../barcode_scanner_bsp//libucosii_bsp.a(altera_avalon_jtag_uart_write.o)
 .debug_aranges
                0x000006a8       0x20 ../barcode_scanner_bsp//libucosii_bsp.a(altera_avalon_timer_sc.o)
 .debug_aranges
                0x000006c8       0x20 ../barcode_scanner_bsp//libucosii_bsp.a(altera_up_avalon_character_lcd.o)
 .debug_aranges
                0x000006e8       0x20 ../barcode_scanner_bsp//libucosii_bsp.a(altera_up_avalon_ps2.o)
 .debug_aranges
                0x00000708       0x20 ../barcode_scanner_bsp//libucosii_bsp.a(alt_alarm_start.o)
 .debug_aranges
                0x00000728       0x20 ../barcode_scanner_bsp//libucosii_bsp.a(alt_dcache_flush_all.o)
 .debug_aranges
                0x00000748       0x20 ../barcode_scanner_bsp//libucosii_bsp.a(alt_dev_llist_insert.o)
 .debug_aranges
                0x00000768       0x20 ../barcode_scanner_bsp//libucosii_bsp.a(alt_do_ctors.o)
 .debug_aranges
                0x00000788       0x20 ../barcode_scanner_bsp//libucosii_bsp.a(alt_do_dtors.o)
 .debug_aranges
                0x000007a8       0x20 ../barcode_scanner_bsp//libucosii_bsp.a(alt_find_dev.o)
 .debug_aranges
                0x000007c8       0x20 ../barcode_scanner_bsp//libucosii_bsp.a(alt_icache_flush_all.o)
 .debug_aranges
                0x000007e8       0x20 ../barcode_scanner_bsp//libucosii_bsp.a(alt_io_redirect.o)
 .debug_aranges
                0x00000808       0x20 ../barcode_scanner_bsp//libucosii_bsp.a(alt_irq_register.o)
 .debug_aranges
                0x00000828       0x20 ../barcode_scanner_bsp//libucosii_bsp.a(alt_open.o)
 .debug_aranges
                0x00000848       0x20 ../barcode_scanner_bsp//libucosii_bsp.a(alt_tick.o)
 .debug_aranges
                0x00000868       0x20 ../barcode_scanner_bsp//libucosii_bsp.a(altera_nios2_qsys_irq.o)
 .debug_aranges
                0x00000888       0x20 ../barcode_scanner_bsp//libucosii_bsp.a(os_cpu_a.o)
 .debug_aranges
                0x000008a8       0x20 ../barcode_scanner_bsp//libucosii_bsp.a(os_cpu_c.o)
 .debug_aranges
                0x000008c8       0x20 ../barcode_scanner_bsp//libucosii_bsp.a(alt_find_file.o)
 .debug_aranges
                0x000008e8       0x20 ../barcode_scanner_bsp//libucosii_bsp.a(alt_get_fd.o)
 .debug_aranges
                0x00000908       0x20 ../barcode_scanner_bsp//libucosii_bsp.a(alt_icache_flush.o)
 .debug_aranges
                0x00000928       0x30 ../barcode_scanner_bsp//libucosii_bsp.a(alt_irq_entry.o)
 .debug_aranges
                0x00000958       0x28 ../barcode_scanner_bsp//libucosii_bsp.a(alt_irq_handler.o)
 .debug_aranges
                0x00000980       0x38 ../barcode_scanner_bsp//libucosii_bsp.a(alt_exception_entry.o)
 .debug_aranges
                0x000009b8       0x20 /OPT/altera/12.1/nios2eds/bin/gnu/H-i686-pc-linux-gnu/bin/../lib/gcc/nios2-elf/4.1.2/../../../../nios2-elf/lib/libc.a(lib_a-atexit.o)
 .debug_aranges
                0x000009d8       0x20 /OPT/altera/12.1/nios2eds/bin/gnu/H-i686-pc-linux-gnu/bin/../lib/gcc/nios2-elf/4.1.2/../../../../nios2-elf/lib/libc.a(lib_a-exit.o)
 .debug_aranges
                0x000009f8       0x20 /OPT/altera/12.1/nios2eds/bin/gnu/H-i686-pc-linux-gnu/bin/../lib/gcc/nios2-elf/4.1.2/../../../../nios2-elf/lib/libc.a(lib_a-memcmp.o)
 .debug_aranges
                0x00000a18       0x20 /OPT/altera/12.1/nios2eds/bin/gnu/H-i686-pc-linux-gnu/bin/../lib/gcc/nios2-elf/4.1.2/../../../../nios2-elf/lib/libc.a(lib_a-__atexit.o)
 .debug_aranges
                0x00000a38       0x20 /OPT/altera/12.1/nios2eds/bin/gnu/H-i686-pc-linux-gnu/bin/../lib/gcc/nios2-elf/4.1.2/../../../../nios2-elf/lib/libc.a(lib_a-__call_atexit.o)
 .debug_aranges
                0x00000a58       0x20 /OPT/altera/12.1/nios2eds/bin/gnu/H-i686-pc-linux-gnu/bin/../lib/gcc/nios2-elf/4.1.2/libgcc.a(lib2-divmod.o)
 .debug_aranges
                0x00000a78       0x20 ../barcode_scanner_bsp//libucosii_bsp.a(alt_exit.o)

.debug_pubnames
                0x00000000     0x1dc7
 *(.debug_pubnames)
 .debug_pubnames
                0x00000000       0x4b obj/default/main.o
 .debug_pubnames
                0x0000004b       0x27 /OPT/altera/12.1/nios2eds/bin/gnu/H-i686-pc-linux-gnu/bin/../lib/gcc/nios2-elf/4.1.2/../../../../nios2-elf/lib/libc.a(lib_a-puts.o)
 .debug_pubnames
                0x00000072       0x1d /OPT/altera/12.1/nios2eds/bin/gnu/H-i686-pc-linux-gnu/bin/../lib/gcc/nios2-elf/4.1.2/../../../../nios2-elf/lib/libc.a(lib_a-strlen.o)
 .debug_pubnames
                0x0000008f       0x23 /OPT/altera/12.1/nios2eds/bin/gnu/H-i686-pc-linux-gnu/bin/../lib/gcc/nios2-elf/4.1.2/../../../../nios2-elf/lib/libc.a(lib_a-fvwrite.o)
 .debug_pubnames
                0x000000b2       0x39 /OPT/altera/12.1/nios2eds/bin/gnu/H-i686-pc-linux-gnu/bin/../lib/gcc/nios2-elf/4.1.2/../../../../nios2-elf/lib/libc.a(lib_a-impure.o)
 .debug_pubnames
                0x000000eb       0xce /OPT/altera/12.1/nios2eds/bin/gnu/H-i686-pc-linux-gnu/bin/../lib/gcc/nios2-elf/4.1.2/../../../../nios2-elf/lib/libc.a(lib_a-mallocr.o)
 .debug_pubnames
                0x000001b9       0x1d /OPT/altera/12.1/nios2eds/bin/gnu/H-i686-pc-linux-gnu/bin/../lib/gcc/nios2-elf/4.1.2/../../../../nios2-elf/lib/libc.a(lib_a-memchr.o)
 .debug_pubnames
                0x000001d6       0x1d /OPT/altera/12.1/nios2eds/bin/gnu/H-i686-pc-linux-gnu/bin/../lib/gcc/nios2-elf/4.1.2/../../../../nios2-elf/lib/libc.a(lib_a-memcpy.o)
 .debug_pubnames
                0x000001f3       0x1e /OPT/altera/12.1/nios2eds/bin/gnu/H-i686-pc-linux-gnu/bin/../lib/gcc/nios2-elf/4.1.2/../../../../nios2-elf/lib/libc.a(lib_a-memmove.o)
 .debug_pubnames
                0x00000211       0x21 /OPT/altera/12.1/nios2eds/bin/gnu/H-i686-pc-linux-gnu/bin/../lib/gcc/nios2-elf/4.1.2/../../../../nios2-elf/lib/libc.a(lib_a-reallocr.o)
 .debug_pubnames
                0x00000232       0x1e /OPT/altera/12.1/nios2eds/bin/gnu/H-i686-pc-linux-gnu/bin/../lib/gcc/nios2-elf/4.1.2/../../../../nios2-elf/lib/libc.a(lib_a-sbrkr.o)
 .debug_pubnames
                0x00000250       0x22 /OPT/altera/12.1/nios2eds/bin/gnu/H-i686-pc-linux-gnu/bin/../lib/gcc/nios2-elf/4.1.2/../../../../nios2-elf/lib/libc.a(lib_a-wsetup.o)
 .debug_pubnames
                0x00000272       0x2b /OPT/altera/12.1/nios2eds/bin/gnu/H-i686-pc-linux-gnu/bin/../lib/gcc/nios2-elf/4.1.2/../../../../nios2-elf/lib/libc.a(lib_a-fflush.o)
 .debug_pubnames
                0x0000029d       0xdb /OPT/altera/12.1/nios2eds/bin/gnu/H-i686-pc-linux-gnu/bin/../lib/gcc/nios2-elf/4.1.2/../../../../nios2-elf/lib/libc.a(lib_a-findfp.o)
 .debug_pubnames
                0x00000378       0x31 /OPT/altera/12.1/nios2eds/bin/gnu/H-i686-pc-linux-gnu/bin/../lib/gcc/nios2-elf/4.1.2/../../../../nios2-elf/lib/libc.a(lib_a-freer.o)
 .debug_pubnames
                0x000003a9       0x2e /OPT/altera/12.1/nios2eds/bin/gnu/H-i686-pc-linux-gnu/bin/../lib/gcc/nios2-elf/4.1.2/../../../../nios2-elf/lib/libc.a(lib_a-fwalk.o)
 .debug_pubnames
                0x000003d7       0x1c /OPT/altera/12.1/nios2eds/bin/gnu/H-i686-pc-linux-gnu/bin/../lib/gcc/nios2-elf/4.1.2/../../../../nios2-elf/lib/libc.a(lib_a-int_errno.o)
 .debug_pubnames
                0x000003f3       0x23 /OPT/altera/12.1/nios2eds/bin/gnu/H-i686-pc-linux-gnu/bin/../lib/gcc/nios2-elf/4.1.2/../../../../nios2-elf/lib/libc.a(lib_a-makebuf.o)
 .debug_pubnames
                0x00000416       0x1d /OPT/altera/12.1/nios2eds/bin/gnu/H-i686-pc-linux-gnu/bin/../lib/gcc/nios2-elf/4.1.2/../../../../nios2-elf/lib/libc.a(lib_a-memset.o)
 .debug_pubnames
                0x00000433       0x44 /OPT/altera/12.1/nios2eds/bin/gnu/H-i686-pc-linux-gnu/bin/../lib/gcc/nios2-elf/4.1.2/../../../../nios2-elf/lib/libc.a(lib_a-stdio.o)
 .debug_pubnames
                0x00000477       0x1f /OPT/altera/12.1/nios2eds/bin/gnu/H-i686-pc-linux-gnu/bin/../lib/gcc/nios2-elf/4.1.2/../../../../nios2-elf/lib/libc.a(lib_a-writer.o)
 .debug_pubnames
                0x00000496       0x1f /OPT/altera/12.1/nios2eds/bin/gnu/H-i686-pc-linux-gnu/bin/../lib/gcc/nios2-elf/4.1.2/../../../../nios2-elf/lib/libc.a(lib_a-closer.o)
 .debug_pubnames
                0x000004b5       0x2b /OPT/altera/12.1/nios2eds/bin/gnu/H-i686-pc-linux-gnu/bin/../lib/gcc/nios2-elf/4.1.2/../../../../nios2-elf/lib/libc.a(lib_a-fclose.o)
 .debug_pubnames
                0x000004e0       0x1f /OPT/altera/12.1/nios2eds/bin/gnu/H-i686-pc-linux-gnu/bin/../lib/gcc/nios2-elf/4.1.2/../../../../nios2-elf/lib/libc.a(lib_a-fstatr.o)
 .debug_pubnames
                0x000004ff       0x20 /OPT/altera/12.1/nios2eds/bin/gnu/H-i686-pc-linux-gnu/bin/../lib/gcc/nios2-elf/4.1.2/../../../../nios2-elf/lib/libc.a(lib_a-isattyr.o)
 .debug_pubnames
                0x0000051f       0x1f /OPT/altera/12.1/nios2eds/bin/gnu/H-i686-pc-linux-gnu/bin/../lib/gcc/nios2-elf/4.1.2/../../../../nios2-elf/lib/libc.a(lib_a-lseekr.o)
 .debug_pubnames
                0x0000053e       0x1e /OPT/altera/12.1/nios2eds/bin/gnu/H-i686-pc-linux-gnu/bin/../lib/gcc/nios2-elf/4.1.2/../../../../nios2-elf/lib/libc.a(lib_a-readr.o)
 .debug_pubnames
                0x0000055c       0x1c ../barcode_scanner_bsp//libucosii_bsp.a(alt_close.o)
 .debug_pubnames
                0x00000578       0x78 ../barcode_scanner_bsp//libucosii_bsp.a(alt_dev.o)
 .debug_pubnames
                0x000005f0       0x20 ../barcode_scanner_bsp//libucosii_bsp.a(alt_errno.o)
 .debug_pubnames
                0x00000610       0x1c ../barcode_scanner_bsp//libucosii_bsp.a(alt_fstat.o)
 .debug_pubnames
                0x0000062c       0x1d ../barcode_scanner_bsp//libucosii_bsp.a(alt_isatty.o)
 .debug_pubnames
                0x00000649       0x1f ../barcode_scanner_bsp//libucosii_bsp.a(alt_load.o)
 .debug_pubnames
                0x00000668       0x1c ../barcode_scanner_bsp//libucosii_bsp.a(alt_lseek.o)
 .debug_pubnames
                0x00000684       0x46 ../barcode_scanner_bsp//libucosii_bsp.a(alt_main.o)
 .debug_pubnames
                0x000006ca       0x1b ../barcode_scanner_bsp//libucosii_bsp.a(alt_read.o)
 .debug_pubnames
                0x000006e5       0x25 ../barcode_scanner_bsp//libucosii_bsp.a(alt_release_fd.o)
 .debug_pubnames
                0x0000070a       0x1b ../barcode_scanner_bsp//libucosii_bsp.a(alt_sbrk.o)
 .debug_pubnames
                0x00000725       0x1c ../barcode_scanner_bsp//libucosii_bsp.a(alt_write.o)
 .debug_pubnames
                0x00000741       0x41 ../barcode_scanner_bsp//libucosii_bsp.a(alt_env_lock.o)